
*** Running vivado
    with args -log design_1_clk_wiz_0_2.vds -m64 -product Vivado -mode batch -messageDb vivado.pb -notrace -source design_1_clk_wiz_0_2.tcl


****** Vivado v2023.2 (64-bit)
  **** SW Build 4029153 on Fri Oct 13 20:13:54 MDT 2023
  **** IP Build 4028589 on Sat Oct 14 00:45:43 MDT 2023
  **** SharedData Build 4025554 on Tue Oct 10 17:18:54 MDT 2023
    ** Copyright 1986-2022 Xilinx, Inc. All Rights Reserved.
    ** Copyright 2022-2023 Advanced Micro Devices, Inc. All Rights Reserved.

source design_1_clk_wiz_0_2.tcl -notrace
create_project: Time (s): cpu = 00:00:11 ; elapsed = 00:00:11 . Memory (MB): peak = 1324.391 ; gain = 0.027 ; free physical = 4247 ; free virtual = 8163
INFO: [IP_Flow 19-234] Refreshing IP repositories
INFO: [IP_Flow 19-1700] Loaded user IP repository '/home/vinhphat-josh/Repos/Chaos_Based_Symmetric_Image_Encryption/vivado/fixedLengthRO_TRNG_ip_repo'.
INFO: [IP_Flow 19-2313] Loaded Vivado IP repository '/tools/Xilinx/Vivado/2023.2/data/ip'.
INFO: [IP_Flow 19-6924] IPCACHE: Running cache check for IP inst: design_1_clk_wiz_0_2
Command: synth_design -top design_1_clk_wiz_0_2 -part xc7z020clg400-1 -incremental_mode off -mode out_of_context
Starting synth_design
Attempting to get a license for feature 'Synthesis' and/or device 'xc7z020'
INFO: [Common 17-349] Got license for feature 'Synthesis' and/or device 'xc7z020'
INFO: [Device 21-403] Loading part xc7z020clg400-1
INFO: [Synth 8-7079] Multithreading enabled for synth_design using a maximum of 4 processes.
INFO: [Synth 8-7078] Launching helper process for spawning children vivado processes
INFO: [Synth 8-7075] Helper process launched with PID 19087
---------------------------------------------------------------------------------
Starting RTL Elaboration : Time (s): cpu = 00:00:07 ; elapsed = 00:00:07 . Memory (MB): peak = 2041.637 ; gain = 402.746 ; free physical = 2221 ; free virtual = 6184
---------------------------------------------------------------------------------
INFO: [Synth 8-6157] synthesizing module 'design_1_clk_wiz_0_2' [/home/vinhphat-josh/Repos/Chaos_Based_Symmetric_Image_Encryption/vivado/fixedLengthRO_TRNG/fixedLengthRO_TRNG/fixedLengthRO_TRNG.gen/sources_1/bd/design_1/ip/design_1_clk_wiz_0_2/design_1_clk_wiz_0_2.v:65]
INFO: [Synth 8-6157] synthesizing module 'design_1_clk_wiz_0_2_clk_wiz' [/home/vinhphat-josh/Repos/Chaos_Based_Symmetric_Image_Encryption/vivado/fixedLengthRO_TRNG/fixedLengthRO_TRNG/fixedLengthRO_TRNG.gen/sources_1/bd/design_1/ip/design_1_clk_wiz_0_2/design_1_clk_wiz_0_2_clk_wiz.v:65]
INFO: [Synth 8-6157] synthesizing module 'IBUF' [/tools/Xilinx/Vivado/2023.2/scripts/rt/data/unisim_comp.v:73631]
INFO: [Synth 8-6155] done synthesizing module 'IBUF' (0#1) [/tools/Xilinx/Vivado/2023.2/scripts/rt/data/unisim_comp.v:73631]
INFO: [Synth 8-6157] synthesizing module 'MMCME2_ADV' [/tools/Xilinx/Vivado/2023.2/scripts/rt/data/unisim_comp.v:82174]
	Parameter BANDWIDTH bound to: OPTIMIZED - type: string 
	Parameter CLKFBOUT_MULT_F bound to: 50.250000 - type: double 
	Parameter CLKFBOUT_PHASE bound to: 0.000000 - type: double 
	Parameter CLKFBOUT_USE_FINE_PS bound to: FALSE - type: string 
	Parameter CLKIN1_PERIOD bound to: 10.000000 - type: double 
	Parameter CLKOUT0_DIVIDE_F bound to: 41.875000 - type: double 
	Parameter CLKOUT0_DUTY_CYCLE bound to: 0.500000 - type: double 
	Parameter CLKOUT0_PHASE bound to: 0.000000 - type: double 
	Parameter CLKOUT0_USE_FINE_PS bound to: FALSE - type: string 
	Parameter CLKOUT4_CASCADE bound to: FALSE - type: string 
	Parameter COMPENSATION bound to: ZHOLD - type: string 
	Parameter DIVCLK_DIVIDE bound to: 5 - type: integer 
	Parameter STARTUP_WAIT bound to: FALSE - type: string 
INFO: [Synth 8-6155] done synthesizing module 'MMCME2_ADV' (0#1) [/tools/Xilinx/Vivado/2023.2/scripts/rt/data/unisim_comp.v:82174]
INFO: [Synth 8-6157] synthesizing module 'BUFG' [/tools/Xilinx/Vivado/2023.2/scripts/rt/data/unisim_comp.v:1951]
INFO: [Synth 8-6155] done synthesizing module 'BUFG' (0#1) [/tools/Xilinx/Vivado/2023.2/scripts/rt/data/unisim_comp.v:1951]
INFO: [Synth 8-6155] done synthesizing module 'design_1_clk_wiz_0_2_clk_wiz' (0#1) [/home/vinhphat-josh/Repos/Chaos_Based_Symmetric_Image_Encryption/vivado/fixedLengthRO_TRNG/fixedLengthRO_TRNG/fixedLengthRO_TRNG.gen/sources_1/bd/design_1/ip/design_1_clk_wiz_0_2/design_1_clk_wiz_0_2_clk_wiz.v:65]
INFO: [Synth 8-6155] done synthesizing module 'design_1_clk_wiz_0_2' (0#1) [/home/vinhphat-josh/Repos/Chaos_Based_Symmetric_Image_Encryption/vivado/fixedLengthRO_TRNG/fixedLengthRO_TRNG/fixedLengthRO_TRNG.gen/sources_1/bd/design_1/ip/design_1_clk_wiz_0_2/design_1_clk_wiz_0_2.v:65]
---------------------------------------------------------------------------------
Finished RTL Elaboration : Time (s): cpu = 00:00:10 ; elapsed = 00:00:10 . Memory (MB): peak = 2121.605 ; gain = 482.715 ; free physical = 2020 ; free virtual = 5985
---------------------------------------------------------------------------------
---------------------------------------------------------------------------------
Start Handling Custom Attributes
---------------------------------------------------------------------------------
---------------------------------------------------------------------------------
Finished Handling Custom Attributes : Time (s): cpu = 00:00:10 ; elapsed = 00:00:10 . Memory (MB): peak = 2136.449 ; gain = 497.559 ; free physical = 2019 ; free virtual = 5984
---------------------------------------------------------------------------------
---------------------------------------------------------------------------------
Finished RTL Optimization Phase 1 : Time (s): cpu = 00:00:10 ; elapsed = 00:00:10 . Memory (MB): peak = 2136.449 ; gain = 497.559 ; free physical = 2019 ; free virtual = 5984
---------------------------------------------------------------------------------
Netlist sorting complete. Time (s): cpu = 00:00:00 ; elapsed = 00:00:00 . Memory (MB): peak = 2142.387 ; gain = 0.000 ; free physical = 2018 ; free virtual = 5983
INFO: [Netlist 29-17] Analyzing 1 Unisim elements for replacement
INFO: [Netlist 29-28] Unisim Transformation completed in 0 CPU seconds
INFO: [Project 1-570] Preparing netlist for logic optimization

Processing XDC Constraints
Initializing timing engine
Parsing XDC File [/home/vinhphat-josh/Repos/Chaos_Based_Symmetric_Image_Encryption/vivado/fixedLengthRO_TRNG/fixedLengthRO_TRNG/fixedLengthRO_TRNG.gen/sources_1/bd/design_1/ip/design_1_clk_wiz_0_2/design_1_clk_wiz_0_2_ooc.xdc] for cell 'inst'
Finished Parsing XDC File [/home/vinhphat-josh/Repos/Chaos_Based_Symmetric_Image_Encryption/vivado/fixedLengthRO_TRNG/fixedLengthRO_TRNG/fixedLengthRO_TRNG.gen/sources_1/bd/design_1/ip/design_1_clk_wiz_0_2/design_1_clk_wiz_0_2_ooc.xdc] for cell 'inst'
Parsing XDC File [/home/vinhphat-josh/Repos/Chaos_Based_Symmetric_Image_Encryption/vivado/fixedLengthRO_TRNG/fixedLengthRO_TRNG/fixedLengthRO_TRNG.gen/sources_1/bd/design_1/ip/design_1_clk_wiz_0_2/design_1_clk_wiz_0_2_board.xdc] for cell 'inst'
Finished Parsing XDC File [/home/vinhphat-josh/Repos/Chaos_Based_Symmetric_Image_Encryption/vivado/fixedLengthRO_TRNG/fixedLengthRO_TRNG/fixedLengthRO_TRNG.gen/sources_1/bd/design_1/ip/design_1_clk_wiz_0_2/design_1_clk_wiz_0_2_board.xdc] for cell 'inst'
Parsing XDC File [/home/vinhphat-josh/Repos/Chaos_Based_Symmetric_Image_Encryption/vivado/fixedLengthRO_TRNG/fixedLengthRO_TRNG/fixedLengthRO_TRNG.gen/sources_1/bd/design_1/ip/design_1_clk_wiz_0_2/design_1_clk_wiz_0_2.xdc] for cell 'inst'
Finished Parsing XDC File [/home/vinhphat-josh/Repos/Chaos_Based_Symmetric_Image_Encryption/vivado/fixedLengthRO_TRNG/fixedLengthRO_TRNG/fixedLengthRO_TRNG.gen/sources_1/bd/design_1/ip/design_1_clk_wiz_0_2/design_1_clk_wiz_0_2.xdc] for cell 'inst'
INFO: [Project 1-236] Implementation specific constraints were found while reading constraint file [/home/vinhphat-josh/Repos/Chaos_Based_Symmetric_Image_Encryption/vivado/fixedLengthRO_TRNG/fixedLengthRO_TRNG/fixedLengthRO_TRNG.gen/sources_1/bd/design_1/ip/design_1_clk_wiz_0_2/design_1_clk_wiz_0_2.xdc]. These constraints will be ignored for synthesis but will be used in implementation. Impacted constraints are listed in the file [.Xil/design_1_clk_wiz_0_2_propImpl.xdc].
Resolution: To avoid this warning, move constraints listed in [.Xil/design_1_clk_wiz_0_2_propImpl.xdc] to another XDC file and exclude this new file from synthesis with the used_in_synthesis property (File Properties dialog in GUI) and re-run elaboration/synthesis.
INFO: [Timing 38-2] Deriving generated clocks
Parsing XDC File [/home/vinhphat-josh/Repos/Chaos_Based_Symmetric_Image_Encryption/vivado/fixedLengthRO_TRNG/fixedLengthRO_TRNG/fixedLengthRO_TRNG.runs/design_1_clk_wiz_0_2_synth_1/dont_touch.xdc]
Finished Parsing XDC File [/home/vinhphat-josh/Repos/Chaos_Based_Symmetric_Image_Encryption/vivado/fixedLengthRO_TRNG/fixedLengthRO_TRNG/fixedLengthRO_TRNG.runs/design_1_clk_wiz_0_2_synth_1/dont_touch.xdc]
Completed Processing XDC Constraints

Netlist sorting complete. Time (s): cpu = 00:00:00 ; elapsed = 00:00:00 . Memory (MB): peak = 2209.387 ; gain = 0.000 ; free physical = 2003 ; free virtual = 5968
INFO: [Project 1-111] Unisim Transformation Summary:
No Unisim elements were transformed.

Constraint Validation Runtime : Time (s): cpu = 00:00:00.02 ; elapsed = 00:00:00.02 . Memory (MB): peak = 2209.422 ; gain = 0.000 ; free physical = 2003 ; free virtual = 5968
INFO: [Designutils 20-5008] Incremental synthesis strategy off
---------------------------------------------------------------------------------
Finished Constraint Validation : Time (s): cpu = 00:00:22 ; elapsed = 00:00:22 . Memory (MB): peak = 2209.422 ; gain = 570.531 ; free physical = 1975 ; free virtual = 5958
---------------------------------------------------------------------------------
---------------------------------------------------------------------------------
Start Loading Part and Timing Information
---------------------------------------------------------------------------------
Loading part: xc7z020clg400-1
---------------------------------------------------------------------------------
Finished Loading Part and Timing Information : Time (s): cpu = 00:00:22 ; elapsed = 00:00:22 . Memory (MB): peak = 2209.422 ; gain = 570.531 ; free physical = 1975 ; free virtual = 5958
---------------------------------------------------------------------------------
---------------------------------------------------------------------------------
Start Applying 'set_property' XDC Constraints
---------------------------------------------------------------------------------
Applied set_property KEEP_HIERARCHY = SOFT for inst. (constraint file  /home/vinhphat-josh/Repos/Chaos_Based_Symmetric_Image_Encryption/vivado/fixedLengthRO_TRNG/fixedLengthRO_TRNG/fixedLengthRO_TRNG.runs/design_1_clk_wiz_0_2_synth_1/dont_touch.xdc, line 9).
---------------------------------------------------------------------------------
Finished applying 'set_property' XDC Constraints : Time (s): cpu = 00:00:22 ; elapsed = 00:00:23 . Memory (MB): peak = 2209.422 ; gain = 570.531 ; free physical = 1975 ; free virtual = 5958
---------------------------------------------------------------------------------
---------------------------------------------------------------------------------
Finished RTL Optimization Phase 2 : Time (s): cpu = 00:00:22 ; elapsed = 00:00:23 . Memory (MB): peak = 2209.422 ; gain = 570.531 ; free physical = 1985 ; free virtual = 5952
---------------------------------------------------------------------------------
---------------------------------------------------------------------------------
Start RTL Component Statistics 
---------------------------------------------------------------------------------
Detailed RTL Component Info : 
---------------------------------------------------------------------------------
Finished RTL Component Statistics 
---------------------------------------------------------------------------------
---------------------------------------------------------------------------------
Start Part Resource Summary
---------------------------------------------------------------------------------
Part Resources:
DSPs: 220 (col length:60)
BRAMs: 280 (col length: RAMB18 60 RAMB36 30)
---------------------------------------------------------------------------------
Finished Part Resource Summary
---------------------------------------------------------------------------------
---------------------------------------------------------------------------------
Start Cross Boundary and Area Optimization
---------------------------------------------------------------------------------
WARNING: [Synth 8-7080] Parallel synthesis criteria is not met
---------------------------------------------------------------------------------
Finished Cross Boundary and Area Optimization : Time (s): cpu = 00:00:24 ; elapsed = 00:00:25 . Memory (MB): peak = 2209.422 ; gain = 570.531 ; free physical = 1991 ; free virtual = 5958
---------------------------------------------------------------------------------
---------------------------------------------------------------------------------
Start Applying XDC Timing Constraints
---------------------------------------------------------------------------------
---------------------------------------------------------------------------------
Finished Applying XDC Timing Constraints : Time (s): cpu = 00:00:32 ; elapsed = 00:00:33 . Memory (MB): peak = 2209.422 ; gain = 570.531 ; free physical = 2001 ; free virtual = 5968
---------------------------------------------------------------------------------
---------------------------------------------------------------------------------
Start Timing Optimization
---------------------------------------------------------------------------------
---------------------------------------------------------------------------------
Finished Timing Optimization : Time (s): cpu = 00:00:32 ; elapsed = 00:00:33 . Memory (MB): peak = 2209.422 ; gain = 570.531 ; free physical = 2001 ; free virtual = 5968
---------------------------------------------------------------------------------
---------------------------------------------------------------------------------
Start Technology Mapping
---------------------------------------------------------------------------------
---------------------------------------------------------------------------------
Finished Technology Mapping : Time (s): cpu = 00:00:32 ; elapsed = 00:00:33 . Memory (MB): peak = 2209.422 ; gain = 570.531 ; free physical = 2001 ; free virtual = 5968
---------------------------------------------------------------------------------
---------------------------------------------------------------------------------
Start IO Insertion
---------------------------------------------------------------------------------
---------------------------------------------------------------------------------
Start Flattening Before IO Insertion
---------------------------------------------------------------------------------
---------------------------------------------------------------------------------
Finished Flattening Before IO Insertion
---------------------------------------------------------------------------------
---------------------------------------------------------------------------------
Start Final Netlist Cleanup
---------------------------------------------------------------------------------
---------------------------------------------------------------------------------
Finished Final Netlist Cleanup
---------------------------------------------------------------------------------
---------------------------------------------------------------------------------
Finished IO Insertion : Time (s): cpu = 00:00:40 ; elapsed = 00:00:40 . Memory (MB): peak = 2209.422 ; gain = 570.531 ; free physical = 2292 ; free virtual = 6260
---------------------------------------------------------------------------------
---------------------------------------------------------------------------------
Start Renaming Generated Instances
---------------------------------------------------------------------------------
---------------------------------------------------------------------------------
Finished Renaming Generated Instances : Time (s): cpu = 00:00:40 ; elapsed = 00:00:40 . Memory (MB): peak = 2209.422 ; gain = 570.531 ; free physical = 2293 ; free virtual = 6261
---------------------------------------------------------------------------------
---------------------------------------------------------------------------------
Start Rebuilding User Hierarchy
---------------------------------------------------------------------------------
---------------------------------------------------------------------------------
Finished Rebuilding User Hierarchy : Time (s): cpu = 00:00:40 ; elapsed = 00:00:40 . Memory (MB): peak = 2209.422 ; gain = 570.531 ; free physical = 2294 ; free virtual = 6261
---------------------------------------------------------------------------------
---------------------------------------------------------------------------------
Start Renaming Generated Ports
---------------------------------------------------------------------------------
---------------------------------------------------------------------------------
Finished Renaming Generated Ports : Time (s): cpu = 00:00:40 ; elapsed = 00:00:40 . Memory (MB): peak = 2209.422 ; gain = 570.531 ; free physical = 2294 ; free virtual = 6261
---------------------------------------------------------------------------------
---------------------------------------------------------------------------------
Start Handling Custom Attributes
---------------------------------------------------------------------------------
---------------------------------------------------------------------------------
Finished Handling Custom Attributes : Time (s): cpu = 00:00:40 ; elapsed = 00:00:40 . Memory (MB): peak = 2209.422 ; gain = 570.531 ; free physical = 2294 ; free virtual = 6261
---------------------------------------------------------------------------------
---------------------------------------------------------------------------------
Start Renaming Generated Nets
---------------------------------------------------------------------------------
---------------------------------------------------------------------------------
Finished Renaming Generated Nets : Time (s): cpu = 00:00:40 ; elapsed = 00:00:40 . Memory (MB): peak = 2209.422 ; gain = 570.531 ; free physical = 2294 ; free virtual = 6261
---------------------------------------------------------------------------------
---------------------------------------------------------------------------------
Start Writing Synthesis Report
---------------------------------------------------------------------------------

Report BlackBoxes: 
+-+--------------+----------+
| |BlackBox name |Instances |
+-+--------------+----------+
+-+--------------+----------+

Report Cell Usage: 
+------+-----------+------+
|      |Cell       |Count |
+------+-----------+------+
|1     |BUFG       |     2|
|2     |MMCME2_ADV |     1|
|3     |IBUF       |     1|
+------+-----------+------+
---------------------------------------------------------------------------------
Finished Writing Synthesis Report : Time (s): cpu = 00:00:40 ; elapsed = 00:00:40 . Memory (MB): peak = 2209.422 ; gain = 570.531 ; free physical = 2294 ; free virtual = 6261
---------------------------------------------------------------------------------
Synthesis finished with 0 errors, 0 critical warnings and 1 warnings.
Synthesis Optimization Runtime : Time (s): cpu = 00:00:37 ; elapsed = 00:00:37 . Memory (MB): peak = 2209.422 ; gain = 497.559 ; free physical = 2294 ; free virtual = 6261
Synthesis Optimization Complete : Time (s): cpu = 00:00:40 ; elapsed = 00:00:41 . Memory (MB): peak = 2209.422 ; gain = 570.531 ; free physical = 2294 ; free virtual = 6261
INFO: [Project 1-571] Translating synthesized netlist
Netlist sorting complete. Time (s): cpu = 00:00:00 ; elapsed = 00:00:00 . Memory (MB): peak = 2209.422 ; gain = 0.000 ; free physical = 2294 ; free virtual = 6261
INFO: [Netlist 29-17] Analyzing 1 Unisim elements for replacement
INFO: [Netlist 29-28] Unisim Transformation completed in 0 CPU seconds
INFO: [Project 1-570] Preparing netlist for logic optimization
INFO: [Opt 31-138] Pushed 0 inverter(s) to 0 load pin(s).
Netlist sorting complete. Time (s): cpu = 00:00:00 ; elapsed = 00:00:00 . Memory (MB): peak = 2209.422 ; gain = 0.000 ; free physical = 2566 ; free virtual = 6534
INFO: [Project 1-111] Unisim Transformation Summary:
No Unisim elements were transformed.

Synth Design complete | Checksum: 34331a56
INFO: [Common 17-83] Releasing license: Synthesis
33 Infos, 1 Warnings, 0 Critical Warnings and 0 Errors encountered.
synth_design completed successfully
synth_design: Time (s): cpu = 00:00:54 ; elapsed = 00:00:48 . Memory (MB): peak = 2209.422 ; gain = 885.031 ; free physical = 2560 ; free virtual = 6528
INFO: [Common 17-2834] synth_design peak Physical Memory [PSS] (MB): overall = 1739.050; main = 1455.314; forked = 349.641
INFO: [Common 17-2834] synth_design peak Virtual Memory [VSS] (MB): overall = 3176.328; main = 2177.375; forked = 998.953
Write ShapeDB Complete: Time (s): cpu = 00:00:00 ; elapsed = 00:00:00 . Memory (MB): peak = 2209.422 ; gain = 0.000 ; free physical = 2558 ; free virtual = 6526
INFO: [Common 17-1381] The checkpoint '/home/vinhphat-josh/Repos/Chaos_Based_Symmetric_Image_Encryption/vivado/fixedLengthRO_TRNG/fixedLengthRO_TRNG/fixedLengthRO_TRNG.runs/design_1_clk_wiz_0_2_synth_1/design_1_clk_wiz_0_2.dcp' has been generated.
INFO: [Coretcl 2-1648] Added synthesis output to IP cache for IP design_1_clk_wiz_0_2, cache-ID = 4518301c4534df05
Write ShapeDB Complete: Time (s): cpu = 00:00:00 ; elapsed = 00:00:00 . Memory (MB): peak = 2233.398 ; gain = 0.000 ; free physical = 2540 ; free virtual = 6508
INFO: [Common 17-1381] The checkpoint '/home/vinhphat-josh/Repos/Chaos_Based_Symmetric_Image_Encryption/vivado/fixedLengthRO_TRNG/fixedLengthRO_TRNG/fixedLengthRO_TRNG.runs/design_1_clk_wiz_0_2_synth_1/design_1_clk_wiz_0_2.dcp' has been generated.
INFO: [runtcl-4] Executing : report_utilization -file design_1_clk_wiz_0_2_utilization_synth.rpt -pb design_1_clk_wiz_0_2_utilization_synth.pb
INFO: [Common 17-206] Exiting Vivado at Tue Apr  7 12:15:42 2026...
