#-----------------------------------------------------------
# Vivado v2023.2 (64-bit)
# SW Build 4029153 on Fri Oct 13 20:13:54 MDT 2023
# IP Build 4028589 on Sat Oct 14 00:45:43 MDT 2023
# SharedData Build 4025554 on Tue Oct 10 17:18:54 MDT 2023
# Start of session at: Tue Apr  7 12:14:34 2026
# Process ID: 18987
# Current directory: /home/vinhphat-josh/Repos/Chaos_Based_Symmetric_Image_Encryption/vivado/fixedLengthRO_TRNG/fixedLengthRO_TRNG/fixedLengthRO_TRNG.runs/design_1_clk_wiz_0_2_synth_1
# Command line: vivado -log design_1_clk_wiz_0_2.vds -product Vivado -mode batch -messageDb vivado.pb -notrace -source design_1_clk_wiz_0_2.tcl
# Log file: /home/vinhphat-josh/Repos/Chaos_Based_Symmetric_Image_Encryption/vivado/fixedLengthRO_TRNG/fixedLengthRO_TRNG/fixedLengthRO_TRNG.runs/design_1_clk_wiz_0_2_synth_1/design_1_clk_wiz_0_2.vds
# Journal file: /home/vinhphat-josh/Repos/Chaos_Based_Symmetric_Image_Encryption/vivado/fixedLengthRO_TRNG/fixedLengthRO_TRNG/fixedLengthRO_TRNG.runs/design_1_clk_wiz_0_2_synth_1/vivado.jou
# Running On: ubuntu, OS: Linux, CPU Frequency: 1155.891 MHz, CPU Physical cores: 6, Host memory: 7939 MB
#-----------------------------------------------------------
source design_1_clk_wiz_0_2.tcl -notrace
