reg__204: top__GCB0, 
reg__679: top__GCB0, 
logic__588: top__GCB0, 
logic__843: top__GCB0, 
logic__140: top__GCB0, 
logic__1453: subbytes__GBM1, 
muxpart__251: top__GCB0, 
logic__748: top__GCB0, 
floating_point_sqrt: top__GCB0, 
logic__380: top__GCB0, 
logic__1514: subbytes__GBM1, 
reg__625: top__GCB0, 
muxpart__103: top__GCB0, 
muxpart__420: subbytes__GBM1, 
datapath__75: CTR_feistel_decrypt__GC0, CTR_feistel_encrypt__GC0, 
logic__966: subbytes__GBM1, 
logic__497: top__GCB0, 
reg__521: top__GCB0, 
logic__1631: subbytes__GBM1, 
logic__79: top__GCB0, 
reg__736: top__GCB0, 
reg__1040: subbytes__GBM1, 
logic__514: top__GCB0, 
reg__381: top__GCB0, 
datapath__70: sbox_generator, 
reg__58: top__GCB0, 
reg__665: top__GCB0, 
logic__986: subbytes__GBM1, 
muxpart__176: top__GCB0, 
reg__758: top__GCB0, 
muxpart__54: top__GCB0, 
reg__969: subbytes__GBM1, 
logic__1173: subbytes__GBM1, 
muxpart__92: top__GCB0, 
reg__372: top__GCB0, 
case__18: sbox_generator, 
reg__154: top__GCB0, 
reg__850: top__GCB0, 
logic__1663: subbytes__GBM1, 
reg__953: subbytes__GBM1, 
logic__1686: subbytes__GBM1, 
reg__1085: subbytes__GBM1, 
logic__1075: subbytes__GBM1, 
muxpart__154: top__GCB0, 
logic__78: top__GCB0, 
muxpart__353: subbytes__GBM1, 
muxpart__173: top__GCB0, 
reg__225: top__GCB0, 
reg__364: top__GCB0, 
logic__619: top__GCB0, 
reg__460: top__GCB0, 
muxpart__390: subbytes__GBM1, 
logic__564: top__GCB0, 
logic__457: top__GCB0, 
muxpart__370: subbytes__GBM1, 
reg__63: top__GCB0, 
muxpart__248: top__GCB0, 
muxpart__139: top__GCB0, 
reg__671: top__GCB0, 
reg__741: top__GCB0, 
logic__433: top__GCB0, 
logic__1036: subbytes__GBM1, 
logic__717: top__GCB0, 
muxpart__106: top__GCB0, 
logic__1370: subbytes__GBM1, 
muxpart__4: sbox_generator, 
reg__367: top__GCB0, 
reg__534: top__GCB0, 
reg__352: top__GCB0, 
logic__1721: F__GC0, 
reg__305: top__GCB0, 
reg__576: sbox_generator, 
datapath__41: top__GCB0, 
logic__871: top__GCB0, 
reg__992: subbytes__GBM1, 
reg__513: top__GCB0, 
logic__217: top__GCB0, 
mult_56_20_56: sbox_generator, 
logic__931: subbytes__GBM1, 
logic__666: top__GCB0, 
reg__291: top__GCB0, 
logic__1450: subbytes__GBM1, 
muxpart__17: top__GCB0, 
reg__217: top__GCB0, 
reg__624: top__GCB0, 
reg__337: top__GCB0, 
logic__1152: subbytes__GBM1, 
muxpart__39: top__GCB0, 
datapath__45: top__GCB0, 
logic__852: top__GCB0, 
logic__167: top__GCB0, 
reg__1001: subbytes__GBM1, 
reg__602: top__GCB0, 
reg__784: top__GCB0, 
logic__591: top__GCB0, 
muxpart__288: subbytes__GBM1, 
reg__423: top__GCB0, 
reg__448: top__GCB0, 
reg__626: top__GCB0, 
datapath__57: sbox_generator, 
reg__556: sbox_generator, 
muxpart__150: top__GCB0, 
logic__1433: subbytes__GBM1, 
datapath__24: top__GCB0, 
logic__226: top__GCB0, 
muxpart__447: subbytes__GBM1, 
muxpart__386: subbytes__GBM1, 
muxpart__227: top__GCB0, 
muxpart__182: top__GCB0, 
logic__640: top__GCB0, 
reg__599: top__GCB0, 
logic__317: top__GCB0, 
datapath__26: top__GCB0, 
logic__1658: subbytes__GBM1, 
reg__467: top__GCB0, 
reg__343: top__GCB0, 
reg__36: top__GCB0, 
logic__543: top__GCB0, 
reg__890: subbytes__GBM1, 
muxpart__486: subbytes__GBM1, 
logic__1432: subbytes__GBM1, 
logic__1688: key_generator__GC0, 
logic__628: top__GCB0, 
sbox: top__GCB0, 
reg__637: top__GCB0, 
muxpart__427: subbytes__GBM1, 
logic__1520: subbytes__GBM1, 
reg__50: top__GCB0, 
muxpart__135: top__GCB0, 
logic__1415: subbytes__GBM1, 
reg__1123: key_generator__GC0, 
logic__1322: subbytes__GBM1, 
muxpart__287: subbytes__GBM1, 
reg__990: subbytes__GBM1, 
muxpart__142: top__GCB0, 
logic__392: top__GCB0, 
muxpart__164: top__GCB0, 
logic__80: top__GCB0, 
logic__1384: subbytes__GBM1, 
reg__589: sbox_generator, 
muxpart__82: top__GCB0, 
reg__106: top__GCB0, 
logic__879: top__GCB0, 
reg__468: top__GCB0, 
logic__1595: subbytes__GBM1, 
reg__407: top__GCB0, 
reg__424: top__GCB0, 
logic__916: top__GCB0, 
logic__1517: subbytes__GBM1, 
reg__7: top__GCB0, 
reg__87: top__GCB0, 
reg__613: top__GCB0, 
muxpart__326: subbytes__GBM1, 
reg__248: top__GCB0, 
logic__1573: subbytes__GBM1, 
reg__477: top__GCB0, 
reg__42: top__GCB0, 
reg__895: subbytes__GBM1, 
logic__954: subbytes__GBM1, 
muxpart__74: top__GCB0, 
logic__94: top__GCB0, 
reg__1058: subbytes__GBM1, 
reg__199: top__GCB0, 
logic__895: top__GCB0, 
logic__696: top__GCB0, 
muxpart__495: subbytes__GBM1, 
logic__1175: subbytes__GBM1, 
logic__1226: subbytes__GBM1, 
reg__1247: top__GCB0, 
reg__1160: feistel_encrypt__GCBM0, 
logic__288: top__GCB0, 
logic__170: top__GCB0, 
logic__544: top__GCB0, 
reg__44: top__GCB0, 
reg__156: top__GCB0, 
reg__911: subbytes__GBM1, 
muxpart__209: top__GCB0, 
logic__1042: subbytes__GBM1, 
muxpart__180: top__GCB0, 
logic__308: top__GCB0, 
logic__500: top__GCB0, 
logic__1084: subbytes__GBM1, 
logic__1616: subbytes__GBM1, 
reg__98: top__GCB0, 
reg__1175: CTR_feistel_encrypt__GC0, 
reg__120: top__GCB0, 
reg__511: top__GCB0, 
reg__939: subbytes__GBM1, 
reg__564: sbox_generator, 
reg__1219: CTR_feistel_decrypt__GC0, 
logic__144: sbox_generator, 
logic__927: subbytes__GBM1, 
muxpart__43: top__GCB0, 
logic__294: top__GCB0, 
reg__575: sbox_generator, 
logic__152: sbox_generator, 
logic__995: subbytes__GBM1, 
sawtooth__xdcDup__1: top__GCB0, 
muxpart__104: top__GCB0, 
logic__592: top__GCB0, 
reg__968: subbytes__GBM1, 
logic__751: top__GCB0, 
logic__266: top__GCB0, 
reg__17: top__GCB0, 
logic__485: top__GCB0, 
reg__133: top__GCB0, 
reg__778: top__GCB0, 
muxpart__81: top__GCB0, 
logic__418: top__GCB0, 
reg__1159: feistel_encrypt__GCBM0, 
logic__431: top__GCB0, 
muxpart__307: subbytes__GBM1, 
reg__490: top__GCB0, 
reg__122: top__GCB0, 
reg__66: top__GCB0, 
muxpart__214: top__GCB0, 
logic__469: top__GCB0, 
logic__1475: subbytes__GBM1, 
logic__705: top__GCB0, 
logic__739: top__GCB0, 
muxpart__445: subbytes__GBM1, 
reg__347: top__GCB0, 
muxpart__504: subbytes__GBM1, 
logic__187: top__GCB0, 
logic__974: subbytes__GBM1, 
muxpart__270: subbytes__GBM1, 
reg__538: top__GCB0, 
reg__897: subbytes__GBM1, 
reg__830: top__GCB0, 
reg__1201: CTR_feistel_encrypt__GC0, 
reg__151: top__GCB0, 
reg__639: top__GCB0, 
reg__746: top__GCB0, 
reg__829: top__GCB0, 
muxpart__279: subbytes__GBM1, 
logic__1251: subbytes__GBM1, 
muxpart__421: subbytes__GBM1, 
muxpart__510: subbytes__GBM1, 
logic__1038: subbytes__GBM1, 
datapath__15: top__GCB0, 
logic__1657: subbytes__GBM1, 
reg__771: top__GCB0, 
muxpart__121: top__GCB0, 
muxpart__119: top__GCB0, 
muxpart__344: subbytes__GBM1, 
muxpart__162: top__GCB0, 
logic__407: top__GCB0, 
logic__1489: subbytes__GBM1, 
logic__1707: F__GC0, 
reg__806: top__GCB0, 
logic__1191: subbytes__GBM1, 
muxpart__429: subbytes__GBM1, 
reg__1189: CTR_feistel_encrypt__GC0, 
reg__1008: subbytes__GBM1, 
logic__241: top__GCB0, 
reg__1026: subbytes__GBM1, 
reg__948: subbytes__GBM1, 
logic__1710: F__GC0, 
reg__382: top__GCB0, 
logic__422: top__GCB0, 
reg__451: top__GCB0, 
reg__12: top__GCB0, 
logic__1295: subbytes__GBM1, 
logic__808: top__GCB0, 
muxpart__149: top__GCB0, 
datapath__31: top__GCB0, 
muxpart__302: subbytes__GBM1, 
muxpart__171: top__GCB0, 
reg__414: top__GCB0, 
logic__1771: feistel_encrypt__GCBM0, 
reg__925: subbytes__GBM1, 
reg__870: subbytes__GBM1, 
logic__736: top__GCB0, 
reg__1157: feistel_encrypt__GCBM0, 
muxpart__458: subbytes__GBM1, 
muxpart__225: top__GCB0, 
logic__1385: subbytes__GBM1, 
reg__256: top__GCB0, 
reg__454: top__GCB0, 
datapath__63: sbox_generator, 
reg__389: top__GCB0, 
reg__1017: subbytes__GBM1, 
logic__352: top__GCB0, 
logic__811: top__GCB0, 
muxpart__181: top__GCB0, 
reg__113: top__GCB0, 
logic__930: subbytes__GBM1, 
muxpart__67: top__GCB0, 
logic__1597: subbytes__GBM1, 
logic__1095: subbytes__GBM1, 
logic__1101: subbytes__GBM1, 
reg__1245: CTR_feistel_decrypt__GC0, 
logic__1009: subbytes__GBM1, 
reg__858: top__GCB0, 
logic__796: top__GCB0, 
reg__486: top__GCB0, 
reg__1206: CTR_feistel_encrypt__GC0, 
logic__702: top__GCB0, 
reg__429: top__GCB0, 
muxpart__186: top__GCB0, 
reg__1088: subbytes__GBM1, 
reg__215: top__GCB0, 
logic__1375: subbytes__GBM1, 
muxpart__529: subbytes__GBM0, 
logic__838: top__GCB0, 
reg__1116: subbytes__GBM1, 
reg__738: top__GCB0, 
reg__542: top__GCB0, 
reg__788: top__GCB0, 
logic__972: subbytes__GBM1, 
muxpart__379: subbytes__GBM1, 
reg__192: top__GCB0, 
logic__488: top__GCB0, 
logic__697: top__GCB0, 
reg__281: top__GCB0, 
logic__1697: CTR_feistel_decrypt__GC0, CTR_feistel_encrypt__GC0, 
logic__661: top__GCB0, 
reg__1016: subbytes__GBM1, 
reg__562: sbox_generator, 
logic__922: subbytes__GBM1, 
reg__560: sbox_generator, 
logic__835: top__GCB0, 
muxpart__87: top__GCB0, 
reg__585: sbox_generator, 
case__8: top__GCB0, 
reg__714: top__GCB0, 
reg__663: top__GCB0, 
logic__921: top__GCB0, 
muxpart__94: top__GCB0, 
logic__1193: subbytes__GBM1, 
logic__1137: subbytes__GBM1, 
logic__1717: F__GC0, 
reg__366: top__GCB0, 
logic__1242: subbytes__GBM1, 
reg__645: top__GCB0, 
reg__331: top__GCB0, 
logic__1030: subbytes__GBM1, 
CTR_feistel_decrypt__GC0: CTR_feistel_decrypt__GC0, 
reg__750: top__GCB0, 
reg__1118: subbytes__GBM1, 
logic__1346: subbytes__GBM1, 
reg__1018: subbytes__GBM1, 
logic__559: top__GCB0, 
muxpart__333: subbytes__GBM1, 
reg__326: top__GCB0, 
reg__1152: feistel_encrypt__GCBM0, 
muxpart__296: subbytes__GBM1, 
reg__598: sbox_generator, 
muxpart__163: top__GCB0, 
muxpart__446: subbytes__GBM1, 
counter: top__GCB0, 
muxpart__196: top__GCB0, 
muxpart__350: subbytes__GBM1, 
reg__105: top__GCB0, 
reg__108: top__GCB0, 
logic__1649: subbytes__GBM1, 
reg__724: top__GCB0, 
logic__1513: subbytes__GBM1, 
logic__491: top__GCB0, 
logic__273: top__GCB0, 
reg__49: top__GCB0, 
logic__1286: subbytes__GBM1, 
reg__886: subbytes__GBM1, 
reg__581: sbox_generator, 
logic__1330: subbytes__GBM1, 
reg__1046: subbytes__GBM1, 
logic__1172: subbytes__GBM1, 
reg__416: top__GCB0, 
reg__765: top__GCB0, 
muxpart__530: subbytes__GBM0, 
muxpart__187: top__GCB0, 
logic__1248: subbytes__GBM1, 
logic: top__GCB0, 
logic__729: top__GCB0, 
logic__1086: subbytes__GBM1, 
logic__1655: subbytes__GBM1, 
muxpart__441: subbytes__GBM1, 
reg__861: subbytes__GBM1, 
reg__1133: CTR_feistel_decrypt__GC0, CTR_feistel_encrypt__GC0, 
logic__567: top__GCB0, 
logic__1576: subbytes__GBM1, 
logic__1411: subbytes__GBM1, 
muxpart__272: subbytes__GBM1, 
reg__1158: feistel_encrypt__GCBM0, 
reg__856: top__GCB0, 
muxpart__155: top__GCB0, 
reg__144: top__GCB0, 
reg__907: subbytes__GBM1, 
logic__93: top__GCB0, 
muxpart__381: subbytes__GBM1, 
logic__1081: subbytes__GBM1, 
logic__772: top__GCB0, 
reg__802: top__GCB0, 
logic__646: top__GCB0, 
reg__743: top__GCB0, 
logic__229: top__GCB0, 
reg__110: top__GCB0, 
muxpart__53: top__GCB0, 
logic__1687: key_generator__GC0, 
logic__579: top__GCB0, 
reg__584: sbox_generator, 
logic__51: top__GCB0, 
reg__891: subbytes__GBM1, 
logic__876: top__GCB0, 
logic__1026: subbytes__GBM1, 
reg__661: top__GCB0, 
logic__1218: subbytes__GBM1, 
muxpart__304: subbytes__GBM1, 
logic__799: top__GCB0, 
reg__378: top__GCB0, 
logic__943: subbytes__GBM1, 
reg__864: subbytes__GBM1, 
reg__1138: F__GC0, 
muxpart__482: subbytes__GBM1, 
logic__660: top__GCB0, 
reg__1004: subbytes__GBM1, 
reg__1083: subbytes__GBM1, 
logic__1349: subbytes__GBM1, 
reg__355: top__GCB0, 
muxpart__11: top__GCB0, 
reg__1067: subbytes__GBM1, 
datapath__18: top__GCB0, 
muxpart__40: top__GCB0, 
logic__355: top__GCB0, 
logic__1334: subbytes__GBM1, 
reg__193: top__GCB0, 
logic__412: top__GCB0, 
muxpart__466: subbytes__GBM1, 
reg__242: top__GCB0, 
logic__517: top__GCB0, 
reg__914: subbytes__GBM1, 
reg__1098: subbytes__GBM1, 
reg__450: top__GCB0, 
logic__1284: subbytes__GBM1, 
logic__583: top__GCB0, 
reg__365: top__GCB0, 
reg__70: top__GCB0, 
muxpart__292: subbytes__GBM1, 
reg__752: top__GCB0, 
reg__963: subbytes__GBM1, 
logic__1459: subbytes__GBM1, 
reg__1208: CTR_feistel_encrypt__GC0, 
reg__180: top__GCB0, 
reg__280: top__GCB0, 
muxpart__178: top__GCB0, 
logic__244: top__GCB0, 
logic__549: top__GCB0, 
muxpart__538: subbytes__GBM0, 
case__7: top__GCB0, 
muxpart__411: subbytes__GBM1, 
reg__362: top__GCB0, 
reg__212: top__GCB0, 
logic__401: top__GCB0, 
reg__525: top__GCB0, 
muxpart__136: top__GCB0, 
muxpart__268: subbytes__GBM1, 
reg__930: subbytes__GBM1, 
reg__141: top__GCB0, 
reg__812: top__GCB0, 
muxpart__197: top__GCB0, 
logic__1770: F__GC0, 
reg__893: subbytes__GBM1, 
muxpart__262: top__GCB0, 
reg__574: sbox_generator, 
reg__573: sbox_generator, 
logic__237: top__GCB0, 
logic__610: top__GCB0, 
logic__1360: subbytes__GBM1, 
reg__274: top__GCB0, 
reg__27: top__GCB0, 
logic__738: top__GCB0, 
logic__219: top__GCB0, 
muxpart__245: top__GCB0, 
reg__300: top__GCB0, 
logic__616: top__GCB0, 
reg__1100: subbytes__GBM1, 
reg__135: top__GCB0, 
logic__269: top__GCB0, 
logic__1211: subbytes__GBM1, 
logic__1570: subbytes__GBM1, 
logic__897: top__GCB0, 
reg__1053: subbytes__GBM1, 
logic__1724: F__GC0, 
muxpart__517: subbytes__GBM1, 
muxpart__422: subbytes__GBM1, 
logic__1063: subbytes__GBM1, 
reg__779: top__GCB0, 
reg__638: top__GCB0, 
logic__621: top__GCB0, 
logic__1139: subbytes__GBM1, 
reg__846: top__GCB0, 
muxpart__465: subbytes__GBM1, 
reg__137: top__GCB0, 
logic__1092: subbytes__GBM1, 
logic__1606: subbytes__GBM1, 
muxpart__107: top__GCB0, 
case__6: top__GCB0, 
logic__938: subbytes__GBM1, 
muxpart__250: top__GCB0, 
muxpart__91: top__GCB0, 
logic__681: top__GCB0, 
logic__612: top__GCB0, 
reg__478: top__GCB0, 
reg__71: top__GCB0, 
logic__421: top__GCB0, 
muxpart__79: top__GCB0, 
reg__107: top__GCB0, 
reg__92: top__GCB0, 
logic__243: top__GCB0, 
reg__213: top__GCB0, 
datapath__36: top__GCB0, 
logic__565: top__GCB0, 
muxpart__122: top__GCB0, 
reg__927: subbytes__GBM1, 
datapath__3: top__GCB0, 
muxpart__387: subbytes__GBM1, 
reg__420: top__GCB0, 
muxpart__403: subbytes__GBM1, 
reg__269: top__GCB0, 
reg__491: top__GCB0, 
logic__603: top__GCB0, 
logic__1048: subbytes__GBM1, 
muxpart__31: top__GCB0, 
datapath__58: sbox_generator, 
logic__837: top__GCB0, 
muxpart__217: top__GCB0, 
logic__663: top__GCB0, 
logic__502: top__GCB0, 
reg__293: top__GCB0, 
logic__805: top__GCB0, 
logic__1417: subbytes__GBM1, 
reg__1070: subbytes__GBM1, 
muxpart__309: subbytes__GBM1, 
muxpart__295: subbytes__GBM1, 
muxpart__55: top__GCB0, 
logic__652: top__GCB0, 
logic__279: top__GCB0, 
muxpart__126: top__GCB0, 
logic__406: top__GCB0, 
reg__238: top__GCB0, 
reg__1074: subbytes__GBM1, 
logic__204: top__GCB0, 
reg__265: top__GCB0, 
reg__818: top__GCB0, 
logic__454: top__GCB0, 
logic__1199: subbytes__GBM1, 
logic__1236: subbytes__GBM1, 
muxpart__115: top__GCB0, 
logic__238: top__GCB0, 
reg__558: sbox_generator, 
logic__639: top__GCB0, 
logic__597: top__GCB0, 
logic__220: top__GCB0, 
muxpart: top__GCB0, 
muxpart__527: subbytes__GBM0, 
reg__374: top__GCB0, 
reg__1136: CTR_feistel_decrypt__GC0, CTR_feistel_encrypt__GC0, 
logic__524: top__GCB0, 
muxpart__58: top__GCB0, 
reg__974: subbytes__GBM1, 
reg__713: top__GCB0, 
reg__787: top__GCB0, 
logic__703: top__GCB0, 
logic__1016: subbytes__GBM1, 
reg__717: top__GCB0, 
logic__1648: subbytes__GBM1, 
logic__1725: F__GC0, 
logic__1340: subbytes__GBM1, 
muxpart__298: subbytes__GBM1, 
reg__1246: CTR_feistel_decrypt__GC0, 
reg__1174: CTR_feistel_encrypt__GC0, 
muxpart__212: top__GCB0, 
logic__359: top__GCB0, 
logic__88: top__GCB0, 
reg__541: top__GCB0, 
muxpart__65: top__GCB0, 
datapath__10: top__GCB0, 
muxpart__10: top__GCB0, 
reg__1216: CTR_feistel_decrypt__GC0, 
logic__555: top__GCB0, 
logic__1495: subbytes__GBM1, 
reg__354: top__GCB0, 
reg__296: top__GCB0, 
reg__881: subbytes__GBM1, 
reg__709: top__GCB0, 
reg__816: top__GCB0, 
reg__941: subbytes__GBM1, 
logic__213: top__GCB0, 
reg__332: top__GCB0, 
logic__201: top__GCB0, 
reg__565: sbox_generator, 
logic__912: top__GCB0, 
logic__658: top__GCB0, 
logic__1260: subbytes__GBM1, 
muxpart__71: top__GCB0, 
muxpart__120: top__GCB0, 
datapath__60: sbox_generator, 
logic__49: top__GCB0, 
muxpart__397: subbytes__GBM1, 
reg__1042: subbytes__GBM1, 
logic__368: top__GCB0, 
logic__1358: subbytes__GBM1, 
reg__867: subbytes__GBM1, 
logic__807: top__GCB0, 
logic__13: top__GCB0, 
reg__1048: subbytes__GBM1, 
logic__461: top__GCB0, 
reg__533: top__GCB0, 
logic__1609: subbytes__GBM1, 
logic__1039: subbytes__GBM1, 
logic__343: top__GCB0, 
datapath__56: sbox_generator, 
muxpart__285: subbytes__GBM1, 
muxpart__409: subbytes__GBM1, 
logic__1579: subbytes__GBM1, 
muxpart__32: top__GCB0, 
case__5: top__GCB0, 
reg__1166: feistel_encrypt__GCBM0, 
logic__147: sbox_generator, 
logic__787: top__GCB0, 
logic__582: top__GCB0, 
logic__877: top__GCB0, 
reg__566: sbox_generator, 
logic__873: top__GCB0, 
muxpart__515: subbytes__GBM1, 
muxpart__264: top__GCB0, 
muxpart__97: top__GCB0, 
reg__282: top__GCB0, 
reg__393: top__GCB0, 
reg__976: subbytes__GBM1, 
reg__147: top__GCB0, 
muxpart__206: top__GCB0, 
reg__39: top__GCB0, 
muxpart__228: top__GCB0, 
reg__775: top__GCB0, 
logic__613: top__GCB0, 
reg__252: top__GCB0, 
reg__516: top__GCB0, 
logic__1711: F__GC0, 
logic__287: top__GCB0, 
logic__945: subbytes__GBM1, 
reg__82: top__GCB0, 
logic__969: subbytes__GBM1, 
muxpart__392: subbytes__GBM1, 
logic__1451: subbytes__GBM1, 
reg__866: subbytes__GBM1, 
logic__810: top__GCB0, 
logic__374: top__GCB0, 
logic__1549: subbytes__GBM1, 
reg__1108: subbytes__GBM1, 
muxpart__454: subbytes__GBM1, 
reg__555: sbox_generator, 
logic__831: top__GCB0, 
logic__1333: subbytes__GBM1, 
logic__347: top__GCB0, 
reg__130: top__GCB0, 
muxpart__383: subbytes__GBM1, 
logic__335: top__GCB0, 
reg__798: top__GCB0, 
reg__1172: feistel_encrypt__GCBM0, 
reg__1073: subbytes__GBM1, 
reg__1000: subbytes__GBM1, 
PRNG: top__GCB0, 
logic__847: top__GCB0, 
reg__697: top__GCB0, 
reg__440: top__GCB0, 
muxpart__237: top__GCB0, 
logic__790: top__GCB0, 
muxpart__336: subbytes__GBM1, 
muxpart__404: subbytes__GBM1, 
muxpart__356: subbytes__GBM1, 
reg__377: top__GCB0, 
reg__239: top__GCB0, 
muxpart__448: subbytes__GBM1, 
logic__867: top__GCB0, 
reg__926: subbytes__GBM1, 
reg__532: top__GCB0, 
logic__706: top__GCB0, 
logic__733: top__GCB0, 
logic__1190: subbytes__GBM1, 
datapath__55: sbox_generator, 
logic__1390: subbytes__GBM1, 
reg__540: top__GCB0, 
reg__657: top__GCB0, 
reg__620: top__GCB0, 
reg__814: top__GCB0, 
muxpart__191: top__GCB0, 
reg__1220: CTR_feistel_decrypt__GC0, 
logic__86: top__GCB0, 
logic__1372: subbytes__GBM1, 
reg__458: top__GCB0, 
reg__770: top__GCB0, 
logic__1149: subbytes__GBM1, 
logic__1544: subbytes__GBM1, 
logic__258: top__GCB0, 
muxpart__503: subbytes__GBM1, 
muxpart__156: top__GCB0, 
logic__1772: feistel_encrypt__GCBM0, 
case__21: key_generator__GC0, 
logic__1685: subbytes__GBM1, 
reg__587: sbox_generator, 
reg__306: top__GCB0, 
reg__412: top__GCB0, 
logic__1185: subbytes__GBM1, 
reg__692: top__GCB0, 
reg__484: top__GCB0, 
muxpart__192: top__GCB0, 
reg__1209: CTR_feistel_encrypt__GC0, 
logic__888: top__GCB0, 
logic__533: top__GCB0, 
reg__1237: CTR_feistel_decrypt__GC0, 
reg__163: top__GCB0, 
reg__1077: subbytes__GBM1, 
muxpart__151: top__GCB0, 
muxpart__443: subbytes__GBM1, 
reg__371: top__GCB0, 
logic__606: top__GCB0, 
muxpart__355: subbytes__GBM1, 
logic__1265: subbytes__GBM1, 
logic__535: top__GCB0, 
datapath__29: top__GCB0, 
logic__1118: subbytes__GBM1, 
logic__1274: subbytes__GBM1, 
reg__320: top__GCB0, 
datapath__21: top__GCB0, 
logic__397: top__GCB0, 
reg__929: subbytes__GBM1, 
reg__720: top__GCB0, 
muxpart__134: top__GCB0, 
logic__434: top__GCB0, 
muxpart__52: top__GCB0, 
logic__1241: subbytes__GBM1, 
logic__1115: subbytes__GBM1, 
reg__1185: CTR_feistel_encrypt__GC0, 
logic__910: top__GCB0, 
logic__937: subbytes__GBM1, 
reg__434: top__GCB0, 
logic__1612: subbytes__GBM1, 
reg__652: top__GCB0, 
logic__1774: feistel_encrypt__GCBM0, 
logic__1013: subbytes__GBM1, 
logic__1056: subbytes__GBM1, 
logic__1238: subbytes__GBM1, 
logic__741: top__GCB0, 
muxpart__498: subbytes__GBM1, 
logic__1272: subbytes__GBM1, 
reg__1038: subbytes__GBM1, 
reg__733: top__GCB0, 
logic__1700: F__GC0, 
logic__1645: subbytes__GBM1, 
logic__1501: subbytes__GBM1, 
logic__1559: subbytes__GBM1, 
shiftrows: F__GC0, 
reg__1087: subbytes__GBM1, 
reg__370: top__GCB0, 
reg__1078: subbytes__GBM1, 
muxpart__416: subbytes__GBM1, 
reg__499: top__GCB0, 
reg__358: top__GCB0, 
reg__563: sbox_generator, 
logic__476: top__GCB0, 
logic__1468: subbytes__GBM1, 
logic__933: subbytes__GBM1, 
reg__597: sbox_generator, 
reg__502: top__GCB0, 
reg__453: top__GCB0, 
reg__1228: CTR_feistel_decrypt__GC0, 
logic__1637: subbytes__GBM1, 
logic__193: top__GCB0, 
reg__5: top__GCB0, 
logic__1119: subbytes__GBM1, 
logic__546: top__GCB0, 
logic__5: top__GCB0, 
logic__1487: subbytes__GBM1, 
datapath__33: top__GCB0, 
reg__553: sbox_generator, 
reg__189: top__GCB0, 
reg__514: top__GCB0, 
reg__139: top__GCB0, 
reg__768: top__GCB0, 
logic__1588: subbytes__GBM1, 
reg__73: top__GCB0, 
reg__719: top__GCB0, 
reg__1227: CTR_feistel_decrypt__GC0, 
reg__728: top__GCB0, 
datapath__2: top__GCB0, 
reg__345: top__GCB0, 
reg__627: top__GCB0, 
muxpart__352: subbytes__GBM1, 
muxpart__274: subbytes__GBM1, 
reg__682: top__GCB0, 
logic__448: top__GCB0, 
logic__1598: subbytes__GBM1, 
reg__99: top__GCB0, 
reg__848: top__GCB0, 
reg__60: top__GCB0, 
logic__1307: subbytes__GBM1, 
logic__257: top__GCB0, 
reg__388: top__GCB0, 
reg__986: subbytes__GBM1, 
reg__142: top__GCB0, 
reg__551: top__GCB0, 
logic__826: top__GCB0, 
logic__928: subbytes__GBM1, 
reg__401: top__GCB0, 
logic__1541: subbytes__GBM1, 
reg__26: top__GCB0, 
muxpart__525: subbytes__GBM0, 
logic__1619: subbytes__GBM1, 
reg__906: subbytes__GBM1, 
reg__519: top__GCB0, 
reg__194: top__GCB0, 
logic__1257: subbytes__GBM1, 
logic__1263: subbytes__GBM1, 
logic__724: top__GCB0, 
reg__731: top__GCB0, 
reg__726: top__GCB0, 
logic__315: top__GCB0, 
logic__473: top__GCB0, 
logic__1567: subbytes__GBM1, 
logic__900: top__GCB0, 
reg__1235: CTR_feistel_decrypt__GC0, 
reg__849: top__GCB0, 
reg__164: top__GCB0, 
logic__1327: subbytes__GBM1, 
logic__346: top__GCB0, 
reg__398: top__GCB0, 
logic__1080: subbytes__GBM1, 
reg__734: top__GCB0, 
logic__324: top__GCB0, 
reg__1141: F__GC0, 
logic__1661: subbytes__GBM1, 
reg__947: subbytes__GBM1, 
logic__1600: subbytes__GBM1, 
muxpart__93: top__GCB0, 
reg__1096: subbytes__GBM1, 
datapath__20: top__GCB0, 
reg__902: subbytes__GBM1, 
muxpart__314: subbytes__GBM1, 
reg__184: top__GCB0, 
reg__903: subbytes__GBM1, 
case__19: key_generator__GC0, 
reg__1059: subbytes__GBM1, 
logic__802: top__GCB0, 
muxpart__62: top__GCB0, 
logic__1227: subbytes__GBM1, 
reg__198: top__GCB0, 
case__17: sbox_generator, 
reg__175: top__GCB0, 
muxpart__218: top__GCB0, 
logic__312: top__GCB0, 
logic__1438: subbytes__GBM1, 
reg__95: top__GCB0, 
logic__814: top__GCB0, 
reg__155: top__GCB0, 
reg__236: top__GCB0, 
logic__1366: subbytes__GBM1, 
muxpart__406: subbytes__GBM1, 
counter__3: CTR_feistel_decrypt__GC0, 
muxpart__499: subbytes__GBM1, 
logic__604: top__GCB0, 
logic__475: top__GCB0, 
reg__294: top__GCB0, 
muxpart__277: subbytes__GBM1, 
reg__72: top__GCB0, 
logic__994: subbytes__GBM1, 
logic__403: top__GCB0, 
logic__760: top__GCB0, 
logic__446: top__GCB0, 
reg__153: top__GCB0, 
logic__460: top__GCB0, 
reg__396: top__GCB0, 
reg__656: top__GCB0, 
logic__1775: feistel_encrypt__GCBM0, 
logic__789: top__GCB0, 
muxpart__267: subbytes__GBM1, 
reg__316: top__GCB0, 
reg__30: top__GCB0, 
reg__1129: CTR_feistel_decrypt__GC0, CTR_feistel_encrypt__GC0, 
reg__134: top__GCB0, 
logic__306: top__GCB0, 
datapath__35: top__GCB0, 
logic__1121: subbytes__GBM1, 
logic__1310: subbytes__GBM1, 
reg__887: subbytes__GBM1, 
logic__135: top__GCB0, 
logic__1667: subbytes__GBM1, 
muxpart__169: top__GCB0, 
muxpart__101: top__GCB0, 
logic__1664: subbytes__GBM1, 
reg__28: top__GCB0, 
logic__509: top__GCB0, 
muxpart__364: subbytes__GBM1, 
muxpart__475: subbytes__GBM1, 
muxpart__125: top__GCB0, 
muxpart__474: subbytes__GBM1, 
reg__604: top__GCB0, 
logic__1104: subbytes__GBM1, 
logic__398: top__GCB0, 
reg__298: top__GCB0, 
reg__500: top__GCB0, 
logic__534: top__GCB0, 
logic__750: top__GCB0, 
reg__967: subbytes__GBM1, 
reg__462: top__GCB0, 
logic__1391: subbytes__GBM1, 
logic__1776: CTR_feistel_encrypt__GC0, 
muxpart__271: subbytes__GBM1, 
logic__672: top__GCB0, 
logic__1068: subbytes__GBM1, 
logic__634: top__GCB0, 
reg__15: top__GCB0, 
reg__67: top__GCB0, 
reg__527: top__GCB0, 
datapath__43: top__GCB0, 
reg__1229: CTR_feistel_decrypt__GC0, 
reg__695: top__GCB0, 
logic__747: top__GCB0, 
muxpart__109: top__GCB0, 
reg__329: top__GCB0, 
reg__1232: CTR_feistel_decrypt__GC0, 
logic__338: top__GCB0, 
muxpart__340: subbytes__GBM1, 
muxpart__346: subbytes__GBM1, 
muxpart__14: top__GCB0, 
reg__944: subbytes__GBM1, 
reg__363: top__GCB0, 
logic__4: top__GCB0, 
logic__1134: subbytes__GBM1, 
logic__222: top__GCB0, 
logic__305: top__GCB0, 
logic__487: top__GCB0, 
reg__1130: CTR_feistel_decrypt__GC0, CTR_feistel_encrypt__GC0, 
logic__339: top__GCB0, 
reg__349: top__GCB0, 
muxpart__491: subbytes__GBM1, 
logic__780: top__GCB0, 
muxpart__432: subbytes__GBM1, 
datapath__69: sbox_generator, 
logic__416: top__GCB0, 
reg__687: top__GCB0, 
logic__957: subbytes__GBM1, 
muxpart__300: subbytes__GBM1, 
muxpart__95: top__GCB0, 
reg__295: top__GCB0, 
logic__1143: subbytes__GBM1, 
logic__1313: subbytes__GBM1, 
reg__465: top__GCB0, 
logic__46: top__GCB0, 
reg__1084: subbytes__GBM1, 
logic__550: top__GCB0, 
logic__915: top__GCB0, 
logic__1160: subbytes__GBM1, 
reg__324: top__GCB0, 
reg__651: top__GCB0, 
logic__859: top__GCB0, 
reg__348: top__GCB0, 
reg__688: top__GCB0, 
reg__452: top__GCB0, 
reg__456: top__GCB0, 
muxpart__306: subbytes__GBM1, 
reg__648: top__GCB0, 
reg__341: top__GCB0, 
reg__101: top__GCB0, 
logic__667: top__GCB0, 
logic__1301: subbytes__GBM1, 
muxpart__15: top__GCB0, 
reg__431: top__GCB0, 
reg__838: top__GCB0, 
muxpart__534: subbytes__GBM0, 
reg__1190: CTR_feistel_encrypt__GC0, 
reg__85: top__GCB0, 
logic__675: top__GCB0, 
counter__2: CTR_feistel_encrypt__GC0, 
reg__243: top__GCB0, 
datapath__27: top__GCB0, 
reg__1: top__GCB0, 
logic__282: top__GCB0, 
reg__322: top__GCB0, 
reg__435: top__GCB0, 
reg__934: subbytes__GBM1, 
muxpart__238: top__GCB0, 
mixcolumns: F__GC0, 
muxpart__438: subbytes__GBM1, 
muxpart__312: subbytes__GBM1, 
muxpart__205: top__GCB0, 
muxpart__412: subbytes__GBM1, 
reg__1224: CTR_feistel_decrypt__GC0, 
muxpart__468: subbytes__GBM1, 
logic__892: top__GCB0, 
top__GCB0: top__GCB0, 
logic__293: top__GCB0, 
reg__309: top__GCB0, 
logic__1519: subbytes__GBM1, 
reg__636: top__GCB0, 
datapath__61: sbox_generator, 
reg__270: top__GCB0, 
logic__1732: F__GC0, 
reg__1099: subbytes__GBM1, 
logic__586: top__GCB0, 
muxpart__145: top__GCB0, 
reg__595: sbox_generator, 
reg__956: subbytes__GBM1, 
logic__1400: subbytes__GBM1, 
logic__637: top__GCB0, 
muxpart__19: top__GCB0, 
logic__1507: subbytes__GBM1, 
logic__463: top__GCB0, 
case__12: top__GCB0, 
logic__940: subbytes__GBM1, 
reg__1102: subbytes__GBM1, 
reg__52: top__GCB0, 
logic__1660: subbytes__GBM1, 
reg__548: top__GCB0, 
muxpart__493: subbytes__GBM1, 
logic__1369: subbytes__GBM1, 
reg__46: top__GCB0, 
reg__1173: CTR_feistel_encrypt__GC0, 
reg__1183: CTR_feistel_encrypt__GC0, 
muxpart__36: top__GCB0, 
muxpart__185: top__GCB0, 
logic__314: top__GCB0, 
reg__827: top__GCB0, 
muxpart__399: subbytes__GBM1, 
reg__356: top__GCB0, 
datapath__19: top__GCB0, 
reg__966: subbytes__GBM1, 
logic__1378: subbytes__GBM1, 
logic__176: top__GCB0, 
reg__777: top__GCB0, 
reg__174: top__GCB0, 
datapath__68: sbox_generator, 
reg__571: sbox_generator, 
logic__1324: subbytes__GBM1, 
reg__690: top__GCB0, 
logic__1499: subbytes__GBM1, 
reg__737: top__GCB0, 
reg__61: top__GCB0, 
logic__693: top__GCB0, 
reg__742: top__GCB0, 
muxpart__146: top__GCB0, 
reg__715: top__GCB0, 
muxpart__116: top__GCB0, 
reg__635: top__GCB0, 
logic__1379: subbytes__GBM1, 
reg__884: subbytes__GBM1, 
reg__691: top__GCB0, 
reg__439: top__GCB0, 
logic__1547: subbytes__GBM1, 
logic__284: top__GCB0, 
logic__1424: subbytes__GBM1, 
reg__923: subbytes__GBM1, 
logic__1113: subbytes__GBM1, 
reg__1147: feistel_encrypt__GCBM0, 
reg__178: top__GCB0, 
logic__684: top__GCB0, 
reg__1215: CTR_feistel_decrypt__GC0, 
muxpart__204: top__GCB0, 
reg__928: subbytes__GBM1, 
logic__1423: subbytes__GBM1, 
muxpart__210: top__GCB0, 
reg__1207: CTR_feistel_encrypt__GC0, 
reg__776: top__GCB0, 
reg__246: top__GCB0, 
logic__449: top__GCB0, 
logic__478: top__GCB0, 
muxpart__242: top__GCB0, 
muxpart__114: top__GCB0, 
reg__1193: CTR_feistel_encrypt__GC0, 
reg__810: top__GCB0, 
reg__229: top__GCB0, 
logic__1427: subbytes__GBM1, 
reg__47: top__GCB0, 
logic__1319: subbytes__GBM1, 
logic__1625: subbytes__GBM1, 
muxpart__226: top__GCB0, 
reg__703: top__GCB0, 
muxpart__424: subbytes__GBM1, 
reg__797: top__GCB0, 
muxpart__378: subbytes__GBM1, 
logic__690: top__GCB0, 
logic__139: top__GCB0, 
logic__161: top__GCB0, 
logic__1562: subbytes__GBM1, 
logic__991: subbytes__GBM1, 
reg__167: top__GCB0, 
muxpart__477: subbytes__GBM1, 
reg__904: subbytes__GBM1, 
logic__1589: subbytes__GBM1, 
reg__351: top__GCB0, 
logic__823: top__GCB0, 
logic__1328: subbytes__GBM1, 
reg__1137: F__GC0, 
datapath__9: top__GCB0, 
reg__821: top__GCB0, 
logic__467: top__GCB0, 
muxpart__290: subbytes__GBM1, 
logic__1646: subbytes__GBM1, 
logic__1604: subbytes__GBM1, 
muxpart__7: sbox_generator, 
muxpart__229: top__GCB0, 
muxpart__127: top__GCB0, 
logic__225: top__GCB0, 
datapath__65: sbox_generator, 
reg__373: top__GCB0, 
reg__1124: key_generator__GC0, 
muxpart__99: top__GCB0, 
logic__744: top__GCB0, 
reg__1093: subbytes__GBM1, 
logic__1447: subbytes__GBM1, 
logic__1731: F__GC0, 
reg__3: top__GCB0, 
reg__842: top__GCB0, 
logic__1574: subbytes__GBM1, 
reg__674: top__GCB0, 
muxpart__494: subbytes__GBM1, 
reg__323: top__GCB0, 
reg__808: top__GCB0, 
logic__389: top__GCB0, 
logic__1676: subbytes__GBM1, 
logic__133: top__GCB0, 
logic__882: top__GCB0, 
reg__285: top__GCB0, 
muxpart__102: top__GCB0, 
logic__1457: subbytes__GBM1, 
logic__211: top__GCB0, 
reg__828: top__GCB0, 
logic__1145: subbytes__GBM1, 
logic__1744: F__GC0, 
logic__472: top__GCB0, 
reg__644: top__GCB0, 
muxpart__22: top__GCB0, 
logic__1448: subbytes__GBM1, 
logic__1130: subbytes__GBM1, 
reg__1165: feistel_encrypt__GCBM0, 
logic__202: top__GCB0, 
reg__882: subbytes__GBM1, 
muxpart__50: top__GCB0, 
reg__201: top__GCB0, 
reg__62: top__GCB0, 
logic__948: subbytes__GBM1, 
reg__796: top__GCB0, 
logic__732: top__GCB0, 
reg__1230: CTR_feistel_decrypt__GC0, 
reg__888: subbytes__GBM1, 
logic__1525: subbytes__GBM1, 
reg__289: top__GCB0, 
reg__55: top__GCB0, 
datapath__64: sbox_generator, 
muxpart__29: top__GCB0, 
reg__982: subbytes__GBM1, 
reg__552: sbox_generator, 
logic__278: top__GCB0, 
muxpart__347: subbytes__GBM1, 
reg__470: top__GCB0, 
logic__1490: subbytes__GBM1, 
muxpart__335: subbytes__GBM1, 
logic__883: top__GCB0, 
reg__707: top__GCB0, 
reg__1028: subbytes__GBM1, 
logic__342: top__GCB0, 
reg__124: top__GCB0, 
reg__459: top__GCB0, 
reg__772: top__GCB0, 
logic__1305: subbytes__GBM1, 
reg__1121: key_generator__GC0, 
logic__470: top__GCB0, 
reg__100: top__GCB0, 
logic__1630: subbytes__GBM1, 
muxpart__231: top__GCB0, 
reg__1222: CTR_feistel_decrypt__GC0, 
reg__786: top__GCB0, 
muxpart__141: top__GCB0, 
reg__813: top__GCB0, 
logic__1277: subbytes__GBM1, 
logic__1673: subbytes__GBM1, 
reg__413: top__GCB0, 
reg__922: subbytes__GBM1, 
muxpart__425: subbytes__GBM1, 
reg__1030: subbytes__GBM1, 
logic__1170: subbytes__GBM1, 
reg__288: top__GCB0, 
muxpart__183: top__GCB0, 
muxpart__111: top__GCB0, 
logic__364: top__GCB0, 
logic__1474: subbytes__GBM1, 
logic__1205: subbytes__GBM1, 
muxpart__73: top__GCB0, 
reg__612: top__GCB0, 
reg__977: subbytes__GBM1, 
reg__711: top__GCB0, 
logic__251: top__GCB0, 
logic__1336: subbytes__GBM1, 
reg__267: top__GCB0, 
logic__1116: subbytes__GBM1, 
logic__1050: subbytes__GBM1, 
muxpart__348: subbytes__GBM1, 
datapath__74: key_generator__GC0, 
reg__457: top__GCB0, 
reg__747: top__GCB0, 
logic__358: top__GCB0, 
logic__515: top__GCB0, 
logic__1146: subbytes__GBM1, 
muxpart__265: top__GCB0, 
logic__1528: subbytes__GBM1, 
reg__275: top__GCB0, 
logic__1435: subbytes__GBM1, 
logic__1283: subbytes__GBM1, 
reg__90: top__GCB0, 
muxpart__44: top__GCB0, 
reg__936: subbytes__GBM1, 
reg__488: top__GCB0, 
reg__605: top__GCB0, 
muxpart__167: top__GCB0, 
logic__1041: subbytes__GBM1, 
reg__869: subbytes__GBM1, 
logic__341: top__GCB0, 
logic__633: top__GCB0, 
logic__34: top__GCB0, 
reg__632: top__GCB0, 
reg__181: top__GCB0, 
muxpart__415: subbytes__GBM1, 
reg__114: top__GCB0, 
muxpart__451: subbytes__GBM1, 
logic__774: top__GCB0, 
logic__1634: subbytes__GBM1, 
reg__152: top__GCB0, 
reg__684: top__GCB0, 
muxpart__252: top__GCB0, 
reg__1125: key_generator__GC0, 
reg__53: top__GCB0, 
reg__1225: CTR_feistel_decrypt__GC0, 
muxpart__532: subbytes__GBM0, 
muxpart__130: top__GCB0, 
muxpart__480: subbytes__GBM1, 
logic__37: top__GCB0, 
reg__403: top__GCB0, 
reg__1168: feistel_encrypt__GCBM0, 
reg__803: top__GCB0, 
logic__188: top__GCB0, 
reg__219: top__GCB0, 
reg__83: top__GCB0, 
logic__120: top__GCB0, 
reg__693: top__GCB0, 
logic__699: top__GCB0, 
reg__277: top__GCB0, 
muxpart__524: subbytes__GBM0, 
reg__97: top__GCB0, 
logic__1024: subbytes__GBM1, 
logic__1060: subbytes__GBM1, 
logic__160: top__GCB0, 
reg__505: top__GCB0, 
muxpart__526: subbytes__GBM0, 
reg__302: top__GCB0, 
logic__1393: subbytes__GBM1, 
logic__1618: subbytes__GBM1, 
logic__850: top__GCB0, 
reg__517: top__GCB0, 
reg__77: top__GCB0, 
logic__886: top__GCB0, 
logic__451: top__GCB0, 
reg__515: top__GCB0, 
reg__592: sbox_generator, 
reg__1139: F__GC0, 
logic__1093: subbytes__GBM1, 
logic__1564: subbytes__GBM1, 
reg__109: top__GCB0, 
reg__498: top__GCB0, 
muxpart__431: subbytes__GBM1, 
reg__955: subbytes__GBM1, 
datapath__12: top__GCB0, 
reg__1055: subbytes__GBM1, 
logic__1105: subbytes__GBM1, 
logic__499: top__GCB0, 
muxpart__118: top__GCB0, 
reg__857: top__GCB0, 
logic__1396: subbytes__GBM1, 
reg__161: top__GCB0, 
reg__200: top__GCB0, 
logic__1163: subbytes__GBM1, 
sawtooth: top__GCB0, 
logic__1556: subbytes__GBM1, 
logic__988: subbytes__GBM1, 
reg__361: top__GCB0, 
reg__1010: subbytes__GBM1, 
logic__1202: subbytes__GBM1, 
reg__721: top__GCB0, 
reg__45: top__GCB0, 
reg__1092: subbytes__GBM1, 
logic__1682: subbytes__GBM1, 
logic__479: top__GCB0, 
reg__261: top__GCB0, 
muxpart__3: sbox_generator, 
reg__998: subbytes__GBM1, 
datapath__25: top__GCB0, 
muxpart__450: subbytes__GBM1, 
muxpart__98: top__GCB0, 
datapath__42: top__GCB0, 
logic__162: top__GCB0, 
muxpart__57: top__GCB0, 
case__16: sbox_generator, 
logic__173: top__GCB0, 
reg__1079: subbytes__GBM1, 
logic__1196: subbytes__GBM1, 
logic__228: top__GCB0, 
reg__749: top__GCB0, 
reg__1019: subbytes__GBM1, 
logic__1469: subbytes__GBM1, 
logic__1586: subbytes__GBM1, 
logic__708: top__GCB0, 
logic__464: top__GCB0, 
reg__408: top__GCB0, 
muxpart__6: sbox_generator, 
datapath__54: sbox_generator, 
reg__865: subbytes__GBM1, 
muxpart__464: subbytes__GBM1, 
logic__1354: subbytes__GBM1, 
reg__1162: feistel_encrypt__GCBM0, 
muxpart__417: subbytes__GBM1, 
datapath__48: top__GCB0, 
muxpart__175: top__GCB0, 
muxpart__501: subbytes__GBM1, 
muxpart__291: subbytes__GBM1, 
reg__145: top__GCB0, 
reg__496: top__GCB0, 
reg__325: top__GCB0, 
muxpart__37: top__GCB0, 
sawtooth__xdcDup__2: top__GCB0, 
reg__359: top__GCB0, 
logic__1057: subbytes__GBM1, 
logic__1397: subbytes__GBM1, 
logic__1339: subbytes__GBM1, 
logic__1021: subbytes__GBM1, 
case__10: top__GCB0, 
logic__998: subbytes__GBM1, 
logic__291: top__GCB0, 
datapath__52: sbox_generator, 
logic__636: top__GCB0, 
floating_point_add: top__GCB0, 
logic__723: top__GCB0, 
logic__505: top__GCB0, 
reg__402: top__GCB0, 
reg__314: top__GCB0, 
logic__1555: subbytes__GBM1, 
muxpart__400: subbytes__GBM1, 
case__1: top__GCB0, 
logic__558: top__GCB0, 
muxpart__33: top__GCB0, 
logic__880: top__GCB0, 
reg__676: top__GCB0, 
logic__1704: F__GC0, 
logic__784: top__GCB0, 
logic__1275: subbytes__GBM1, 
logic__645: top__GCB0, 
reg__1195: CTR_feistel_encrypt__GC0, 
reg__957: subbytes__GBM1, 
reg__1062: subbytes__GBM1, 
reg__121: top__GCB0, 
datapath__40: top__GCB0, 
logic__367: top__GCB0, 
reg__1148: feistel_encrypt__GCBM0, 
logic__1023: subbytes__GBM1, 
logic__1280: subbytes__GBM1, 
muxpart__280: subbytes__GBM1, 
reg__650: top__GCB0, 
logic__1582: subbytes__GBM1, 
reg__1043: subbytes__GBM1, 
logic__609: top__GCB0, 
reg__319: top__GCB0, 
reg__127: top__GCB0, 
logic__1472: subbytes__GBM1, 
reg__826: top__GCB0, 
reg__203: top__GCB0, 
reg__290: top__GCB0, 
logic__997: subbytes__GBM1, 
logic__1124: subbytes__GBM1, 
reg__227: top__GCB0, 
muxpart__316: subbytes__GBM1, 
datapath__13: top__GCB0, 
reg__149: top__GCB0, 
reg__755: top__GCB0, 
reg__529: top__GCB0, 
muxpart__398: subbytes__GBM1, 
muxpart__38: top__GCB0, 
logic__1580: subbytes__GBM1, 
logic__1592: subbytes__GBM1, 
reg__442: top__GCB0, 
reg__480: top__GCB0, 
muxpart__520: subbytes__GBM1, 
reg__208: top__GCB0, 
reg__157: top__GCB0, 
reg__937: subbytes__GBM1, 
reg__664: top__GCB0, 
reg__570: sbox_generator, 
muxpart__342: subbytes__GBM1, 
reg__1151: feistel_encrypt__GCBM0, 
reg__166: top__GCB0, 
reg__675: top__GCB0, 
logic__1642: subbytes__GBM1, 
reg__520: top__GCB0, 
reg__997: subbytes__GBM1, 
reg__1105: subbytes__GBM1, 
reg__1142: F__GC0, 
logic__56: top__GCB0, 
muxpart__402: subbytes__GBM1, 
reg__689: top__GCB0, 
muxpart__266: top__GCB0, 
datapath__30: top__GCB0, 
reg__539: top__GCB0, 
reg__80: top__GCB0, 
logic__1703: F__GC0, 
muxpart__202: top__GCB0, 
logic__973: subbytes__GBM1, 
reg__616: top__GCB0, 
logic__946: subbytes__GBM1, 
reg__159: top__GCB0, 
logic__276: top__GCB0, 
logic__753: top__GCB0, 
reg__297: top__GCB0, 
reg__449: top__GCB0, 
reg__710: top__GCB0, 
reg__1109: subbytes__GBM1, 
logic__1197: subbytes__GBM1, 
logic__232: top__GCB0, 
reg__1029: subbytes__GBM1, 
muxpart__388: subbytes__GBM1, 
logic__951: subbytes__GBM1, 
logic__673: top__GCB0, 
datapath__34: top__GCB0, 
case__29: CTR_feistel_decrypt__GC0, CTR_feistel_encrypt__GC0, 
reg__1233: CTR_feistel_decrypt__GC0, 
logic__1504: subbytes__GBM1, 
reg__1113: subbytes__GBM1, 
reg__376: top__GCB0, 
logic__1672: subbytes__GBM1, 
reg__1238: CTR_feistel_decrypt__GC0, 
reg__1011: subbytes__GBM1, 
logic__742: top__GCB0, 
logic__953: subbytes__GBM1, 
logic__42: top__GCB0, 
muxpart__85: top__GCB0, 
logic__43: top__GCB0, 
muxpart__365: subbytes__GBM1, 
reg__384: top__GCB0, 
logic__1345: subbytes__GBM1, 
reg__698: top__GCB0, 
reg__437: top__GCB0, 
reg__1110: subbytes__GBM1, 
muxpart__519: subbytes__GBM1, 
reg__353: top__GCB0, 
logic__1003: subbytes__GBM1, 
reg__1239: CTR_feistel_decrypt__GC0, 
muxpart__511: subbytes__GBM1, 
reg__427: top__GCB0, 
reg__607: top__GCB0, 
reg__831: top__GCB0, 
reg__985: subbytes__GBM1, 
reg__825: top__GCB0, 
logic__1312: subbytes__GBM1, 
reg__669: top__GCB0, 
reg__399: top__GCB0, 
logic__410: top__GCB0, 
reg__410: top__GCB0, 
reg__387: top__GCB0, 
reg__115: top__GCB0, 
logic__326: top__GCB0, 
reg__78: top__GCB0, 
muxpart__293: subbytes__GBM1, 
reg__183: top__GCB0, 
reg__65: top__GCB0, 
case__30: CTR_feistel_decrypt__GC0, CTR_feistel_encrypt__GC0, 
reg__975: subbytes__GBM1, 
datapath__8: top__GCB0, 
reg__809: top__GCB0, 
reg__805: top__GCB0, 
logic__1018: subbytes__GBM1, 
muxpart__213: top__GCB0, 
muxpart__239: top__GCB0, 
reg__593: sbox_generator, 
reg__683: top__GCB0, 
datapath__66: sbox_generator, 
reg__91: top__GCB0, 
logic__1254: subbytes__GBM1, 
muxpart__201: top__GCB0, 
logic__956: subbytes__GBM1, 
muxpart__528: subbytes__GBM0, 
logic__6: top__GCB0, 
logic__1747: F__GC0, 
logic__1244: subbytes__GBM1, 
logic__1315: subbytes__GBM1, 
reg__952: subbytes__GBM1, 
reg__426: top__GCB0, 
logic__1290: subbytes__GBM1, 
logic__1352: subbytes__GBM1, 
muxpart__152: top__GCB0, 
reg__725: top__GCB0, 
logic__246: top__GCB0, 
sbox_generator: sbox_generator, 
logic__1441: subbytes__GBM1, 
logic__828: top__GCB0, 
logic__272: top__GCB0, 
logic__1681: subbytes__GBM1, 
reg__1117: subbytes__GBM1, 
muxpart__410: subbytes__GBM1, 
reg__868: subbytes__GBM1, 
reg__590: sbox_generator, 
reg__425: top__GCB0, 
muxpart__70: top__GCB0, 
logic__768: top__GCB0, 
logic__1502: subbytes__GBM1, 
muxpart__2: top__GCB0, 
muxpart__34: top__GCB0, 
logic__50: top__GCB0, 
reg__1027: subbytes__GBM1, 
reg__740: top__GCB0, 
logic__1232: subbytes__GBM1, 
reg__240: top__GCB0, 
muxpart__303: subbytes__GBM1, 
logic__427: top__GCB0, 
logic__1221: subbytes__GBM1, 
logic__1181: subbytes__GBM1, 
logic__718: top__GCB0, 
muxpart__509: subbytes__GBM1, 
reg__430: top__GCB0, 
reg__678: top__GCB0, 
muxpart__283: subbytes__GBM1, 
reg__1012: subbytes__GBM1, 
reg__898: subbytes__GBM1, 
reg__744: top__GCB0, 
logic__685: top__GCB0, 
muxpart__351: subbytes__GBM1, 
logic__394: top__GCB0, 
datapath__28: top__GCB0, 
logic__436: top__GCB0, 
reg__8: top__GCB0, 
logic__300: top__GCB0, 
reg__1176: CTR_feistel_encrypt__GC0, 
reg__88: top__GCB0, 
reg__418: top__GCB0, 
logic__1108: subbytes__GBM1, 
muxpart__407: subbytes__GBM1, 
reg__1066: subbytes__GBM1, 
logic__512: top__GCB0, 
logic__1654: subbytes__GBM1, 
logic__112: top__GCB0, 
logic__275: top__GCB0, 
reg__34: top__GCB0, 
muxpart__363: subbytes__GBM1, 
logic__490: top__GCB0, 
reg__503: top__GCB0, 
logic__1577: subbytes__GBM1, 
logic__191: top__GCB0, 
reg__283: top__GCB0, 
reg__191: top__GCB0, 
logic__1269: subbytes__GBM1, 
reg__235: top__GCB0, 
reg__211: top__GCB0, 
reg__1205: CTR_feistel_encrypt__GC0, 
reg__630: top__GCB0, 
muxpart__341: subbytes__GBM1, 
logic__651: top__GCB0, 
logic__682: top__GCB0, 
logic__1436: subbytes__GBM1, 
logic__669: top__GCB0, 
reg__41: top__GCB0, 
reg__1005: subbytes__GBM1, 
muxpart__241: top__GCB0, 
muxpart__60: top__GCB0, 
reg__606: top__GCB0, 
muxpart__161: top__GCB0, 
logic__1302: subbytes__GBM1, 
reg__237: top__GCB0, 
reg__150: top__GCB0, 
muxpart__318: subbytes__GBM1, 
reg__793: top__GCB0, 
reg__568: sbox_generator, 
logic__1217: subbytes__GBM1, 
muxpart__84: top__GCB0, 
logic__493: top__GCB0, 
logic__1406: subbytes__GBM1, 
logic__177: top__GCB0, 
muxpart__215: top__GCB0, 
logic__568: top__GCB0, 
logic__1004: subbytes__GBM1, 
logic__1125: subbytes__GBM1, 
logic__1498: subbytes__GBM1, 
reg__824: top__GCB0, 
muxpart__78: top__GCB0, 
logic__1033: subbytes__GBM1, 
logic__320: top__GCB0, 
logic__1543: subbytes__GBM1, 
logic__1157: subbytes__GBM1, 
reg__1076: subbytes__GBM1, 
counter__1: subbytes__GBM1, 
reg__81: top__GCB0, 
logic__108: top__GCB0, 
logic__154: sbox_generator, 
logic__532: top__GCB0, 
logic__377: top__GCB0, 
datapath__7: top__GCB0, 
logic__134: top__GCB0, 
reg__916: subbytes__GBM1, 
logic__333: top__GCB0, 
reg__877: subbytes__GBM1, 
logic__1585: subbytes__GBM1, 
logic__252: top__GCB0, 
CTR_feistel_encrypt__GC0: CTR_feistel_encrypt__GC0, 
reg__702: top__GCB0, 
reg__390: top__GCB0, 
reg__920: subbytes__GBM1, 
reg__530: top__GCB0, 
muxpart__484: subbytes__GBM1, 
case__24: CTR_feistel_decrypt__GC0, CTR_feistel_encrypt__GC0, 
logic__1607: subbytes__GBM1, 
reg__672: top__GCB0, 
muxpart__48: top__GCB0, 
reg__790: top__GCB0, 
reg__409: top__GCB0, 
logic__1187: subbytes__GBM1, 
sigma: top__GCB0, 
reg__474: top__GCB0, 
datapath__53: sbox_generator, 
logic__1394: subbytes__GBM1, 
logic__898: top__GCB0, 
reg__655: top__GCB0, 
reg__1146: feistel_encrypt__GCBM0, 
reg__143: top__GCB0, 
logic__1516: subbytes__GBM1, 
logic__1388: subbytes__GBM1, 
muxpart__253: top__GCB0, 
reg__960: subbytes__GBM1, 
logic__290: top__GCB0, 
logic__960: subbytes__GBM1, 
logic__1253: subbytes__GBM1, 
case__27: CTR_feistel_decrypt__GC0, CTR_feistel_encrypt__GC0, 
reg__751: top__GCB0, 
reg__666: top__GCB0, 
reg__993: subbytes__GBM1, 
logic__1114: subbytes__GBM1, 
logic__868: top__GCB0, 
muxpart__235: top__GCB0, 
logic__1426: subbytes__GBM1, 
logic__885: top__GCB0, 
logic__1262: subbytes__GBM1, 
logic__484: top__GCB0, 
reg__782: top__GCB0, 
logic__1603: subbytes__GBM1, 
logic__311: top__GCB0, 
logic__1287: subbytes__GBM1, 
reg__1051: subbytes__GBM1, 
reg__43: top__GCB0, 
case__22: key_generator__GC0, 
muxpart__382: subbytes__GBM1, 
reg__1191: CTR_feistel_encrypt__GC0, 
logic__624: top__GCB0, 
reg__226: top__GCB0, 
reg__843: top__GCB0, 
muxpart__200: top__GCB0, 
reg__321: top__GCB0, 
reg__800: top__GCB0, 
logic__676: top__GCB0, 
logic__1523: subbytes__GBM1, 
muxpart__140: top__GCB0, 
reg__885: subbytes__GBM1, 
logic__822: top__GCB0, 
muxpart__442: subbytes__GBM1, 
reg__757: top__GCB0, 
muxpart__159: top__GCB0, 
muxpart__105: top__GCB0, 
logic__1387: subbytes__GBM1, 
reg__334: top__GCB0, 
reg__197: top__GCB0, 
reg__1203: CTR_feistel_encrypt__GC0, 
reg__680: top__GCB0, 
muxpart__59: top__GCB0, 
logic__547: top__GCB0, 
logic__231: top__GCB0, 
reg__700: top__GCB0, 
case__28: CTR_feistel_decrypt__GC0, CTR_feistel_encrypt__GC0, 
logic__783: top__GCB0, 
logic__57: top__GCB0, 
muxpart__69: top__GCB0, 
reg__196: top__GCB0, 
logic__977: subbytes__GBM1, 
datapath__22: top__GCB0, 
logic__1695: CTR_feistel_decrypt__GC0, CTR_feistel_encrypt__GC0, 
reg__299: top__GCB0, 
reg__1089: subbytes__GBM1, 
logic__370: top__GCB0, 
logic__1691: CTR_feistel_decrypt__GC0, CTR_feistel_encrypt__GC0, 
logic__1006: subbytes__GBM1, 
logic__1266: subbytes__GBM1, 
logic__795: top__GCB0, 
reg__245: top__GCB0, 
reg__681: top__GCB0, 
reg__1103: subbytes__GBM1, 
muxpart__128: top__GCB0, 
reg__704: top__GCB0, 
reg__276: top__GCB0, 
reg__394: top__GCB0, 
muxpart__507: subbytes__GBM1, 
reg__980: subbytes__GBM1, 
muxpart__461: subbytes__GBM1, 
reg__853: top__GCB0, 
reg__1080: subbytes__GBM1, 
muxpart__124: top__GCB0, 
reg__718: top__GCB0, 
reg__218: top__GCB0, 
logic__1483: subbytes__GBM1, 
muxpart__208: top__GCB0, 
reg__479: top__GCB0, 
reg__819: top__GCB0, 
reg__917: subbytes__GBM1, 
muxpart__193: top__GCB0, 
logic__511: top__GCB0, 
muxpart__305: subbytes__GBM1, 
logic__318: top__GCB0, 
reg__342: top__GCB0, 
muxpart__439: subbytes__GBM1, 
muxpart__263: top__GCB0, 
logic__158: top__GCB0, 
reg__1052: subbytes__GBM1, 
reg__1243: CTR_feistel_decrypt__GC0, 
reg__811: top__GCB0, 
logic__1442: subbytes__GBM1, 
logic__1007: subbytes__GBM1, 
logic__1439: subbytes__GBM1, 
reg__962: subbytes__GBM1, 
F__GC0: F__GC0, 
logic__1463: subbytes__GBM1, 
reg__783: top__GCB0, 
reg__905: subbytes__GBM1, 
reg__943: subbytes__GBM1, 
logic__362: top__GCB0, 
logic__1480: subbytes__GBM1, 
logic__419: top__GCB0, 
reg__466: top__GCB0, 
reg__763: top__GCB0, 
logic__208: top__GCB0, 
case__3: top__GCB0, 
reg__1036: subbytes__GBM1, 
logic__1062: subbytes__GBM1, 
muxpart__246: top__GCB0, 
logic__745: top__GCB0, 
muxpart__394: subbytes__GBM1, 
logic__386: top__GCB0, 
logic__959: subbytes__GBM1, 
logic__1229: subbytes__GBM1, 
logic__1510: subbytes__GBM1, 
muxpart__366: subbytes__GBM1, 
reg__428: top__GCB0, 
muxpart__68: top__GCB0, 
reg__312: top__GCB0, 
reg__531: top__GCB0, 
affine_transform: top__GCB0, 
reg__51: top__GCB0, 
reg__1002: subbytes__GBM1, 
reg__860: subbytes__GBM1, 
reg__84: top__GCB0, 
reg__1041: subbytes__GBM1, 
logic__1054: subbytes__GBM1, 
reg__188: top__GCB0, 
reg__279: top__GCB0, 
reg__233: top__GCB0, 
reg__481: top__GCB0, 
reg__686: top__GCB0, 
muxpart__357: subbytes__GBM1, 
reg__649: top__GCB0, 
logic__856: top__GCB0, 
logic__688: top__GCB0, 
reg__318: top__GCB0, 
muxpart__533: subbytes__GBM0, 
logic__223: top__GCB0, 
logic__400: top__GCB0, 
muxpart__189: top__GCB0, 
logic__142: sbox_generator, 
logic__415: top__GCB0, 
reg__915: subbytes__GBM1, 
muxpart__492: subbytes__GBM1, 
reg__262: top__GCB0, 
logic__1561: subbytes__GBM1, 
reg__221: top__GCB0, 
muxpart__521: subbytes__GBM1, 
reg__1156: feistel_encrypt__GCBM0, 
datapath__51: sbox_generator, 
reg__822: top__GCB0, 
muxpart__426: subbytes__GBM1, 
muxpart__259: top__GCB0, 
reg__495: top__GCB0, 
logic__1420: subbytes__GBM1, 
muxpart__108: top__GCB0, 
muxpart__275: subbytes__GBM1, 
datapath__5: top__GCB0, 
reg__132: top__GCB0, 
logic__424: top__GCB0, 
reg__754: top__GCB0, 
logic__1158: subbytes__GBM1, 
logic__168: top__GCB0, 
muxpart__9: top__GCB0, 
reg__1226: CTR_feistel_decrypt__GC0, 
pla: key_generator__GC0, 
logic__1102: subbytes__GBM1, 
reg__169: top__GCB0, 
datapath__14: top__GCB0, 
reg__57: top__GCB0, 
reg__536: top__GCB0, 
logic__861: top__GCB0, 
logic__1161: subbytes__GBM1, 
reg__611: top__GCB0, 
reg__622: top__GCB0, 
muxpart__138: top__GCB0, 
reg__716: top__GCB0, 
reg__69: top__GCB0, 
logic__622: top__GCB0, 
reg__1132: CTR_feistel_decrypt__GC0, CTR_feistel_encrypt__GC0, 
reg__852: top__GCB0, 
reg__1127: CTR_feistel_decrypt__GC0, CTR_feistel_encrypt__GC0, 
reg__493: top__GCB0, 
logic__627: top__GCB0, 
logic__395: top__GCB0, 
subbytes__GBM1: subbytes__GBM1, 
reg__875: subbytes__GBM1, 
logic__309: top__GCB0, 
logic__1230: subbytes__GBM1, 
logic__182: top__GCB0, 
reg__739: top__GCB0, 
logic__989: subbytes__GBM1, 
reg__172: top__GCB0, 
muxpart__216: top__GCB0, 
reg__785: top__GCB0, 
reg__313: top__GCB0, 
logic__1208: subbytes__GBM1, 
logic__1444: subbytes__GBM1, 
logic__261: top__GCB0, 
logic__1111: subbytes__GBM1, 
reg__623: top__GCB0, 
logic__1355: subbytes__GBM1, 
logic__540: top__GCB0, 
reg__485: top__GCB0, 
reg__160: top__GCB0, 
reg__667: top__GCB0, 
reg__74: top__GCB0, 
reg__753: top__GCB0, 
logic__1059: subbytes__GBM1, 
reg__1221: CTR_feistel_decrypt__GC0, 
muxpart__449: subbytes__GBM1, 
reg__634: top__GCB0, 
reg__931: subbytes__GBM1, 
logic__903: top__GCB0, 
reg__1217: CTR_feistel_decrypt__GC0, 
reg__19: top__GCB0, 
reg__1063: subbytes__GBM1, 
reg__938: subbytes__GBM1, 
datapath__59: sbox_generator, 
reg__1025: subbytes__GBM1, 
reg__1024: subbytes__GBM1, 
logic__1166: subbytes__GBM1, 
reg__176: top__GCB0, 
muxpart__112: top__GCB0, 
logic__350: top__GCB0, 
logic__926: subbytes__GBM1, 
logic__1558: subbytes__GBM1, 
reg__1120: key_generator__GC0, 
reg__979: subbytes__GBM1, 
logic__329: top__GCB0, 
reg__546: top__GCB0, 
reg__550: top__GCB0, 
logic__904: top__GCB0, 
logic__506: top__GCB0, 
reg__117: top__GCB0, 
logic__1493: subbytes__GBM1, 
logic__813: top__GCB0, 
muxpart__444: subbytes__GBM1, 
reg__526: top__GCB0, 
reg__1134: CTR_feistel_decrypt__GC0, CTR_feistel_encrypt__GC0, 
muxpart__174: top__GCB0, 
logic__1535: subbytes__GBM1, 
reg__254: top__GCB0, 
logic__775: top__GCB0, 
reg__567: sbox_generator, 
reg__603: top__GCB0, 
reg__205: top__GCB0, 
reg__1082: subbytes__GBM1, 
logic__323: top__GCB0, 
reg__473: top__GCB0, 
reg__1006: subbytes__GBM1, 
logic__1622: subbytes__GBM1, 
reg__1057: subbytes__GBM1, 
muxpart__247: top__GCB0, 
logic__817: top__GCB0, 
muxpart__405: subbytes__GBM1, 
muxpart__243: top__GCB0, 
reg__518: top__GCB0, 
datapath__23: top__GCB0, 
logic__1591: subbytes__GBM1, 
muxpart__179: top__GCB0, 
addroundkey: F__GC0, 
reg__545: top__GCB0, 
muxpart__489: subbytes__GBM1, 
reg__572: sbox_generator, 
reg__464: top__GCB0, 
reg__223: top__GCB0, 
logic__577: top__GCB0, 
muxpart__334: subbytes__GBM1, 
reg__524: top__GCB0, 
muxpart__233: top__GCB0, 
logic__655: top__GCB0, 
reg__146: top__GCB0, 
reg__794: top__GCB0, 
muxpart__177: top__GCB0, 
reg__973: subbytes__GBM1, 
logic__1363: subbytes__GBM1, 
logic__1361: subbytes__GBM1, 
logic__179: top__GCB0, 
reg__561: sbox_generator, 
muxpart__332: subbytes__GBM1, 
datapath__1: top__GCB0, 
reg__759: top__GCB0, 
reg__900: subbytes__GBM1, 
reg__1144: feistel_encrypt__GCBM0, 
logic__694: top__GCB0, 
logic__664: top__GCB0, 
reg__504: top__GCB0, 
reg__889: subbytes__GBM1, 
muxpart__322: subbytes__GBM1, 
reg__360: top__GCB0, 
logic__1571: subbytes__GBM1, 
reg: top__GCB0, 
logic__1298: subbytes__GBM1, 
muxpart__123: top__GCB0, 
reg__537: top__GCB0, 
reg__522: top__GCB0, 
logic__1074: subbytes__GBM1, 
reg__621: top__GCB0, 
reg__910: subbytes__GBM1, 
reg__461: top__GCB0, 
reg__958: subbytes__GBM1, 
muxpart__220: top__GCB0, 
reg__640: top__GCB0, 
logic__983: subbytes__GBM1, 
reg__308: top__GCB0, 
logic__700: top__GCB0, 
muxpart__359: subbytes__GBM1, 
logic__585: top__GCB0, 
reg__908: subbytes__GBM1, 
logic__111: top__GCB0, 
reg__762: top__GCB0, 
muxpart__232: top__GCB0, 
muxpart__35: top__GCB0, 
muxpart__485: subbytes__GBM1, 
reg__662: top__GCB0, 
logic__763: top__GCB0, 
reg__369: top__GCB0, 
reg__1143: feistel_encrypt__GCBM0, 
muxpart__362: subbytes__GBM1, 
logic__166: top__GCB0, 
reg__804: top__GCB0, 
logic__1194: subbytes__GBM1, 
muxpart__523: subbytes__GBM0, 
reg__311: top__GCB0, 
reg__981: subbytes__GBM1, 
muxpart__391: subbytes__GBM1, 
logic__102: top__GCB0, 
reg__1135: CTR_feistel_decrypt__GC0, CTR_feistel_encrypt__GC0, 
logic__1296: subbytes__GBM1, 
reg__701: top__GCB0, 
reg__654: top__GCB0, 
reg__284: top__GCB0, 
muxpart__469: subbytes__GBM1, 
logic__1169: subbytes__GBM1, 
reg__104: top__GCB0, 
muxpart__358: subbytes__GBM1, 
reg__93: top__GCB0, 
reg__609: top__GCB0, 
logic__1773: feistel_encrypt__GCBM0, 
reg__1241: CTR_feistel_decrypt__GC0, 
reg__471: top__GCB0, 
muxpart__166: top__GCB0, 
reg__594: sbox_generator, 
reg__383: top__GCB0, 
reg__1037: subbytes__GBM1, 
reg__404: top__GCB0, 
logic__1430: subbytes__GBM1, 
reg__24: top__GCB0, 
muxpart__374: subbytes__GBM1, 
logic__939: subbytes__GBM1, 
logic__1529: subbytes__GBM1, 
muxpart__30: top__GCB0, 
reg__379: top__GCB0, 
reg__617: top__GCB0, 
reg__1090: subbytes__GBM1, 
muxpart__282: subbytes__GBM1, 
muxpart__490: subbytes__GBM1, 
reg__333: top__GCB0, 
logic__906: top__GCB0, 
logic__1751: F__GC0, 
reg__984: subbytes__GBM1, 
reg__234: top__GCB0, 
reg__264: top__GCB0, 
logic__494: top__GCB0, 
logic__255: top__GCB0, 
logic__1000: subbytes__GBM1, 
muxpart__502: subbytes__GBM1, 
datapath__32: top__GCB0, 
reg__619: top__GCB0, 
reg__727: top__GCB0, 
reg__419: top__GCB0, 
logic__1176: subbytes__GBM1, 
reg__304: top__GCB0, 
logic__404: top__GCB0, 
reg__696: top__GCB0, 
muxpart__467: subbytes__GBM1, 
logic__766: top__GCB0, 
logic__178: top__GCB0, 
reg__506: top__GCB0, 
muxpart__63: top__GCB0, 
logic__1289: subbytes__GBM1, 
logic__1133: subbytes__GBM1, 
reg__1101: subbytes__GBM1, 
reg__600: top__GCB0, 
reg__257: top__GCB0, 
muxpart__331: subbytes__GBM1, 
reg__730: top__GCB0, 
logic__792: top__GCB0, 
reg__1065: subbytes__GBM1, 
reg__1064: subbytes__GBM1, 
muxpart__289: subbytes__GBM1, 
muxpart__452: subbytes__GBM1, 
logic__1505: subbytes__GBM1, 
logic__1089: subbytes__GBM1, 
logic__207: top__GCB0, 
reg__935: subbytes__GBM1, 
reg__1155: feistel_encrypt__GCBM0, 
logic__1496: subbytes__GBM1, 
reg__232: top__GCB0, 
logic__83: top__GCB0, 
reg__756: top__GCB0, 
reg__629: top__GCB0, 
muxpart__255: top__GCB0, 
reg__241: top__GCB0, 
muxpart__476: subbytes__GBM1, 
muxpart__148: top__GCB0, 
logic__247: top__GCB0, 
reg__266: top__GCB0, 
reg__535: top__GCB0, 
reg__158: top__GCB0, 
muxpart__144: top__GCB0, 
logic__214: top__GCB0, 
logic__1777: CTR_feistel_decrypt__GC0, 
muxpart__234: top__GCB0, 
reg__23: top__GCB0, 
reg__834: top__GCB0, 
logic__1429: subbytes__GBM1, 
reg__1177: CTR_feistel_encrypt__GC0, 
reg__4: top__GCB0, 
reg__912: subbytes__GBM1, 
reg__1210: CTR_feistel_decrypt__GC0, 
reg__335: top__GCB0, 
reg__1014: subbytes__GBM1, 
muxpart__28: top__GCB0, 
reg__1122: key_generator__GC0, 
reg__1094: subbytes__GBM1, 
logic__574: top__GCB0, 
reg__872: subbytes__GBM1, 
muxpart__487: subbytes__GBM1, 
muxpart__497: subbytes__GBM1, 
reg__455: top__GCB0, 
reg__1171: feistel_encrypt__GCBM0, 
subbytes__GBM0: subbytes__GBM0, 
datapath__37: top__GCB0, 
reg__694: top__GCB0, 
logic__756: top__GCB0, 
reg__438: top__GCB0, 
reg__272: top__GCB0, 
logic__1460: subbytes__GBM1, 
logic__445: top__GCB0, 
muxpart__56: top__GCB0, 
logic__1364: subbytes__GBM1, 
reg__126: top__GCB0, 
logic__1072: subbytes__GBM1, 
muxpart__389: subbytes__GBM1, 
logic__801: top__GCB0, 
reg__642: top__GCB0, 
datapath__50: top__GCB0, 
muxpart__172: top__GCB0, 
muxpart__203: top__GCB0, 
logic__425: top__GCB0, 
logic__1184: subbytes__GBM1, 
muxpart__113: top__GCB0, 
logic__648: top__GCB0, 
logic__1537: subbytes__GBM1, 
reg__658: top__GCB0, 
logic__138: top__GCB0, 
reg__989: subbytes__GBM1, 
logic__1694: CTR_feistel_decrypt__GC0, CTR_feistel_encrypt__GC0, 
logic__901: top__GCB0, 
reg__1126: CTR_feistel_decrypt__GC0, CTR_feistel_encrypt__GC0, 
muxpart__500: subbytes__GBM1, 
reg__946: subbytes__GBM1, 
reg__549: top__GCB0, 
reg__336: top__GCB0, 
muxpart__414: subbytes__GBM1, 
reg__894: subbytes__GBM1, 
logic__299: top__GCB0, 
logic__136: top__GCB0, 
muxpart__258: top__GCB0, 
reg__951: subbytes__GBM1, 
muxpart__471: subbytes__GBM1, 
reg__207: top__GCB0, 
logic__1373: subbytes__GBM1, 
logic__714: top__GCB0, 
muxpart__505: subbytes__GBM1, 
logic__1728: F__GC0, 
muxpart__310: subbytes__GBM1, 
logic__589: top__GCB0, 
reg__307: top__GCB0, 
reg__1213: CTR_feistel_decrypt__GC0, 
muxpart__230: top__GCB0, 
muxpart__537: subbytes__GBM1, 
reg__165: top__GCB0, 
logic__1462: subbytes__GBM1, 
logic__1188: subbytes__GBM1, 
logic__962: subbytes__GBM1, 
logic__1154: subbytes__GBM1, 
logic__1640: subbytes__GBM1, 
logic__281: top__GCB0, 
reg__799: top__GCB0, 
logic__379: top__GCB0, 
reg__136: top__GCB0, 
logic__526: top__GCB0, 
muxpart__377: subbytes__GBM1, 
muxpart__257: top__GCB0, 
logic__1471: subbytes__GBM1, 
reg__899: subbytes__GBM1, 
muxpart__321: subbytes__GBM1, 
reg__918: subbytes__GBM1, 
reg__391: top__GCB0, 
muxpart__13: top__GCB0, 
muxpart__46: top__GCB0, 
reg__801: top__GCB0, 
muxpart__301: subbytes__GBM1, 
reg__433: top__GCB0, 
reg__138: top__GCB0, 
case__4: top__GCB0, 
datapath__62: sbox_generator, 
logic__942: subbytes__GBM1, 
reg__411: top__GCB0, 
extractor: sbox_generator, 
reg__578: sbox_generator, 
logic__712: top__GCB0, 
reg__933: subbytes__GBM1, 
logic__1583: subbytes__GBM1, 
reg__111: top__GCB0, 
datapath__11: top__GCB0, 
reg__2: top__GCB0, 
logic__538: top__GCB0, 
reg__148: top__GCB0, 
reg__1131: CTR_feistel_decrypt__GC0, CTR_feistel_encrypt__GC0, 
reg__436: top__GCB0, 
muxpart__437: subbytes__GBM1, 
logic__190: top__GCB0, 
reg__328: top__GCB0, 
reg__837: top__GCB0, 
reg__647: top__GCB0, 
logic__1087: subbytes__GBM1, 
reg__839: top__GCB0, 
muxpart__418: subbytes__GBM1, 
muxpart__478: subbytes__GBM1, 
reg__492: top__GCB0, 
logic__234: top__GCB0, 
reg__1169: feistel_encrypt__GCBM0, 
logic__1409: subbytes__GBM1, 
reg__855: top__GCB0, 
reg__1022: subbytes__GBM1, 
reg__820: top__GCB0, 
reg__1231: CTR_feistel_decrypt__GC0, 
reg__745: top__GCB0, 
logic__1178: subbytes__GBM1, 
reg__338: top__GCB0, 
logic__302: top__GCB0, 
reg__999: subbytes__GBM1, 
logic__1203: subbytes__GBM1, 
reg__1114: subbytes__GBM1, 
muxpart__27: top__GCB0, 
logic__1293: subbytes__GBM1, 
logic__1053: subbytes__GBM1, 
reg__32: top__GCB0, 
logic__71: top__GCB0, 
reg__31: top__GCB0, 
logic__296: top__GCB0, 
reg__1196: CTR_feistel_encrypt__GC0, 
logic__982: subbytes__GBM1, 
logic__235: top__GCB0, 
reg__1244: CTR_feistel_decrypt__GC0, 
reg__441: top__GCB0, 
reg__447: top__GCB0, 
logic__874: top__GCB0, 
logic__709: top__GCB0, 
logic__458: top__GCB0, 
logic__1348: subbytes__GBM1, 
reg__1182: CTR_feistel_encrypt__GC0, 
reg__1075: subbytes__GBM1, 
logic__1735: F__GC0, 
logic__149: sbox_generator, 
reg__760: top__GCB0, 
reg__1009: subbytes__GBM1, 
muxpart__433: subbytes__GBM1, 
muxpart__325: subbytes__GBM1, 
logic__1131: subbytes__GBM1, 
reg__643: top__GCB0, 
reg__421: top__GCB0, 
reg__446: top__GCB0, 
reg__263: top__GCB0, 
logic__1247: subbytes__GBM1, 
reg__1032: subbytes__GBM1, 
reg__879: subbytes__GBM1, 
logic__1215: subbytes__GBM1, 
logic__1552: subbytes__GBM1, 
logic__1090: subbytes__GBM1, 
muxpart__219: top__GCB0, 
reg__780: top__GCB0, 
muxpart__76: top__GCB0, 
reg__195: top__GCB0, 
reg__1178: CTR_feistel_encrypt__GC0, 
datapath__38: top__GCB0, 
muxpart__51: top__GCB0, 
muxpart__380: subbytes__GBM1, 
reg__835: top__GCB0, 
muxpart__153: top__GCB0, 
logic__1522: subbytes__GBM1, 
reg__118: top__GCB0, 
case__15: top__GCB0, 
logic__529: top__GCB0, 
logic__625: top__GCB0, 
reg__767: top__GCB0, 
logic__1526: subbytes__GBM1, 
muxpart__190: top__GCB0, 
logic__210: top__GCB0, 
logic__679: top__GCB0, 
logic__1292: subbytes__GBM1, 
reg__971: subbytes__GBM1, 
logic__270: top__GCB0, 
logic__1651: subbytes__GBM1, 
logic__119: top__GCB0, 
reg__547: top__GCB0, 
logic__793: top__GCB0, 
reg__1034: subbytes__GBM1, 
logic__726: top__GCB0, 
logic__1565: subbytes__GBM1, 
reg__220: top__GCB0, 
logic__1628: subbytes__GBM1, 
reg__75: top__GCB0, 
reg__586: sbox_generator, 
muxpart__160: top__GCB0, 
muxpart__436: subbytes__GBM1, 
reg__544: top__GCB0, 
reg__921: subbytes__GBM1, 
reg__258: top__GCB0, 
logic__1212: subbytes__GBM1, 
reg__339: top__GCB0, 
reg__959: subbytes__GBM1, 
logic__200: top__GCB0, 
muxpart__313: subbytes__GBM1, 
logic__1239: subbytes__GBM1, 
reg__56: top__GCB0, 
logic__156: sbox_generator, 
reg__1198: CTR_feistel_encrypt__GC0, 
logic__174: top__GCB0, 
reg__224: top__GCB0, 
reg__469: top__GCB0, 
logic__1032: subbytes__GBM1, 
reg__1211: CTR_feistel_decrypt__GC0, 
reg__1081: subbytes__GBM1, 
logic__771: top__GCB0, 
logic__1367: subbytes__GBM1, 
logic__576: top__GCB0, 
reg__1035: subbytes__GBM1, 
reg__385: top__GCB0, 
muxpart__165: top__GCB0, 
reg__20: top__GCB0, 
logic__819: top__GCB0, 
logic__595: top__GCB0, 
reg__580: sbox_generator, 
logic__786: top__GCB0, 
reg__346: top__GCB0, 
logic__691: top__GCB0, 
reg__1107: subbytes__GBM1, 
reg__705: top__GCB0, 
muxpart__319: subbytes__GBM1, 
muxpart__372: subbytes__GBM1, 
case__11: top__GCB0, 
reg__1056: subbytes__GBM1, 
logic__1278: subbytes__GBM1, 
logic__1534: subbytes__GBM1, 
reg__569: sbox_generator, 
reg__844: top__GCB0, 
reg__129: top__GCB0, 
logic__678: top__GCB0, 
reg__1111: subbytes__GBM1, 
logic__1382: subbytes__GBM1, 
logic__894: top__GCB0, 
logic__171: top__GCB0, 
muxpart__199: top__GCB0, 
reg__375: top__GCB0, 
logic__165: top__GCB0, 
muxpart__329: subbytes__GBM1, 
reg__119: top__GCB0, 
logic__1020: subbytes__GBM1, 
reg__173: top__GCB0, 
muxpart__327: subbytes__GBM1, 
logic__1718: F__GC0, 
reg__859: top__GCB0, 
logic__757: top__GCB0, 
muxpart__369: subbytes__GBM1, 
logic__721: top__GCB0, 
reg__6: top__GCB0, 
logic__932: subbytes__GBM1, 
logic__909: top__GCB0, 
reg__89: top__GCB0, 
reg__1112: subbytes__GBM1, 
muxpart__211: top__GCB0, 
muxpart__536: subbytes__GBM1, 
logic__1015: subbytes__GBM1, 
logic__777: top__GCB0, 
reg__59: top__GCB0, 
muxpart__384: subbytes__GBM1, 
logic__980: subbytes__GBM1, 
logic__1179: subbytes__GBM1, 
reg__64: top__GCB0, 
muxpart__96: top__GCB0, 
reg__978: subbytes__GBM1, 
muxpart__45: top__GCB0, 
reg__103: top__GCB0, 
datapath__16: top__GCB0, 
reg__1170: feistel_encrypt__GCBM0, 
logic__1615: subbytes__GBM1, 
reg__722: top__GCB0, 
logic__1403: subbytes__GBM1, 
reg__1047: subbytes__GBM1, 
reg__653: top__GCB0, 
reg__807: top__GCB0, 
reg__259: top__GCB0, 
muxpart__472: subbytes__GBM1, 
muxpart__299: subbytes__GBM1, 
logic__1610: subbytes__GBM1, 
logic__829: top__GCB0, 
reg__668: top__GCB0, 
logic__1235: subbytes__GBM1, 
muxpart__535: subbytes__GBM0, 
reg__186: top__GCB0, 
reg__878: subbytes__GBM1, 
logic__1035: subbytes__GBM1, 
reg__9: top__GCB0, 
logic__159: top__GCB0, 
reg__206: top__GCB0, 
reg__1115: subbytes__GBM1, 
reg__965: subbytes__GBM1, 
muxpart__514: subbytes__GBM1, 
logic__1643: subbytes__GBM1, 
logic__820: top__GCB0, 
muxpart__401: subbytes__GBM1, 
logic__185: top__GCB0, 
reg__54: top__GCB0, 
logic__12: top__GCB0, 
logic__1399: subbytes__GBM1, 
reg__1179: CTR_feistel_encrypt__GC0, 
logic__1613: subbytes__GBM1, 
reg__444: top__GCB0, 
reg__773: top__GCB0, 
muxpart__508: subbytes__GBM1, 
reg__216: top__GCB0, 
logic__1696: CTR_feistel_decrypt__GC0, CTR_feistel_encrypt__GC0, 
muxpart__157: top__GCB0, 
muxpart__207: top__GCB0, 
reg__1149: feistel_encrypt__GCBM0, 
datapath__72: top__GCB0, 
reg__303: top__GCB0, 
logic__1027: subbytes__GBM1, 
muxpart__133: top__GCB0, 
logic__385: top__GCB0, 
reg__317: top__GCB0, 
reg__1167: feistel_encrypt__GCBM0, 
muxpart__361: subbytes__GBM1, 
reg__1119: subbytes__GBM0, 
logic__992: subbytes__GBM1, 
reg__641: top__GCB0, 
reg__748: top__GCB0, 
reg__1061: subbytes__GBM1, 
logic__1492: subbytes__GBM1, 
reg__405: top__GCB0, 
logic__1421: subbytes__GBM1, 
logic__849: top__GCB0, 
logic__618: top__GCB0, 
logic__508: top__GCB0, 
logic__965: subbytes__GBM1, 
reg__273: top__GCB0, 
muxpart__137: top__GCB0, 
logic__14: top__GCB0, 
reg__901: subbytes__GBM1, 
reg__1218: CTR_feistel_decrypt__GC0, 
reg__327: top__GCB0, 
muxpart__297: subbytes__GBM1, 
logic__9: top__GCB0, 
muxpart__256: top__GCB0, 
reg__970: subbytes__GBM1, 
logic__518: top__GCB0, 
logic__1182: subbytes__GBM1, 
muxpart__18: top__GCB0, 
reg__1086: subbytes__GBM1, 
reg__792: top__GCB0, 
reg__1161: feistel_encrypt__GCBM0, 
muxpart__21: top__GCB0, 
reg__1069: subbytes__GBM1, 
reg__76: top__GCB0, 
logic__601: top__GCB0, 
reg__509: top__GCB0, 
muxpart__308: subbytes__GBM1, 
reg__406: top__GCB0, 
muxpart__457: subbytes__GBM1, 
case__9: top__GCB0, 
reg__1097: subbytes__GBM1, 
logic__1245: subbytes__GBM1, 
reg__116: top__GCB0, 
muxpart__512: subbytes__GBM1, 
logic__1342: subbytes__GBM1, 
muxpart__42: top__GCB0, 
reg__764: top__GCB0, 
logic__1568: subbytes__GBM1, 
muxpart__294: subbytes__GBM1, 
reg__489: top__GCB0, 
logic__844: top__GCB0, 
reg__1154: feistel_encrypt__GCBM0, 
logic__1259: subbytes__GBM1, 
logic__1412: subbytes__GBM1, 
logic__303: top__GCB0, 
logic__199: top__GCB0, 
reg__836: top__GCB0, 
muxpart__393: subbytes__GBM1, 
reg__631: top__GCB0, 
muxpart__434: subbytes__GBM1, 
logic__1122: subbytes__GBM1, 
reg__1164: feistel_encrypt__GCBM0, 
reg__614: top__GCB0, 
reg__583: sbox_generator, 
datapath__46: top__GCB0, 
reg__1150: feistel_encrypt__GCBM0, 
reg__579: sbox_generator, 
reg__125: top__GCB0, 
logic__1001: subbytes__GBM1, 
case__25: CTR_feistel_decrypt__GC0, CTR_feistel_encrypt__GC0, 
muxpart__354: subbytes__GBM1, 
reg__1240: CTR_feistel_decrypt__GC0, 
reg__774: top__GCB0, 
reg__123: top__GCB0, 
reg__1044: subbytes__GBM1, 
logic__561: top__GCB0, 
datapath__47: top__GCB0, 
muxpart__132: top__GCB0, 
muxpart__328: subbytes__GBM1, 
reg__964: subbytes__GBM1, 
logic__1271: subbytes__GBM1, 
reg__1033: subbytes__GBM1, 
reg__250: top__GCB0, 
logic__935: subbytes__GBM1, 
reg__494: top__GCB0, 
reg__286: top__GCB0, 
logic__413: top__GCB0, 
reg__1202: CTR_feistel_encrypt__GC0, 
reg__397: top__GCB0, 
logic__769: top__GCB0, 
reg__315: top__GCB0, 
logic__1318: subbytes__GBM1, 
logic__1624: subbytes__GBM1, 
muxpart__522: subbytes__GBM1, 
reg__131: top__GCB0, 
reg__210: top__GCB0, 
reg__1003: subbytes__GBM1, 
muxpart__221: top__GCB0, 
logic__870: top__GCB0, 
reg__1060: subbytes__GBM1, 
muxpart__286: subbytes__GBM1, 
muxpart__72: top__GCB0, 
logic__1250: subbytes__GBM1, 
logic__267: top__GCB0, 
muxpart__12: top__GCB0, 
reg__392: top__GCB0, 
reg__38: top__GCB0, 
logic__1752: F__GC0, 
logic__571: top__GCB0, 
muxpart__260: top__GCB0, 
logic__1128: subbytes__GBM1, 
reg__482: top__GCB0, 
muxpart__323: subbytes__GBM1, 
logic__1220: subbytes__GBM1, 
logic__87: top__GCB0, 
muxpart__168: top__GCB0, 
reg__1187: CTR_feistel_encrypt__GC0, 
reg__945: subbytes__GBM1, 
logic__804: top__GCB0, 
logic__327: top__GCB0, 
logic__297: top__GCB0, 
logic__840: top__GCB0, 
muxpart__195: top__GCB0, 
muxpart__281: subbytes__GBM1, 
datapath__17: top__GCB0, 
datapath__44: top__GCB0, 
reg__791: top__GCB0, 
logic__1486: subbytes__GBM1, 
logic__1098: subbytes__GBM1, 
reg__1236: CTR_feistel_decrypt__GC0, 
logic__642: top__GCB0, 
muxpart__131: top__GCB0, 
muxpart__470: subbytes__GBM1, 
logic__1214: subbytes__GBM1, 
logic__28: top__GCB0, 
reg__1186: CTR_feistel_encrypt__GC0, 
muxpart__360: subbytes__GBM1, 
reg__40: top__GCB0, 
muxpart__518: subbytes__GBM1, 
reg__1194: CTR_feistel_encrypt__GC0, 
reg__487: top__GCB0, 
reg__18: top__GCB0, 
muxpart__89: top__GCB0, 
reg__1071: subbytes__GBM1, 
logic__862: top__GCB0, 
logic__1233: subbytes__GBM1, 
logic__349: top__GCB0, 
reg__1128: CTR_feistel_decrypt__GC0, CTR_feistel_encrypt__GC0, 
reg__991: subbytes__GBM1, 
reg__1054: subbytes__GBM1, 
reg__1242: CTR_feistel_decrypt__GC0, 
muxpart__455: subbytes__GBM1, 
logic__754: top__GCB0, 
reg__862: subbytes__GBM1, 
reg__789: top__GCB0, 
reg__618: top__GCB0, 
logic__361: top__GCB0, 
muxpart__462: subbytes__GBM1, 
logic__1601: subbytes__GBM1, 
muxpart__47: top__GCB0, 
logic__553: top__GCB0, 
reg__659: top__GCB0, 
logic__1019: subbytes__GBM1, 
reg__871: subbytes__GBM1, 
reg__182: top__GCB0, 
reg__22: top__GCB0, 
logic__891: top__GCB0, 
logic__1051: subbytes__GBM1, 
reg__1200: CTR_feistel_encrypt__GC0, 
reg__610: top__GCB0, 
reg__896: subbytes__GBM1, 
reg__380: top__GCB0, 
muxpart__315: subbytes__GBM1, 
logic__607: top__GCB0, 
logic__715: top__GCB0, 
muxpart__343: subbytes__GBM1, 
muxpart__430: subbytes__GBM1, 
logic__1546: subbytes__GBM1, 
reg__1015: subbytes__GBM1, 
logic__552: top__GCB0, 
feistel_encrypt__GCBM0: feistel_encrypt__GCBM0, 
logic__1110: subbytes__GBM1, 
reg__601: top__GCB0, 
muxpart__273: subbytes__GBM1, 
logic__1281: subbytes__GBM1, 
reg__1020: subbytes__GBM1, 
logic__950: subbytes__GBM1, 
logic__1484: subbytes__GBM1, 
reg__35: top__GCB0, 
logic__1066: subbytes__GBM1, 
logic__864: top__GCB0, 
reg__507: top__GCB0, 
logic__248: top__GCB0, 
logic__409: top__GCB0, 
muxpart__77: top__GCB0, 
logic__1738: F__GC0, 
logic__711: top__GCB0, 
reg__832: top__GCB0, 
reg__523: top__GCB0, 
logic__388: top__GCB0, 
reg__940: subbytes__GBM1, 
datapath__6: top__GCB0, 
reg__769: top__GCB0, 
muxpart__90: top__GCB0, 
reg__723: top__GCB0, 
logic__521: top__GCB0, 
reg__94: top__GCB0, 
logic__1083: subbytes__GBM1, 
logic__985: subbytes__GBM1, 
logic__1693: CTR_feistel_decrypt__GC0, CTR_feistel_encrypt__GC0, 
logic__759: top__GCB0, 
reg__278: top__GCB0, 
reg__1091: subbytes__GBM1, 
muxpart__481: subbytes__GBM1, 
muxpart__223: top__GCB0, 
logic__1299: subbytes__GBM1, 
reg__483: top__GCB0, 
logic__1309: subbytes__GBM1, 
logic__376: top__GCB0, 
muxpart__373: subbytes__GBM1, 
reg__475: top__GCB0, 
muxpart__337: subbytes__GBM1, 
logic__720: top__GCB0, 
logic__1071: subbytes__GBM1, 
muxpart__345: subbytes__GBM1, 
logic__949: subbytes__GBM1, 
logic__649: top__GCB0, 
logic__163: top__GCB0, 
reg__1013: subbytes__GBM1, 
reg__712: top__GCB0, 
reg__1199: CTR_feistel_encrypt__GC0, 
reg__1106: subbytes__GBM1, 
reg__340: top__GCB0, 
reg__350: top__GCB0, 
reg__168: top__GCB0, 
logic__816: top__GCB0, 
logic__382: top__GCB0, 
reg__330: top__GCB0, 
reg__588: sbox_generator, 
logic__687: top__GCB0, 
logic__1477: subbytes__GBM1, 
reg__987: subbytes__GBM1, 
logic__1256: subbytes__GBM1, 
reg__443: top__GCB0, 
logic__1675: subbytes__GBM1, 
logic__541: top__GCB0, 
logic__1151: subbytes__GBM1, 
reg__231: top__GCB0, 
reg__417: top__GCB0, 
logic__798: top__GCB0, 
logic__254: top__GCB0, 
muxpart__385: subbytes__GBM1, 
logic__570: top__GCB0, 
reg__1068: subbytes__GBM1, 
logic__865: top__GCB0, 
muxpart__284: subbytes__GBM1, 
logic__1508: subbytes__GBM1, 
muxpart__320: subbytes__GBM1, 
reg__112: top__GCB0, 
reg__247: top__GCB0, 
reg__673: top__GCB0, 
reg__1095: subbytes__GBM1, 
reg__815: top__GCB0, 
muxpart__147: top__GCB0, 
muxpart__488: subbytes__GBM1, 
reg__823: top__GCB0, 
muxpart__506: subbytes__GBM1, 
muxpart__261: top__GCB0, 
reg__932: subbytes__GBM1, 
reg__628: top__GCB0, 
reg__996: subbytes__GBM1, 
datapath__39: top__GCB0, 
reg__29: top__GCB0, 
reg__660: top__GCB0, 
muxpart__244: top__GCB0, 
reg__260: top__GCB0, 
muxpart__75: top__GCB0, 
logic__20: top__GCB0, 
logic__1029: subbytes__GBM1, 
muxpart__368: subbytes__GBM1, 
logic__336: top__GCB0, 
logic__482: top__GCB0, 
muxpart__395: subbytes__GBM1, 
logic__373: top__GCB0, 
case__23: CTR_feistel_decrypt__GC0, CTR_feistel_encrypt__GC0, 
reg__472: top__GCB0, 
muxpart__100: top__GCB0, 
logic__440: top__GCB0, 
reg__68: top__GCB0, 
logic__765: top__GCB0, 
reg__608: top__GCB0, 
logic__976: subbytes__GBM1, 
logic__963: subbytes__GBM1, 
reg__582: sbox_generator, 
reg__851: top__GCB0, 
logic__1155: subbytes__GBM1, 
reg__847: top__GCB0, 
reg__202: top__GCB0, 
reg__633: top__GCB0, 
reg__268: top__GCB0, 
logic__430: top__GCB0, 
logic__1418: subbytes__GBM1, 
case: top__GCB0, 
muxpart__473: subbytes__GBM1, 
logic__137: top__GCB0, 
muxpart__198: top__GCB0, 
logic__907: top__GCB0, 
logic__391: top__GCB0, 
logic__1666: subbytes__GBM1, 
reg__432: top__GCB0, 
logic__1099: subbytes__GBM1, 
reg__761: top__GCB0, 
reg__1197: CTR_feistel_encrypt__GC0, 
reg__187: top__GCB0, 
logic__615: top__GCB0, 
muxpart__254: top__GCB0, 
logic__356: top__GCB0, 
logic__654: top__GCB0, 
logic__520: top__GCB0, 
logic__1402: subbytes__GBM1, 
logic__330: top__GCB0, 
logic__1357: subbytes__GBM1, 
muxpart__143: top__GCB0, 
logic__481: top__GCB0, 
datapath__4: top__GCB0, 
reg__25: top__GCB0, 
logic__917: top__GCB0, 
reg__942: subbytes__GBM1, 
reg__292: top__GCB0, 
muxpart__376: subbytes__GBM1, 
reg__685: top__GCB0, 
logic__1047: subbytes__GBM1, 
logic__196: top__GCB0, 
reg__287: top__GCB0, 
logic__353: top__GCB0, 
logic__371: top__GCB0, 
logic__1107: subbytes__GBM1, 
key_generator__GC0: key_generator__GC0, 
reg__841: top__GCB0, 
logic__1627: subbytes__GBM1, 
reg__177: top__GCB0, 
reg__230: top__GCB0, 
muxpart__435: subbytes__GBM1, 
reg__209: top__GCB0, 
muxpart__456: subbytes__GBM1, 
reg__677: top__GCB0, 
datapath: top__GCB0, 
reg__13: top__GCB0, 
logic__1167: subbytes__GBM1, 
reg__415: top__GCB0, 
reg__880: subbytes__GBM1, 
reg__48: top__GCB0, 
datapath__67: sbox_generator, 
logic__1652: subbytes__GBM1, 
logic__834: top__GCB0, 
reg__988: subbytes__GBM1, 
muxpart__483: subbytes__GBM1, 
reg__1234: CTR_feistel_decrypt__GC0, 
reg__615: top__GCB0, 
logic__1376: subbytes__GBM1, 
logic__1750: F__GC0, 
reg__1153: feistel_encrypt__GCBM0, 
reg__422: top__GCB0, 
logic__594: top__GCB0, 
muxpart__408: subbytes__GBM1, 
muxpart__236: top__GCB0, 
logic__41: top__GCB0, 
reg__1181: CTR_feistel_encrypt__GC0, 
muxpart__516: subbytes__GBM1, 
reg__1184: CTR_feistel_encrypt__GC0, 
logic__1636: subbytes__GBM1, 
reg__972: subbytes__GBM1, 
reg__591: sbox_generator, 
reg__1104: subbytes__GBM1, 
logic__1306: subbytes__GBM1, 
reg__33: top__GCB0, 
logic__1670: subbytes__GBM1, 
muxpart__158: top__GCB0, 
reg__735: top__GCB0, 
logic__365: top__GCB0, 
muxpart__269: subbytes__GBM1, 
muxpart__8: sbox_generator, 
logic__1136: subbytes__GBM1, 
reg__190: top__GCB0, 
reg__729: top__GCB0, 
muxpart__479: subbytes__GBM1, 
logic__1540: subbytes__GBM1, 
reg__874: subbytes__GBM1, 
muxpart__25: top__GCB0, 
reg__983: subbytes__GBM1, 
logic__1481: subbytes__GBM1, 
reg__179: top__GCB0, 
case__26: CTR_feistel_decrypt__GC0, CTR_feistel_encrypt__GC0, 
muxpart__339: subbytes__GBM1, 
logic__321: top__GCB0, 
muxpart__222: top__GCB0, 
muxpart__188: top__GCB0, 
logic__1633: subbytes__GBM1, 
case__14: top__GCB0, 
logic__496: top__GCB0, 
logic__657: top__GCB0, 
logic__1351: subbytes__GBM1, 
logic__503: top__GCB0, 
reg__732: top__GCB0, 
muxpart__349: subbytes__GBM1, 
muxpart__423: subbytes__GBM1, 
reg__863: subbytes__GBM1, 
reg__310: top__GCB0, 
logic__19: top__GCB0, 
logic__1531: subbytes__GBM1, 
reg__253: top__GCB0, 
logic__1445: subbytes__GBM1, 
muxpart__460: subbytes__GBM1, 
reg__1007: subbytes__GBM1, 
logic__1078: subbytes__GBM1, 
muxpart__513: subbytes__GBM1, 
logic__1678: subbytes__GBM1, 
logic__1343: subbytes__GBM1, 
logic__934: subbytes__GBM1, 
muxpart__531: subbytes__GBM0, 
logic__1321: subbytes__GBM1, 
logic__65: top__GCB0, 
reg__994: subbytes__GBM1, 
reg__1039: subbytes__GBM1, 
logic__344: top__GCB0, 
muxpart__463: subbytes__GBM1, 
reg__1214: CTR_feistel_decrypt__GC0, 
logic__979: subbytes__GBM1, 
reg__14: top__GCB0, 
logic__1200: subbytes__GBM1, 
reg__1072: subbytes__GBM1, 
case__13: top__GCB0, 
logic__1478: subbytes__GBM1, 
muxpart__129: top__GCB0, 
reg__646: top__GCB0, 
reg__699: top__GCB0, 
muxpart__428: subbytes__GBM1, 
reg__16: top__GCB0, 
reg__510: top__GCB0, 
logic__1127: subbytes__GBM1, 
reg__1049: subbytes__GBM1, 
muxpart__170: top__GCB0, 
reg__476: top__GCB0, 
reg__508: top__GCB0, 
reg__497: top__GCB0, 
reg__249: top__GCB0, 
logic__1206: subbytes__GBM1, 
logic__205: top__GCB0, 
logic__643: top__GCB0, 
logic__1692: CTR_feistel_decrypt__GC0, CTR_feistel_encrypt__GC0, 
logic__580: top__GCB0, 
reg__1023: subbytes__GBM1, 
muxpart__88: top__GCB0, 
logic__1325: subbytes__GBM1, 
logic__889: top__GCB0, 
reg__1021: subbytes__GBM1, 
logic__631: top__GCB0, 
reg__1188: CTR_feistel_encrypt__GC0, 
logic__1465: subbytes__GBM1, 
reg__512: top__GCB0, 
muxpart__440: subbytes__GBM1, 
reg__357: top__GCB0, 
logic__1714: F__GC0, 
logic__778: top__GCB0, 
reg__171: top__GCB0, 
logic__527: top__GCB0, 
logic__971: subbytes__GBM1, 
logic__184: top__GCB0, 
muxpart__26: top__GCB0, 
muxpart__20: top__GCB0, 
reg__833: top__GCB0, 
reg__873: subbytes__GBM1, 
logic__1316: subbytes__GBM1, 
reg__995: subbytes__GBM1, 
datapath__49: top__GCB0, 
logic__600: top__GCB0, 
reg__845: top__GCB0, 
reg__37: top__GCB0, 
reg__1045: subbytes__GBM1, 
muxpart__80: top__GCB0, 
logic__1164: subbytes__GBM1, 
reg__185: top__GCB0, 
logic__428: top__GCB0, 
logic__1148: subbytes__GBM1, 
reg__1140: F__GC0, 
reg__883: subbytes__GBM1, 
logic__846: top__GCB0, 
logic__263: top__GCB0, 
logic__1077: subbytes__GBM1, 
muxpart__371: subbytes__GBM1, 
reg__1192: CTR_feistel_encrypt__GC0, 
logic__1304: subbytes__GBM1, 
reg__1223: CTR_feistel_decrypt__GC0, 
muxpart__496: subbytes__GBM1, 
logic__858: top__GCB0, 
logic__383: top__GCB0, 
reg__21: top__GCB0, 
muxpart__194: top__GCB0, 
muxpart__83: top__GCB0, 
reg__463: top__GCB0, 
logic__727: top__GCB0, 
reg__950: subbytes__GBM1, 
logic__913: top__GCB0, 
logic__968: subbytes__GBM1, 
logic__1511: subbytes__GBM1, 
logic__249: top__GCB0, 
logic__1553: subbytes__GBM1, 
muxpart__459: subbytes__GBM1, 
muxpart__311: subbytes__GBM1, 
key_schedule_5r: CTR_feistel_decrypt__GC0, CTR_feistel_encrypt__GC0, 
reg__954: subbytes__GBM1, 
muxpart__317: subbytes__GBM1, 
logic__1268: subbytes__GBM1, 
logic__523: top__GCB0, 
logic__443: top__GCB0, 
muxpart__66: top__GCB0, 
reg__706: top__GCB0, 
muxpart__16: top__GCB0, 
logic__1639: subbytes__GBM1, 
floating_point_div: top__GCB0, 
reg__876: subbytes__GBM1, 
logic__1684: subbytes__GBM1, 
logic__1381: subbytes__GBM1, 
logic__74: top__GCB0, 
reg__1145: feistel_encrypt__GCBM0, 
logic__1532: subbytes__GBM1, 
muxpart__110: top__GCB0, 
logic__630: top__GCB0, 
muxpart__49: top__GCB0, 
logic__1741: F__GC0, 
logic__240: top__GCB0, 
muxpart__324: subbytes__GBM1, 
logic__260: top__GCB0, 
muxpart__224: top__GCB0, 
case__20: key_generator__GC0, 
muxpart__276: subbytes__GBM1, 
logic__1669: subbytes__GBM1, 
logic__1012: subbytes__GBM1, 
reg__255: top__GCB0, 
muxpart__278: subbytes__GBM1, 
logic__1142: subbytes__GBM1, 
logic__1466: subbytes__GBM1, 
reg__919: subbytes__GBM1, 
logic__332: top__GCB0, 
reg__445: top__GCB0, 
logic__1209: subbytes__GBM1, 
muxpart__419: subbytes__GBM1, 
reg__913: subbytes__GBM1, 
logic__1337: subbytes__GBM1, 
reg__1163: feistel_encrypt__GCBM0, 
logic__832: top__GCB0, 
logic__455: top__GCB0, 
reg__214: top__GCB0, 
logic__197: top__GCB0, 
logic__1044: subbytes__GBM1, 
logic__1550: subbytes__GBM1, 
logic__264: top__GCB0, 
reg__1204: CTR_feistel_encrypt__GC0, 
reg__170: top__GCB0, 
reg__543: top__GCB0, 
logic__841: top__GCB0, 
logic__1679: subbytes__GBM1, 
logic__181: top__GCB0, 
reg__140: top__GCB0, 
reg__554: sbox_generator, 
logic__556: top__GCB0, 
logic__598: top__GCB0, 
reg__708: top__GCB0, 
muxpart__117: top__GCB0, 
muxpart__1: top__GCB0, 
reg__1212: CTR_feistel_decrypt__GC0, 
case__2: top__GCB0, 
logic__437: top__GCB0, 
logic__1224: subbytes__GBM1, 
reg__222: top__GCB0, 
muxpart__41: top__GCB0, 
muxpart__396: subbytes__GBM1, 
reg__301: top__GCB0, 
logic__1414: subbytes__GBM1, 
logic__1538: subbytes__GBM1, 
reg__840: top__GCB0, 
logic__1408: subbytes__GBM1, 
logic__730: top__GCB0, 
logic__1331: subbytes__GBM1, 
logic__530: top__GCB0, 
muxpart__86: top__GCB0, 
logic__1069: subbytes__GBM1, 
muxpart__367: subbytes__GBM1, 
datapath__71: sbox_generator, 
logic__855: top__GCB0, 
logic__762: top__GCB0, 
reg__577: sbox_generator, 
reg__528: top__GCB0, 
reg__344: top__GCB0, 
reg__162: top__GCB0, 
logic__194: top__GCB0, 
logic__1140: subbytes__GBM1, 
reg__102: top__GCB0, 
logic__1096: subbytes__GBM1, 
logic__466: top__GCB0, 
reg__228: top__GCB0, 
reg__766: top__GCB0, 
reg__395: top__GCB0, 
muxpart__338: subbytes__GBM1, 
reg__501: top__GCB0, 
reg__1050: subbytes__GBM1, 
reg__961: subbytes__GBM1, 
logic__1621: subbytes__GBM1, 
reg__854: top__GCB0, 
logic__537: top__GCB0, 
logic__439: top__GCB0, 
logic__285: top__GCB0, 
reg__10: top__GCB0, 
reg__795: top__GCB0, 
muxpart__24: top__GCB0, 
muxpart__413: subbytes__GBM1, 
muxpart__330: subbytes__GBM1, 
reg__596: sbox_generator, 
reg__559: sbox_generator, 
reg__368: top__GCB0, 
logic__825: top__GCB0, 
logic__1223: subbytes__GBM1, 
logic__127: top__GCB0, 
muxpart__375: subbytes__GBM1, 
reg__400: top__GCB0, 
reg__670: top__GCB0, 
logic__670: top__GCB0, 
reg__1180: CTR_feistel_encrypt__GC0, 
muxpart__64: top__GCB0, 
muxpart__23: top__GCB0, 
logic__1594: subbytes__GBM1, 
reg__949: subbytes__GBM1, 
muxpart__61: top__GCB0, 
mixer: sbox_generator, 
reg__79: top__GCB0, 
logic__1405: subbytes__GBM1, 
datapath__73: subbytes__GBM1, 
muxpart__453: subbytes__GBM1, 
reg__11: top__GCB0, 
reg__817: top__GCB0, 
reg__251: top__GCB0, 
reg__924: subbytes__GBM1, 
logic__1065: subbytes__GBM1, 
logic__1045: subbytes__GBM1, 
logic__781: top__GCB0, 
muxpart__184: top__GCB0, 
logic__216: top__GCB0, 
logic__452: top__GCB0, 
muxpart__240: top__GCB0, 
reg__128: top__GCB0, 
logic__735: top__GCB0, 
reg__1031: subbytes__GBM1, 
logic__1010: subbytes__GBM1, 
floating_point_mul: top__GCB0, 
muxpart__5: sbox_generator, 
reg__386: top__GCB0, 
reg__892: subbytes__GBM1, 
logic__853: top__GCB0, 
reg__909: subbytes__GBM1, 
logic__442: top__GCB0, 
feistel_encrypt__GCBM1: feistel_encrypt__GCBM1, 
reg__244: top__GCB0, 
reg__781: top__GCB0, 
logic__562: top__GCB0, 
logic__1454: subbytes__GBM1, 
reg__96: top__GCB0, 
logic__573: top__GCB0, 
reg__557: sbox_generator, 
reg__86: top__GCB0, 
muxpart__249: top__GCB0, 
reg__271: top__GCB0, 
logic__1456: subbytes__GBM1, 
