#-----------------------------------------------------------
# Vivado v2023.2 (64-bit)
# SW Build 4029153 on Fri Oct 13 20:13:54 MDT 2023
# IP Build 4028589 on Sat Oct 14 00:45:43 MDT 2023
# SharedData Build 4025554 on Tue Oct 10 17:18:54 MDT 2023
# Start of session at: Fri Dec 12 15:56:05 2025
# Process ID: 13066
# Current directory: /home/vinhphat-josh/Repos/Chaos_Based_Symmetric_Image_Encryption/vivado/trash
# Command line: vivado
# Log file: /home/vinhphat-josh/Repos/Chaos_Based_Symmetric_Image_Encryption/vivado/trash/vivado.log
# Journal file: /home/vinhphat-josh/Repos/Chaos_Based_Symmetric_Image_Encryption/vivado/trash/vivado.jou
# Running On: ubuntu, OS: Linux, CPU Frequency: 1141.127 MHz, CPU Physical cores: 6, Host memory: 7941 MB
#-----------------------------------------------------------
start_gui
open_project /home/vinhphat-josh/Repos/Chaos_Based_Symmetric_Image_Encryption/vivado/Chaos_Based_Symmetric_Image_Encryption/Chaos_Based_Symmetric_Image_Encryption.xpr
update_compile_order -fileset sources_1
# Disabling source management mode.  This is to allow the top design properties to be set without GUI intervention.
set_property source_mgmt_mode None [current_project]
set_property top feistel_encrypt_tb [get_filesets sim_1]
set_property top_lib xil_defaultlib [get_filesets sim_1]
# Re-enabling previously disabled source management mode.
set_property source_mgmt_mode All [current_project]
update_compile_order -fileset sim_1
launch_simulation
open_wave_config /home/vinhphat-josh/Repos/Chaos_Based_Symmetric_Image_Encryption/vivado/Chaos_Based_Symmetric_Image_Encryption/sigma_tb_behav.wcfg
source feistel_encrypt_tb.tcl
save_wave_config {/home/vinhphat-josh/Repos/Chaos_Based_Symmetric_Image_Encryption/vivado/Chaos_Based_Symmetric_Image_Encryption/sigma_tb_behav.wcfg}
close_sim
launch_simulation
open_wave_config /home/vinhphat-josh/Repos/Chaos_Based_Symmetric_Image_Encryption/vivado/Chaos_Based_Symmetric_Image_Encryption/sigma_tb_behav.wcfg
source feistel_encrypt_tb.tcl
# Disabling source management mode.  This is to allow the top design properties to be set without GUI intervention.
set_property source_mgmt_mode None [current_project]
set_property top top_tb [get_filesets sim_1]
set_property top_lib xil_defaultlib [get_filesets sim_1]
# Re-enabling previously disabled source management mode.
set_property source_mgmt_mode All [current_project]
update_compile_order -fileset sim_1
launch_simulation
open_wave_config /home/vinhphat-josh/Repos/Chaos_Based_Symmetric_Image_Encryption/vivado/Chaos_Based_Symmetric_Image_Encryption/sigma_tb_behav.wcfg
source top_tb.tcl
# Disabling source management mode.  This is to allow the top design properties to be set without GUI intervention.
set_property source_mgmt_mode None [current_project]
set_property top feistel_encrypt_tb [get_filesets sim_1]
set_property top_lib xil_defaultlib [get_filesets sim_1]
# Re-enabling previously disabled source management mode.
set_property source_mgmt_mode All [current_project]
update_compile_order -fileset sim_1
current_sim simulation_2
close_sim
launch_simulation
open_wave_config /home/vinhphat-josh/Repos/Chaos_Based_Symmetric_Image_Encryption/vivado/Chaos_Based_Symmetric_Image_Encryption/sigma_tb_behav.wcfg
source feistel_encrypt_tb.tcl
save_wave_config {/home/vinhphat-josh/Repos/Chaos_Based_Symmetric_Image_Encryption/vivado/Chaos_Based_Symmetric_Image_Encryption/sigma_tb_behav.wcfg}
close_sim
launch_simulation
open_wave_config /home/vinhphat-josh/Repos/Chaos_Based_Symmetric_Image_Encryption/vivado/Chaos_Based_Symmetric_Image_Encryption/sigma_tb_behav.wcfg
source feistel_encrypt_tb.tcl
close_sim
launch_simulation
open_wave_config /home/vinhphat-josh/Repos/Chaos_Based_Symmetric_Image_Encryption/vivado/Chaos_Based_Symmetric_Image_Encryption/sigma_tb_behav.wcfg
source feistel_encrypt_tb.tcl
close_sim
launch_simulation
open_wave_config /home/vinhphat-josh/Repos/Chaos_Based_Symmetric_Image_Encryption/vivado/Chaos_Based_Symmetric_Image_Encryption/sigma_tb_behav.wcfg
source feistel_encrypt_tb.tcl
close_sim
launch_simulation
launch_simulation
open_wave_config /home/vinhphat-josh/Repos/Chaos_Based_Symmetric_Image_Encryption/vivado/Chaos_Based_Symmetric_Image_Encryption/sigma_tb_behav.wcfg
source feistel_encrypt_tb.tcl
# Disabling source management mode.  This is to allow the top design properties to be set without GUI intervention.
set_property source_mgmt_mode None [current_project]
set_property top CTR_feistel_decrypt_tb [get_filesets sim_1]
set_property top_lib xil_defaultlib [get_filesets sim_1]
# Re-enabling previously disabled source management mode.
set_property source_mgmt_mode All [current_project]
update_compile_order -fileset sim_1
# Disabling source management mode.  This is to allow the top design properties to be set without GUI intervention.
set_property source_mgmt_mode None [current_project]
set_property top feistel_enc_dec_tb [get_filesets sim_1]
set_property top_lib xil_defaultlib [get_filesets sim_1]
# Re-enabling previously disabled source management mode.
set_property source_mgmt_mode All [current_project]
update_compile_order -fileset sim_1
launch_simulation
launch_simulation
launch_simulation
launch_simulation
open_wave_config /home/vinhphat-josh/Repos/Chaos_Based_Symmetric_Image_Encryption/vivado/Chaos_Based_Symmetric_Image_Encryption/sigma_tb_behav.wcfg
source feistel_enc_dec_tb.tcl
save_wave_config {/home/vinhphat-josh/Repos/Chaos_Based_Symmetric_Image_Encryption/vivado/Chaos_Based_Symmetric_Image_Encryption/sigma_tb_behav.wcfg}
close_sim
launch_simulation
open_wave_config /home/vinhphat-josh/Repos/Chaos_Based_Symmetric_Image_Encryption/vivado/Chaos_Based_Symmetric_Image_Encryption/sigma_tb_behav.wcfg
source feistel_enc_dec_tb.tcl
close_sim
launch_simulation
open_wave_config /home/vinhphat-josh/Repos/Chaos_Based_Symmetric_Image_Encryption/vivado/Chaos_Based_Symmetric_Image_Encryption/sigma_tb_behav.wcfg
source feistel_enc_dec_tb.tcl
# Disabling source management mode.  This is to allow the top design properties to be set without GUI intervention.
set_property source_mgmt_mode None [current_project]
set_property top top_tb [get_filesets sim_1]
set_property top_lib xil_defaultlib [get_filesets sim_1]
# Re-enabling previously disabled source management mode.
set_property source_mgmt_mode All [current_project]
update_compile_order -fileset sim_1
current_sim simulation_3
close_sim
launch_simulation
open_wave_config /home/vinhphat-josh/Repos/Chaos_Based_Symmetric_Image_Encryption/vivado/Chaos_Based_Symmetric_Image_Encryption/sigma_tb_behav.wcfg
source top_tb.tcl
save_wave_config {/home/vinhphat-josh/Repos/Chaos_Based_Symmetric_Image_Encryption/vivado/Chaos_Based_Symmetric_Image_Encryption/sigma_tb_behav.wcfg}
close_sim
launch_simulation
open_wave_config /home/vinhphat-josh/Repos/Chaos_Based_Symmetric_Image_Encryption/vivado/Chaos_Based_Symmetric_Image_Encryption/sigma_tb_behav.wcfg
source top_tb.tcl
close_sim
launch_simulation
open_wave_config /home/vinhphat-josh/Repos/Chaos_Based_Symmetric_Image_Encryption/vivado/Chaos_Based_Symmetric_Image_Encryption/sigma_tb_behav.wcfg
source top_tb.tcl
launch_runs synth_1 -jobs 6
wait_on_run synth_1
