Copyright 1986-2022 Xilinx, Inc. All Rights Reserved. Copyright 2022-2023 Advanced Micro Devices, Inc. All Rights Reserved.
------------------------------------------------------------------------------------------------------------------------------------------------------------------
| Tool Version : Vivado v.2023.2 (lin64) Build 4029153 Fri Oct 13 20:13:54 MDT 2023
| Date         : Wed Mar 18 16:11:33 2026
| Host         : ubuntu running 64-bit Ubuntu 24.04.3 LTS
| Command      : report_drc -file crypto_soc_artyz7_wrapper_drc_opted.rpt -pb crypto_soc_artyz7_wrapper_drc_opted.pb -rpx crypto_soc_artyz7_wrapper_drc_opted.rpx
| Design       : crypto_soc_artyz7_wrapper
| Device       : xc7z020clg400-1
| Speed File   : -1
| Design State : Synthesized
------------------------------------------------------------------------------------------------------------------------------------------------------------------

Report DRC

Table of Contents
-----------------
1. REPORT SUMMARY
2. REPORT DETAILS

1. REPORT SUMMARY
-----------------
            Netlist: netlist
          Floorplan: design_1
      Design limits: <entire design considered>
           Ruledeck: default
             Max violations: <unlimited>
             Violations found: 130
+-----------+----------+-------------------------------------------------------------------+------------+
| Rule      | Severity | Description                                                       | Violations |
+-----------+----------+-------------------------------------------------------------------+------------+
| CHECK-3   | Warning  | Report rule limit reached                                         | 1          |
| DPIP-1    | Warning  | Input pipelining                                                  | 6          |
| DPOP-2    | Warning  | MREG Output pipelining                                            | 3          |
| REQP-1840 | Warning  | RAMB18 async control check                                        | 20         |
| AVAL-4    | Advisory | enum_USE_DPORT_FALSE_enum_DREG_ADREG_0_connects_CED_CEAD_RSTD_GND | 60         |
| AVAL-5    | Advisory | enum_USE_MULT_NONE_enum_DREG_ADREG_0_connects_CED_CEAD_RSTD_GND   | 15         |
| REQP-165  | Advisory | writefirst                                                        | 2          |
| REQP-181  | Advisory | writefirst                                                        | 8          |
| REQP-1725 | Advisory | DSP_Abus_sign_bit_alert                                           | 15         |
+-----------+----------+-------------------------------------------------------------------+------------+

2. REPORT DETAILS
-----------------
CHECK-3#1 Warning
Report rule limit reached  
REQP-1840 rule limit reached: 20 violations have been found.
Related violations: <none>

DPIP-1#1 Warning
Input pipelining  
DSP crypto_soc_artyz7_i/crypto_engine_v1_0_0/inst/crypto_engine_v1_0_S00_AXI_inst/my_crypto_core_inst/u_sbox_gen/extractor/p_0_out input crypto_soc_artyz7_i/crypto_engine_v1_0_0/inst/crypto_engine_v1_0_S00_AXI_inst/my_crypto_core_inst/u_sbox_gen/extractor/p_0_out/B[17:0] is not pipelined. Pipelining DSP48 input will improve performance.
Related violations: <none>

DPIP-1#2 Warning
Input pipelining  
DSP crypto_soc_artyz7_i/crypto_engine_v1_0_0/inst/crypto_engine_v1_0_S00_AXI_inst/my_crypto_core_inst/u_sbox_gen/extractor/p_0_out__0 input crypto_soc_artyz7_i/crypto_engine_v1_0_0/inst/crypto_engine_v1_0_S00_AXI_inst/my_crypto_core_inst/u_sbox_gen/extractor/p_0_out__0/B[17:0] is not pipelined. Pipelining DSP48 input will improve performance.
Related violations: <none>

DPIP-1#3 Warning
Input pipelining  
DSP crypto_soc_artyz7_i/crypto_engine_v1_0_0/inst/crypto_engine_v1_0_S00_AXI_inst/my_crypto_core_inst/u_sbox_gen/extractor/p_0_out__1 input crypto_soc_artyz7_i/crypto_engine_v1_0_0/inst/crypto_engine_v1_0_S00_AXI_inst/my_crypto_core_inst/u_sbox_gen/extractor/p_0_out__1/B[17:0] is not pipelined. Pipelining DSP48 input will improve performance.
Related violations: <none>

DPIP-1#4 Warning
Input pipelining  
DSP crypto_soc_artyz7_i/crypto_engine_v1_0_0/inst/crypto_engine_v1_0_S00_AXI_inst/my_crypto_core_inst/u_sbox_gen/extractor/p_0_out__2 input crypto_soc_artyz7_i/crypto_engine_v1_0_0/inst/crypto_engine_v1_0_S00_AXI_inst/my_crypto_core_inst/u_sbox_gen/extractor/p_0_out__2/B[17:0] is not pipelined. Pipelining DSP48 input will improve performance.
Related violations: <none>

DPIP-1#5 Warning
Input pipelining  
DSP crypto_soc_artyz7_i/crypto_engine_v1_0_0/inst/crypto_engine_v1_0_S00_AXI_inst/my_crypto_core_inst/u_sbox_gen/extractor/p_0_out__3 input crypto_soc_artyz7_i/crypto_engine_v1_0_0/inst/crypto_engine_v1_0_S00_AXI_inst/my_crypto_core_inst/u_sbox_gen/extractor/p_0_out__3/B[17:0] is not pipelined. Pipelining DSP48 input will improve performance.
Related violations: <none>

DPIP-1#6 Warning
Input pipelining  
DSP crypto_soc_artyz7_i/crypto_engine_v1_0_0/inst/crypto_engine_v1_0_S00_AXI_inst/my_crypto_core_inst/u_sbox_gen/extractor/p_0_out__4 input crypto_soc_artyz7_i/crypto_engine_v1_0_0/inst/crypto_engine_v1_0_S00_AXI_inst/my_crypto_core_inst/u_sbox_gen/extractor/p_0_out__4/B[17:0] is not pipelined. Pipelining DSP48 input will improve performance.
Related violations: <none>

DPOP-2#1 Warning
MREG Output pipelining  
DSP crypto_soc_artyz7_i/crypto_engine_v1_0_0/inst/crypto_engine_v1_0_S00_AXI_inst/my_crypto_core_inst/u_sbox_gen/extractor/p_0_out__0 multiplier stage crypto_soc_artyz7_i/crypto_engine_v1_0_0/inst/crypto_engine_v1_0_S00_AXI_inst/my_crypto_core_inst/u_sbox_gen/extractor/p_0_out__0/P[47:0] is not pipelined (MREG=0). Pipelining the multiplier function will improve performance and will save significant power so it is suggested whenever possible to fully pipeline this function.  If this multiplier was inferred, it is suggested to describe an additional register stage after this function.  If there is no registered adder/accumulator following the multiply function, two pipeline stages are suggested to allow both the MREG and PREG registers to be used.  If the DSP48 was instantiated in the design, it is suggested to set both the MREG and PREG attributes to 1 when performing multiply functions.
Related violations: <none>

DPOP-2#2 Warning
MREG Output pipelining  
DSP crypto_soc_artyz7_i/crypto_engine_v1_0_0/inst/crypto_engine_v1_0_S00_AXI_inst/my_crypto_core_inst/u_sbox_gen/extractor/p_0_out__2 multiplier stage crypto_soc_artyz7_i/crypto_engine_v1_0_0/inst/crypto_engine_v1_0_S00_AXI_inst/my_crypto_core_inst/u_sbox_gen/extractor/p_0_out__2/P[47:0] is not pipelined (MREG=0). Pipelining the multiplier function will improve performance and will save significant power so it is suggested whenever possible to fully pipeline this function.  If this multiplier was inferred, it is suggested to describe an additional register stage after this function.  If there is no registered adder/accumulator following the multiply function, two pipeline stages are suggested to allow both the MREG and PREG registers to be used.  If the DSP48 was instantiated in the design, it is suggested to set both the MREG and PREG attributes to 1 when performing multiply functions.
Related violations: <none>

DPOP-2#3 Warning
MREG Output pipelining  
DSP crypto_soc_artyz7_i/crypto_engine_v1_0_0/inst/crypto_engine_v1_0_S00_AXI_inst/my_crypto_core_inst/u_sbox_gen/extractor/p_0_out__4 multiplier stage crypto_soc_artyz7_i/crypto_engine_v1_0_0/inst/crypto_engine_v1_0_S00_AXI_inst/my_crypto_core_inst/u_sbox_gen/extractor/p_0_out__4/P[47:0] is not pipelined (MREG=0). Pipelining the multiplier function will improve performance and will save significant power so it is suggested whenever possible to fully pipeline this function.  If this multiplier was inferred, it is suggested to describe an additional register stage after this function.  If there is no registered adder/accumulator following the multiply function, two pipeline stages are suggested to allow both the MREG and PREG registers to be used.  If the DSP48 was instantiated in the design, it is suggested to set both the MREG and PREG attributes to 1 when performing multiply functions.
Related violations: <none>

REQP-1840#1 Warning
RAMB18 async control check  
The RAMB18E1 crypto_soc_artyz7_i/crypto_engine_v1_0_0/inst/crypto_engine_v1_0_S00_AXI_inst/my_crypto_core_inst/u_encryptor/feistel_encrypt_u/ROUND_LOGIC[1].f_inst/u_sub/MEM_WRITE[0].sbox_slice_reg[0][197] has an input control pin crypto_soc_artyz7_i/crypto_engine_v1_0_0/inst/crypto_engine_v1_0_S00_AXI_inst/my_crypto_core_inst/u_encryptor/feistel_encrypt_u/ROUND_LOGIC[1].f_inst/u_sub/MEM_WRITE[0].sbox_slice_reg[0][197]/ADDRARDADDR[10] (net: crypto_soc_artyz7_i/crypto_engine_v1_0_0/inst/crypto_engine_v1_0_S00_AXI_inst/my_crypto_core_inst/u_encryptor/feistel_encrypt_u/ROUND_LOGIC[1].f_inst/u_sub/index_reg[6]) which is driven by a register (crypto_soc_artyz7_i/crypto_engine_v1_0_0/inst/crypto_engine_v1_0_S00_AXI_inst/my_crypto_core_inst/u_encryptor/feistel_encrypt_u/ROUND_LOGIC[1].f_inst/u_sub/index_reg[6]) that has an active asychronous set or reset. This may cause corruption of the memory contents and/or read values when the set/reset is asserted and is not analyzed by the default static timing analysis. It is suggested to eliminate the use of a set/reset to registers driving this RAMB pin or else use a synchronous reset in which the assertion of the reset is timed by default.
Related violations: <none>

REQP-1840#2 Warning
RAMB18 async control check  
The RAMB18E1 crypto_soc_artyz7_i/crypto_engine_v1_0_0/inst/crypto_engine_v1_0_S00_AXI_inst/my_crypto_core_inst/u_encryptor/feistel_encrypt_u/ROUND_LOGIC[1].f_inst/u_sub/MEM_WRITE[0].sbox_slice_reg[0][197] has an input control pin crypto_soc_artyz7_i/crypto_engine_v1_0_0/inst/crypto_engine_v1_0_S00_AXI_inst/my_crypto_core_inst/u_encryptor/feistel_encrypt_u/ROUND_LOGIC[1].f_inst/u_sub/MEM_WRITE[0].sbox_slice_reg[0][197]/ADDRARDADDR[11] (net: crypto_soc_artyz7_i/crypto_engine_v1_0_0/inst/crypto_engine_v1_0_S00_AXI_inst/my_crypto_core_inst/u_encryptor/feistel_encrypt_u/ROUND_LOGIC[1].f_inst/u_sub/index_reg[7]) which is driven by a register (crypto_soc_artyz7_i/crypto_engine_v1_0_0/inst/crypto_engine_v1_0_S00_AXI_inst/my_crypto_core_inst/u_encryptor/feistel_encrypt_u/ROUND_LOGIC[1].f_inst/u_sub/index_reg[7]) that has an active asychronous set or reset. This may cause corruption of the memory contents and/or read values when the set/reset is asserted and is not analyzed by the default static timing analysis. It is suggested to eliminate the use of a set/reset to registers driving this RAMB pin or else use a synchronous reset in which the assertion of the reset is timed by default.
Related violations: <none>

REQP-1840#3 Warning
RAMB18 async control check  
The RAMB18E1 crypto_soc_artyz7_i/crypto_engine_v1_0_0/inst/crypto_engine_v1_0_S00_AXI_inst/my_crypto_core_inst/u_encryptor/feistel_encrypt_u/ROUND_LOGIC[1].f_inst/u_sub/MEM_WRITE[0].sbox_slice_reg[0][197] has an input control pin crypto_soc_artyz7_i/crypto_engine_v1_0_0/inst/crypto_engine_v1_0_S00_AXI_inst/my_crypto_core_inst/u_encryptor/feistel_encrypt_u/ROUND_LOGIC[1].f_inst/u_sub/MEM_WRITE[0].sbox_slice_reg[0][197]/ADDRARDADDR[4] (net: crypto_soc_artyz7_i/crypto_engine_v1_0_0/inst/crypto_engine_v1_0_S00_AXI_inst/my_crypto_core_inst/u_encryptor/feistel_encrypt_u/ROUND_LOGIC[1].f_inst/u_sub/index_reg[0]) which is driven by a register (crypto_soc_artyz7_i/crypto_engine_v1_0_0/inst/crypto_engine_v1_0_S00_AXI_inst/my_crypto_core_inst/u_encryptor/feistel_encrypt_u/ROUND_LOGIC[1].f_inst/u_sub/index_reg[0]) that has an active asychronous set or reset. This may cause corruption of the memory contents and/or read values when the set/reset is asserted and is not analyzed by the default static timing analysis. It is suggested to eliminate the use of a set/reset to registers driving this RAMB pin or else use a synchronous reset in which the assertion of the reset is timed by default.
Related violations: <none>

REQP-1840#4 Warning
RAMB18 async control check  
The RAMB18E1 crypto_soc_artyz7_i/crypto_engine_v1_0_0/inst/crypto_engine_v1_0_S00_AXI_inst/my_crypto_core_inst/u_encryptor/feistel_encrypt_u/ROUND_LOGIC[1].f_inst/u_sub/MEM_WRITE[0].sbox_slice_reg[0][197] has an input control pin crypto_soc_artyz7_i/crypto_engine_v1_0_0/inst/crypto_engine_v1_0_S00_AXI_inst/my_crypto_core_inst/u_encryptor/feistel_encrypt_u/ROUND_LOGIC[1].f_inst/u_sub/MEM_WRITE[0].sbox_slice_reg[0][197]/ADDRARDADDR[5] (net: crypto_soc_artyz7_i/crypto_engine_v1_0_0/inst/crypto_engine_v1_0_S00_AXI_inst/my_crypto_core_inst/u_encryptor/feistel_encrypt_u/ROUND_LOGIC[1].f_inst/u_sub/index_reg[1]) which is driven by a register (crypto_soc_artyz7_i/crypto_engine_v1_0_0/inst/crypto_engine_v1_0_S00_AXI_inst/my_crypto_core_inst/u_encryptor/feistel_encrypt_u/ROUND_LOGIC[1].f_inst/u_sub/index_reg[1]) that has an active asychronous set or reset. This may cause corruption of the memory contents and/or read values when the set/reset is asserted and is not analyzed by the default static timing analysis. It is suggested to eliminate the use of a set/reset to registers driving this RAMB pin or else use a synchronous reset in which the assertion of the reset is timed by default.
Related violations: <none>

REQP-1840#5 Warning
RAMB18 async control check  
The RAMB18E1 crypto_soc_artyz7_i/crypto_engine_v1_0_0/inst/crypto_engine_v1_0_S00_AXI_inst/my_crypto_core_inst/u_encryptor/feistel_encrypt_u/ROUND_LOGIC[1].f_inst/u_sub/MEM_WRITE[0].sbox_slice_reg[0][197] has an input control pin crypto_soc_artyz7_i/crypto_engine_v1_0_0/inst/crypto_engine_v1_0_S00_AXI_inst/my_crypto_core_inst/u_encryptor/feistel_encrypt_u/ROUND_LOGIC[1].f_inst/u_sub/MEM_WRITE[0].sbox_slice_reg[0][197]/ADDRARDADDR[6] (net: crypto_soc_artyz7_i/crypto_engine_v1_0_0/inst/crypto_engine_v1_0_S00_AXI_inst/my_crypto_core_inst/u_encryptor/feistel_encrypt_u/ROUND_LOGIC[1].f_inst/u_sub/index_reg[2]) which is driven by a register (crypto_soc_artyz7_i/crypto_engine_v1_0_0/inst/crypto_engine_v1_0_S00_AXI_inst/my_crypto_core_inst/u_encryptor/feistel_encrypt_u/ROUND_LOGIC[1].f_inst/u_sub/index_reg[2]) that has an active asychronous set or reset. This may cause corruption of the memory contents and/or read values when the set/reset is asserted and is not analyzed by the default static timing analysis. It is suggested to eliminate the use of a set/reset to registers driving this RAMB pin or else use a synchronous reset in which the assertion of the reset is timed by default.
Related violations: <none>

REQP-1840#6 Warning
RAMB18 async control check  
The RAMB18E1 crypto_soc_artyz7_i/crypto_engine_v1_0_0/inst/crypto_engine_v1_0_S00_AXI_inst/my_crypto_core_inst/u_encryptor/feistel_encrypt_u/ROUND_LOGIC[1].f_inst/u_sub/MEM_WRITE[0].sbox_slice_reg[0][197] has an input control pin crypto_soc_artyz7_i/crypto_engine_v1_0_0/inst/crypto_engine_v1_0_S00_AXI_inst/my_crypto_core_inst/u_encryptor/feistel_encrypt_u/ROUND_LOGIC[1].f_inst/u_sub/MEM_WRITE[0].sbox_slice_reg[0][197]/ADDRARDADDR[7] (net: crypto_soc_artyz7_i/crypto_engine_v1_0_0/inst/crypto_engine_v1_0_S00_AXI_inst/my_crypto_core_inst/u_encryptor/feistel_encrypt_u/ROUND_LOGIC[1].f_inst/u_sub/index_reg[3]) which is driven by a register (crypto_soc_artyz7_i/crypto_engine_v1_0_0/inst/crypto_engine_v1_0_S00_AXI_inst/my_crypto_core_inst/u_encryptor/feistel_encrypt_u/ROUND_LOGIC[1].f_inst/u_sub/index_reg[3]) that has an active asychronous set or reset. This may cause corruption of the memory contents and/or read values when the set/reset is asserted and is not analyzed by the default static timing analysis. It is suggested to eliminate the use of a set/reset to registers driving this RAMB pin or else use a synchronous reset in which the assertion of the reset is timed by default.
Related violations: <none>

REQP-1840#7 Warning
RAMB18 async control check  
The RAMB18E1 crypto_soc_artyz7_i/crypto_engine_v1_0_0/inst/crypto_engine_v1_0_S00_AXI_inst/my_crypto_core_inst/u_encryptor/feistel_encrypt_u/ROUND_LOGIC[1].f_inst/u_sub/MEM_WRITE[0].sbox_slice_reg[0][197] has an input control pin crypto_soc_artyz7_i/crypto_engine_v1_0_0/inst/crypto_engine_v1_0_S00_AXI_inst/my_crypto_core_inst/u_encryptor/feistel_encrypt_u/ROUND_LOGIC[1].f_inst/u_sub/MEM_WRITE[0].sbox_slice_reg[0][197]/ADDRARDADDR[8] (net: crypto_soc_artyz7_i/crypto_engine_v1_0_0/inst/crypto_engine_v1_0_S00_AXI_inst/my_crypto_core_inst/u_encryptor/feistel_encrypt_u/ROUND_LOGIC[1].f_inst/u_sub/index_reg[4]) which is driven by a register (crypto_soc_artyz7_i/crypto_engine_v1_0_0/inst/crypto_engine_v1_0_S00_AXI_inst/my_crypto_core_inst/u_encryptor/feistel_encrypt_u/ROUND_LOGIC[1].f_inst/u_sub/index_reg[4]) that has an active asychronous set or reset. This may cause corruption of the memory contents and/or read values when the set/reset is asserted and is not analyzed by the default static timing analysis. It is suggested to eliminate the use of a set/reset to registers driving this RAMB pin or else use a synchronous reset in which the assertion of the reset is timed by default.
Related violations: <none>

REQP-1840#8 Warning
RAMB18 async control check  
The RAMB18E1 crypto_soc_artyz7_i/crypto_engine_v1_0_0/inst/crypto_engine_v1_0_S00_AXI_inst/my_crypto_core_inst/u_encryptor/feistel_encrypt_u/ROUND_LOGIC[1].f_inst/u_sub/MEM_WRITE[0].sbox_slice_reg[0][197] has an input control pin crypto_soc_artyz7_i/crypto_engine_v1_0_0/inst/crypto_engine_v1_0_S00_AXI_inst/my_crypto_core_inst/u_encryptor/feistel_encrypt_u/ROUND_LOGIC[1].f_inst/u_sub/MEM_WRITE[0].sbox_slice_reg[0][197]/ADDRARDADDR[9] (net: crypto_soc_artyz7_i/crypto_engine_v1_0_0/inst/crypto_engine_v1_0_S00_AXI_inst/my_crypto_core_inst/u_encryptor/feistel_encrypt_u/ROUND_LOGIC[1].f_inst/u_sub/index_reg[5]) which is driven by a register (crypto_soc_artyz7_i/crypto_engine_v1_0_0/inst/crypto_engine_v1_0_S00_AXI_inst/my_crypto_core_inst/u_encryptor/feistel_encrypt_u/ROUND_LOGIC[1].f_inst/u_sub/index_reg[5]) that has an active asychronous set or reset. This may cause corruption of the memory contents and/or read values when the set/reset is asserted and is not analyzed by the default static timing analysis. It is suggested to eliminate the use of a set/reset to registers driving this RAMB pin or else use a synchronous reset in which the assertion of the reset is timed by default.
Related violations: <none>

REQP-1840#9 Warning
RAMB18 async control check  
The RAMB18E1 crypto_soc_artyz7_i/crypto_engine_v1_0_0/inst/crypto_engine_v1_0_S00_AXI_inst/my_crypto_core_inst/u_encryptor/feistel_encrypt_u/ROUND_LOGIC[1].f_inst/u_sub/MEM_WRITE[0].sbox_slice_reg[0][197] has an input control pin crypto_soc_artyz7_i/crypto_engine_v1_0_0/inst/crypto_engine_v1_0_S00_AXI_inst/my_crypto_core_inst/u_encryptor/feistel_encrypt_u/ROUND_LOGIC[1].f_inst/u_sub/MEM_WRITE[0].sbox_slice_reg[0][197]/ENARDEN (net: crypto_soc_artyz7_i/crypto_engine_v1_0_0/inst/crypto_engine_v1_0_S00_AXI_inst/my_crypto_core_inst/u_encryptor/feistel_encrypt_u/ROUND_LOGIC[1].f_inst/u_sub/MEM_WRITE[0].sbox_slice_reg[0][197]_ENARDEN_cooolgate_en_sig_43) which is driven by a register (crypto_soc_artyz7_i/crypto_engine_v1_0_0/inst/crypto_engine_v1_0_S00_AXI_inst/my_crypto_core_inst/u_encryptor/feistel_encrypt_u/ROUND_LOGIC[1].f_inst/u_sub/sbox_ready_reg) that has an active asychronous set or reset. This may cause corruption of the memory contents and/or read values when the set/reset is asserted and is not analyzed by the default static timing analysis. It is suggested to eliminate the use of a set/reset to registers driving this RAMB pin or else use a synchronous reset in which the assertion of the reset is timed by default.
Related violations: <none>

REQP-1840#10 Warning
RAMB18 async control check  
The RAMB18E1 crypto_soc_artyz7_i/crypto_engine_v1_0_0/inst/crypto_engine_v1_0_S00_AXI_inst/my_crypto_core_inst/u_encryptor/feistel_encrypt_u/ROUND_LOGIC[1].f_inst/u_sub/MEM_WRITE[0].sbox_slice_reg[0][197] has an input control pin crypto_soc_artyz7_i/crypto_engine_v1_0_0/inst/crypto_engine_v1_0_S00_AXI_inst/my_crypto_core_inst/u_encryptor/feistel_encrypt_u/ROUND_LOGIC[1].f_inst/u_sub/MEM_WRITE[0].sbox_slice_reg[0][197]/ENARDEN (net: crypto_soc_artyz7_i/crypto_engine_v1_0_0/inst/crypto_engine_v1_0_S00_AXI_inst/my_crypto_core_inst/u_encryptor/feistel_encrypt_u/ROUND_LOGIC[1].f_inst/u_sub/MEM_WRITE[0].sbox_slice_reg[0][197]_ENARDEN_cooolgate_en_sig_43) which is driven by a register (crypto_soc_artyz7_i/crypto_engine_v1_0_0/inst/crypto_engine_v1_0_S00_AXI_inst/my_crypto_core_inst/u_sbox_gen/valid_reg_rep__2) that has an active asychronous set or reset. This may cause corruption of the memory contents and/or read values when the set/reset is asserted and is not analyzed by the default static timing analysis. It is suggested to eliminate the use of a set/reset to registers driving this RAMB pin or else use a synchronous reset in which the assertion of the reset is timed by default.
Related violations: <none>

REQP-1840#11 Warning
RAMB18 async control check  
The RAMB18E1 crypto_soc_artyz7_i/crypto_engine_v1_0_0/inst/crypto_engine_v1_0_S00_AXI_inst/my_crypto_core_inst/u_encryptor/feistel_encrypt_u/ROUND_LOGIC[1].f_inst/u_sub/MEM_WRITE[0].sbox_slice_reg[0][197] has an input control pin crypto_soc_artyz7_i/crypto_engine_v1_0_0/inst/crypto_engine_v1_0_S00_AXI_inst/my_crypto_core_inst/u_encryptor/feistel_encrypt_u/ROUND_LOGIC[1].f_inst/u_sub/MEM_WRITE[0].sbox_slice_reg[0][197]/ENBWREN (net: crypto_soc_artyz7_i/crypto_engine_v1_0_0/inst/crypto_engine_v1_0_S00_AXI_inst/my_crypto_core_inst/u_encryptor/feistel_encrypt_u/ROUND_LOGIC[1].f_inst/u_sub/MEM_WRITE[0].sbox_slice_reg[0][197]_ENBWREN_cooolgate_en_sig_59) which is driven by a register (crypto_soc_artyz7_i/crypto_engine_v1_0_0/inst/crypto_engine_v1_0_S00_AXI_inst/my_crypto_core_inst/u_encryptor/feistel_encrypt_u/ROUND_LOGIC[1].F_tvalid_reg[1]) that has an active asychronous set or reset. This may cause corruption of the memory contents and/or read values when the set/reset is asserted and is not analyzed by the default static timing analysis. It is suggested to eliminate the use of a set/reset to registers driving this RAMB pin or else use a synchronous reset in which the assertion of the reset is timed by default.
Related violations: <none>

REQP-1840#12 Warning
RAMB18 async control check  
The RAMB18E1 crypto_soc_artyz7_i/crypto_engine_v1_0_0/inst/crypto_engine_v1_0_S00_AXI_inst/my_crypto_core_inst/u_encryptor/feistel_encrypt_u/ROUND_LOGIC[1].f_inst/u_sub/MEM_WRITE[0].sbox_slice_reg[0][197] has an input control pin crypto_soc_artyz7_i/crypto_engine_v1_0_0/inst/crypto_engine_v1_0_S00_AXI_inst/my_crypto_core_inst/u_encryptor/feistel_encrypt_u/ROUND_LOGIC[1].f_inst/u_sub/MEM_WRITE[0].sbox_slice_reg[0][197]/ENBWREN (net: crypto_soc_artyz7_i/crypto_engine_v1_0_0/inst/crypto_engine_v1_0_S00_AXI_inst/my_crypto_core_inst/u_encryptor/feistel_encrypt_u/ROUND_LOGIC[1].f_inst/u_sub/MEM_WRITE[0].sbox_slice_reg[0][197]_ENBWREN_cooolgate_en_sig_59) which is driven by a register (crypto_soc_artyz7_i/crypto_engine_v1_0_0/inst/crypto_engine_v1_0_S00_AXI_inst/my_crypto_core_inst/u_encryptor/feistel_encrypt_u/ROUND_LOGIC[1].f_inst/u_sub/sbox_ready_reg) that has an active asychronous set or reset. This may cause corruption of the memory contents and/or read values when the set/reset is asserted and is not analyzed by the default static timing analysis. It is suggested to eliminate the use of a set/reset to registers driving this RAMB pin or else use a synchronous reset in which the assertion of the reset is timed by default.
Related violations: <none>

REQP-1840#13 Warning
RAMB18 async control check  
The RAMB18E1 crypto_soc_artyz7_i/crypto_engine_v1_0_0/inst/crypto_engine_v1_0_S00_AXI_inst/my_crypto_core_inst/u_encryptor/feistel_encrypt_u/ROUND_LOGIC[1].f_inst/u_sub/MEM_WRITE[0].sbox_slice_reg[0][197] has an input control pin crypto_soc_artyz7_i/crypto_engine_v1_0_0/inst/crypto_engine_v1_0_S00_AXI_inst/my_crypto_core_inst/u_encryptor/feistel_encrypt_u/ROUND_LOGIC[1].f_inst/u_sub/MEM_WRITE[0].sbox_slice_reg[0][197]/WEA[0] (net: crypto_soc_artyz7_i/crypto_engine_v1_0_0/inst/crypto_engine_v1_0_S00_AXI_inst/my_crypto_core_inst/u_encryptor/feistel_encrypt_u/ROUND_LOGIC[1].f_inst/u_sub/index1) which is driven by a register (crypto_soc_artyz7_i/crypto_engine_v1_0_0/inst/crypto_engine_v1_0_S00_AXI_inst/my_crypto_core_inst/u_encryptor/feistel_encrypt_u/ROUND_LOGIC[1].f_inst/u_sub/sbox_ready_reg) that has an active asychronous set or reset. This may cause corruption of the memory contents and/or read values when the set/reset is asserted and is not analyzed by the default static timing analysis. It is suggested to eliminate the use of a set/reset to registers driving this RAMB pin or else use a synchronous reset in which the assertion of the reset is timed by default.
Related violations: <none>

REQP-1840#14 Warning
RAMB18 async control check  
The RAMB18E1 crypto_soc_artyz7_i/crypto_engine_v1_0_0/inst/crypto_engine_v1_0_S00_AXI_inst/my_crypto_core_inst/u_encryptor/feistel_encrypt_u/ROUND_LOGIC[1].f_inst/u_sub/MEM_WRITE[0].sbox_slice_reg[0][197] has an input control pin crypto_soc_artyz7_i/crypto_engine_v1_0_0/inst/crypto_engine_v1_0_S00_AXI_inst/my_crypto_core_inst/u_encryptor/feistel_encrypt_u/ROUND_LOGIC[1].f_inst/u_sub/MEM_WRITE[0].sbox_slice_reg[0][197]/WEA[1] (net: crypto_soc_artyz7_i/crypto_engine_v1_0_0/inst/crypto_engine_v1_0_S00_AXI_inst/my_crypto_core_inst/u_encryptor/feistel_encrypt_u/ROUND_LOGIC[1].f_inst/u_sub/index1) which is driven by a register (crypto_soc_artyz7_i/crypto_engine_v1_0_0/inst/crypto_engine_v1_0_S00_AXI_inst/my_crypto_core_inst/u_encryptor/feistel_encrypt_u/ROUND_LOGIC[1].f_inst/u_sub/sbox_ready_reg) that has an active asychronous set or reset. This may cause corruption of the memory contents and/or read values when the set/reset is asserted and is not analyzed by the default static timing analysis. It is suggested to eliminate the use of a set/reset to registers driving this RAMB pin or else use a synchronous reset in which the assertion of the reset is timed by default.
Related violations: <none>

REQP-1840#15 Warning
RAMB18 async control check  
The RAMB18E1 crypto_soc_artyz7_i/crypto_engine_v1_0_0/inst/crypto_engine_v1_0_S00_AXI_inst/my_crypto_core_inst/u_encryptor/feistel_encrypt_u/ROUND_LOGIC[1].f_inst/u_sub/MEM_WRITE[10].sbox_slice_reg[10][197] has an input control pin crypto_soc_artyz7_i/crypto_engine_v1_0_0/inst/crypto_engine_v1_0_S00_AXI_inst/my_crypto_core_inst/u_encryptor/feistel_encrypt_u/ROUND_LOGIC[1].f_inst/u_sub/MEM_WRITE[10].sbox_slice_reg[10][197]/ADDRARDADDR[10] (net: crypto_soc_artyz7_i/crypto_engine_v1_0_0/inst/crypto_engine_v1_0_S00_AXI_inst/my_crypto_core_inst/u_encryptor/feistel_encrypt_u/ROUND_LOGIC[1].f_inst/u_sub/index_reg[6]) which is driven by a register (crypto_soc_artyz7_i/crypto_engine_v1_0_0/inst/crypto_engine_v1_0_S00_AXI_inst/my_crypto_core_inst/u_encryptor/feistel_encrypt_u/ROUND_LOGIC[1].f_inst/u_sub/index_reg[6]) that has an active asychronous set or reset. This may cause corruption of the memory contents and/or read values when the set/reset is asserted and is not analyzed by the default static timing analysis. It is suggested to eliminate the use of a set/reset to registers driving this RAMB pin or else use a synchronous reset in which the assertion of the reset is timed by default.
Related violations: <none>

REQP-1840#16 Warning
RAMB18 async control check  
The RAMB18E1 crypto_soc_artyz7_i/crypto_engine_v1_0_0/inst/crypto_engine_v1_0_S00_AXI_inst/my_crypto_core_inst/u_encryptor/feistel_encrypt_u/ROUND_LOGIC[1].f_inst/u_sub/MEM_WRITE[10].sbox_slice_reg[10][197] has an input control pin crypto_soc_artyz7_i/crypto_engine_v1_0_0/inst/crypto_engine_v1_0_S00_AXI_inst/my_crypto_core_inst/u_encryptor/feistel_encrypt_u/ROUND_LOGIC[1].f_inst/u_sub/MEM_WRITE[10].sbox_slice_reg[10][197]/ADDRARDADDR[11] (net: crypto_soc_artyz7_i/crypto_engine_v1_0_0/inst/crypto_engine_v1_0_S00_AXI_inst/my_crypto_core_inst/u_encryptor/feistel_encrypt_u/ROUND_LOGIC[1].f_inst/u_sub/index_reg[7]) which is driven by a register (crypto_soc_artyz7_i/crypto_engine_v1_0_0/inst/crypto_engine_v1_0_S00_AXI_inst/my_crypto_core_inst/u_encryptor/feistel_encrypt_u/ROUND_LOGIC[1].f_inst/u_sub/index_reg[7]) that has an active asychronous set or reset. This may cause corruption of the memory contents and/or read values when the set/reset is asserted and is not analyzed by the default static timing analysis. It is suggested to eliminate the use of a set/reset to registers driving this RAMB pin or else use a synchronous reset in which the assertion of the reset is timed by default.
Related violations: <none>

REQP-1840#17 Warning
RAMB18 async control check  
The RAMB18E1 crypto_soc_artyz7_i/crypto_engine_v1_0_0/inst/crypto_engine_v1_0_S00_AXI_inst/my_crypto_core_inst/u_encryptor/feistel_encrypt_u/ROUND_LOGIC[1].f_inst/u_sub/MEM_WRITE[10].sbox_slice_reg[10][197] has an input control pin crypto_soc_artyz7_i/crypto_engine_v1_0_0/inst/crypto_engine_v1_0_S00_AXI_inst/my_crypto_core_inst/u_encryptor/feistel_encrypt_u/ROUND_LOGIC[1].f_inst/u_sub/MEM_WRITE[10].sbox_slice_reg[10][197]/ADDRARDADDR[6] (net: crypto_soc_artyz7_i/crypto_engine_v1_0_0/inst/crypto_engine_v1_0_S00_AXI_inst/my_crypto_core_inst/u_encryptor/feistel_encrypt_u/ROUND_LOGIC[1].f_inst/u_sub/index_reg[2]) which is driven by a register (crypto_soc_artyz7_i/crypto_engine_v1_0_0/inst/crypto_engine_v1_0_S00_AXI_inst/my_crypto_core_inst/u_encryptor/feistel_encrypt_u/ROUND_LOGIC[1].f_inst/u_sub/index_reg[2]) that has an active asychronous set or reset. This may cause corruption of the memory contents and/or read values when the set/reset is asserted and is not analyzed by the default static timing analysis. It is suggested to eliminate the use of a set/reset to registers driving this RAMB pin or else use a synchronous reset in which the assertion of the reset is timed by default.
Related violations: <none>

REQP-1840#18 Warning
RAMB18 async control check  
The RAMB18E1 crypto_soc_artyz7_i/crypto_engine_v1_0_0/inst/crypto_engine_v1_0_S00_AXI_inst/my_crypto_core_inst/u_encryptor/feistel_encrypt_u/ROUND_LOGIC[1].f_inst/u_sub/MEM_WRITE[10].sbox_slice_reg[10][197] has an input control pin crypto_soc_artyz7_i/crypto_engine_v1_0_0/inst/crypto_engine_v1_0_S00_AXI_inst/my_crypto_core_inst/u_encryptor/feistel_encrypt_u/ROUND_LOGIC[1].f_inst/u_sub/MEM_WRITE[10].sbox_slice_reg[10][197]/ADDRARDADDR[7] (net: crypto_soc_artyz7_i/crypto_engine_v1_0_0/inst/crypto_engine_v1_0_S00_AXI_inst/my_crypto_core_inst/u_encryptor/feistel_encrypt_u/ROUND_LOGIC[1].f_inst/u_sub/index_reg[3]) which is driven by a register (crypto_soc_artyz7_i/crypto_engine_v1_0_0/inst/crypto_engine_v1_0_S00_AXI_inst/my_crypto_core_inst/u_encryptor/feistel_encrypt_u/ROUND_LOGIC[1].f_inst/u_sub/index_reg[3]) that has an active asychronous set or reset. This may cause corruption of the memory contents and/or read values when the set/reset is asserted and is not analyzed by the default static timing analysis. It is suggested to eliminate the use of a set/reset to registers driving this RAMB pin or else use a synchronous reset in which the assertion of the reset is timed by default.
Related violations: <none>

REQP-1840#19 Warning
RAMB18 async control check  
The RAMB18E1 crypto_soc_artyz7_i/crypto_engine_v1_0_0/inst/crypto_engine_v1_0_S00_AXI_inst/my_crypto_core_inst/u_encryptor/feistel_encrypt_u/ROUND_LOGIC[1].f_inst/u_sub/MEM_WRITE[10].sbox_slice_reg[10][197] has an input control pin crypto_soc_artyz7_i/crypto_engine_v1_0_0/inst/crypto_engine_v1_0_S00_AXI_inst/my_crypto_core_inst/u_encryptor/feistel_encrypt_u/ROUND_LOGIC[1].f_inst/u_sub/MEM_WRITE[10].sbox_slice_reg[10][197]/ADDRARDADDR[8] (net: crypto_soc_artyz7_i/crypto_engine_v1_0_0/inst/crypto_engine_v1_0_S00_AXI_inst/my_crypto_core_inst/u_encryptor/feistel_encrypt_u/ROUND_LOGIC[1].f_inst/u_sub/index_reg[4]) which is driven by a register (crypto_soc_artyz7_i/crypto_engine_v1_0_0/inst/crypto_engine_v1_0_S00_AXI_inst/my_crypto_core_inst/u_encryptor/feistel_encrypt_u/ROUND_LOGIC[1].f_inst/u_sub/index_reg[4]) that has an active asychronous set or reset. This may cause corruption of the memory contents and/or read values when the set/reset is asserted and is not analyzed by the default static timing analysis. It is suggested to eliminate the use of a set/reset to registers driving this RAMB pin or else use a synchronous reset in which the assertion of the reset is timed by default.
Related violations: <none>

REQP-1840#20 Warning
RAMB18 async control check  
The RAMB18E1 crypto_soc_artyz7_i/crypto_engine_v1_0_0/inst/crypto_engine_v1_0_S00_AXI_inst/my_crypto_core_inst/u_encryptor/feistel_encrypt_u/ROUND_LOGIC[1].f_inst/u_sub/MEM_WRITE[10].sbox_slice_reg[10][197] has an input control pin crypto_soc_artyz7_i/crypto_engine_v1_0_0/inst/crypto_engine_v1_0_S00_AXI_inst/my_crypto_core_inst/u_encryptor/feistel_encrypt_u/ROUND_LOGIC[1].f_inst/u_sub/MEM_WRITE[10].sbox_slice_reg[10][197]/ADDRARDADDR[9] (net: crypto_soc_artyz7_i/crypto_engine_v1_0_0/inst/crypto_engine_v1_0_S00_AXI_inst/my_crypto_core_inst/u_encryptor/feistel_encrypt_u/ROUND_LOGIC[1].f_inst/u_sub/index_reg[5]) which is driven by a register (crypto_soc_artyz7_i/crypto_engine_v1_0_0/inst/crypto_engine_v1_0_S00_AXI_inst/my_crypto_core_inst/u_encryptor/feistel_encrypt_u/ROUND_LOGIC[1].f_inst/u_sub/index_reg[5]) that has an active asychronous set or reset. This may cause corruption of the memory contents and/or read values when the set/reset is asserted and is not analyzed by the default static timing analysis. It is suggested to eliminate the use of a set/reset to registers driving this RAMB pin or else use a synchronous reset in which the assertion of the reset is timed by default.
Related violations: <none>

AVAL-4#1 Advisory
enum_USE_DPORT_FALSE_enum_DREG_ADREG_0_connects_CED_CEAD_RSTD_GND  
crypto_soc_artyz7_i/crypto_engine_v1_0_0/inst/crypto_engine_v1_0_S00_AXI_inst/my_crypto_core_inst/u_prng/affine_transform_u/add_block[0].add_inst/inst/i_synth/ADDSUB_OP.ADDSUB/DSP.OP/DSP48E1_BODY.NORM_RND/FULL_USAGE_DSP.SHIFT_RND/i_no_versal_es1_workaround.DSP: DSP48E1 is not using the D port (USE_DPORT = FALSE). For improved power characteristics, set DREG and ADREG to '1', tie CED, CEAD, and RSTD to logic '0'.
Related violations: <none>

AVAL-4#2 Advisory
enum_USE_DPORT_FALSE_enum_DREG_ADREG_0_connects_CED_CEAD_RSTD_GND  
crypto_soc_artyz7_i/crypto_engine_v1_0_0/inst/crypto_engine_v1_0_S00_AXI_inst/my_crypto_core_inst/u_prng/affine_transform_u/add_block[1].add_inst/inst/i_synth/ADDSUB_OP.ADDSUB/DSP.OP/DSP48E1_BODY.NORM_RND/FULL_USAGE_DSP.SHIFT_RND/i_no_versal_es1_workaround.DSP: DSP48E1 is not using the D port (USE_DPORT = FALSE). For improved power characteristics, set DREG and ADREG to '1', tie CED, CEAD, and RSTD to logic '0'.
Related violations: <none>

AVAL-4#3 Advisory
enum_USE_DPORT_FALSE_enum_DREG_ADREG_0_connects_CED_CEAD_RSTD_GND  
crypto_soc_artyz7_i/crypto_engine_v1_0_0/inst/crypto_engine_v1_0_S00_AXI_inst/my_crypto_core_inst/u_prng/affine_transform_u/add_block[2].add_inst/inst/i_synth/ADDSUB_OP.ADDSUB/DSP.OP/DSP48E1_BODY.NORM_RND/FULL_USAGE_DSP.SHIFT_RND/i_no_versal_es1_workaround.DSP: DSP48E1 is not using the D port (USE_DPORT = FALSE). For improved power characteristics, set DREG and ADREG to '1', tie CED, CEAD, and RSTD to logic '0'.
Related violations: <none>

AVAL-4#4 Advisory
enum_USE_DPORT_FALSE_enum_DREG_ADREG_0_connects_CED_CEAD_RSTD_GND  
crypto_soc_artyz7_i/crypto_engine_v1_0_0/inst/crypto_engine_v1_0_S00_AXI_inst/my_crypto_core_inst/u_prng/affine_transform_u/add_block[3].add_inst/inst/i_synth/ADDSUB_OP.ADDSUB/DSP.OP/DSP48E1_BODY.NORM_RND/FULL_USAGE_DSP.SHIFT_RND/i_no_versal_es1_workaround.DSP: DSP48E1 is not using the D port (USE_DPORT = FALSE). For improved power characteristics, set DREG and ADREG to '1', tie CED, CEAD, and RSTD to logic '0'.
Related violations: <none>

AVAL-4#5 Advisory
enum_USE_DPORT_FALSE_enum_DREG_ADREG_0_connects_CED_CEAD_RSTD_GND  
crypto_soc_artyz7_i/crypto_engine_v1_0_0/inst/crypto_engine_v1_0_S00_AXI_inst/my_crypto_core_inst/u_prng/affine_transform_u/add_block[4].add_inst/inst/i_synth/ADDSUB_OP.ADDSUB/DSP.OP/DSP48E1_BODY.NORM_RND/FULL_USAGE_DSP.SHIFT_RND/i_no_versal_es1_workaround.DSP: DSP48E1 is not using the D port (USE_DPORT = FALSE). For improved power characteristics, set DREG and ADREG to '1', tie CED, CEAD, and RSTD to logic '0'.
Related violations: <none>

AVAL-4#6 Advisory
enum_USE_DPORT_FALSE_enum_DREG_ADREG_0_connects_CED_CEAD_RSTD_GND  
crypto_soc_artyz7_i/crypto_engine_v1_0_0/inst/crypto_engine_v1_0_S00_AXI_inst/my_crypto_core_inst/u_prng/affine_transform_u/add_block[5].add_inst/inst/i_synth/ADDSUB_OP.ADDSUB/DSP.OP/DSP48E1_BODY.NORM_RND/FULL_USAGE_DSP.SHIFT_RND/i_no_versal_es1_workaround.DSP: DSP48E1 is not using the D port (USE_DPORT = FALSE). For improved power characteristics, set DREG and ADREG to '1', tie CED, CEAD, and RSTD to logic '0'.
Related violations: <none>

AVAL-4#7 Advisory
enum_USE_DPORT_FALSE_enum_DREG_ADREG_0_connects_CED_CEAD_RSTD_GND  
crypto_soc_artyz7_i/crypto_engine_v1_0_0/inst/crypto_engine_v1_0_S00_AXI_inst/my_crypto_core_inst/u_prng/affine_transform_u/add_block[6].add_inst/inst/i_synth/ADDSUB_OP.ADDSUB/DSP.OP/DSP48E1_BODY.NORM_RND/FULL_USAGE_DSP.SHIFT_RND/i_no_versal_es1_workaround.DSP: DSP48E1 is not using the D port (USE_DPORT = FALSE). For improved power characteristics, set DREG and ADREG to '1', tie CED, CEAD, and RSTD to logic '0'.
Related violations: <none>

AVAL-4#8 Advisory
enum_USE_DPORT_FALSE_enum_DREG_ADREG_0_connects_CED_CEAD_RSTD_GND  
crypto_soc_artyz7_i/crypto_engine_v1_0_0/inst/crypto_engine_v1_0_S00_AXI_inst/my_crypto_core_inst/u_prng/affine_transform_u/add_block[7].add_inst/inst/i_synth/ADDSUB_OP.ADDSUB/DSP.OP/DSP48E1_BODY.NORM_RND/FULL_USAGE_DSP.SHIFT_RND/i_no_versal_es1_workaround.DSP: DSP48E1 is not using the D port (USE_DPORT = FALSE). For improved power characteristics, set DREG and ADREG to '1', tie CED, CEAD, and RSTD to logic '0'.
Related violations: <none>

AVAL-4#9 Advisory
enum_USE_DPORT_FALSE_enum_DREG_ADREG_0_connects_CED_CEAD_RSTD_GND  
crypto_soc_artyz7_i/crypto_engine_v1_0_0/inst/crypto_engine_v1_0_S00_AXI_inst/my_crypto_core_inst/u_prng/affine_transform_u/add_block[8].add_inst/inst/i_synth/ADDSUB_OP.ADDSUB/DSP.OP/DSP48E1_BODY.NORM_RND/FULL_USAGE_DSP.SHIFT_RND/i_no_versal_es1_workaround.DSP: DSP48E1 is not using the D port (USE_DPORT = FALSE). For improved power characteristics, set DREG and ADREG to '1', tie CED, CEAD, and RSTD to logic '0'.
Related violations: <none>

AVAL-4#10 Advisory
enum_USE_DPORT_FALSE_enum_DREG_ADREG_0_connects_CED_CEAD_RSTD_GND  
crypto_soc_artyz7_i/crypto_engine_v1_0_0/inst/crypto_engine_v1_0_S00_AXI_inst/my_crypto_core_inst/u_prng/affine_transform_u/mul_block[0].mul_inst/inst/i_synth/MULT.OP/i_non_prim.MULT/DSP48E1_SPD_SGL_VARIANT.FIX_MULT/DSP1/i_no_versal_es1_workaround.DSP: DSP48E1 is not using the D port (USE_DPORT = FALSE). For improved power characteristics, set DREG and ADREG to '1', tie CED, CEAD, and RSTD to logic '0'.
Related violations: <none>

AVAL-4#11 Advisory
enum_USE_DPORT_FALSE_enum_DREG_ADREG_0_connects_CED_CEAD_RSTD_GND  
crypto_soc_artyz7_i/crypto_engine_v1_0_0/inst/crypto_engine_v1_0_S00_AXI_inst/my_crypto_core_inst/u_prng/affine_transform_u/mul_block[0].mul_inst/inst/i_synth/MULT.OP/i_non_prim.MULT/DSP48E1_SPD_SGL_VARIANT.FIX_MULT/DSP2/i_no_versal_es1_workaround.DSP: DSP48E1 is not using the D port (USE_DPORT = FALSE). For improved power characteristics, set DREG and ADREG to '1', tie CED, CEAD, and RSTD to logic '0'.
Related violations: <none>

AVAL-4#12 Advisory
enum_USE_DPORT_FALSE_enum_DREG_ADREG_0_connects_CED_CEAD_RSTD_GND  
crypto_soc_artyz7_i/crypto_engine_v1_0_0/inst/crypto_engine_v1_0_S00_AXI_inst/my_crypto_core_inst/u_prng/affine_transform_u/mul_block[0].mul_inst/inst/i_synth/MULT.OP/i_non_prim.R_AND_R/LAT_OPT.FULL.R_AND_R/DSP48E1_SGL_EXP_IP.OLD_ADD.ADD/i_no_versal_es1_workaround.DSP: DSP48E1 is not using the D port (USE_DPORT = FALSE). For improved power characteristics, set DREG and ADREG to '1', tie CED, CEAD, and RSTD to logic '0'.
Related violations: <none>

AVAL-4#13 Advisory
enum_USE_DPORT_FALSE_enum_DREG_ADREG_0_connects_CED_CEAD_RSTD_GND  
crypto_soc_artyz7_i/crypto_engine_v1_0_0/inst/crypto_engine_v1_0_S00_AXI_inst/my_crypto_core_inst/u_prng/affine_transform_u/mul_block[1].mul_inst/inst/i_synth/MULT.OP/i_non_prim.MULT/DSP48E1_SPD_SGL_VARIANT.FIX_MULT/DSP1/i_no_versal_es1_workaround.DSP: DSP48E1 is not using the D port (USE_DPORT = FALSE). For improved power characteristics, set DREG and ADREG to '1', tie CED, CEAD, and RSTD to logic '0'.
Related violations: <none>

AVAL-4#14 Advisory
enum_USE_DPORT_FALSE_enum_DREG_ADREG_0_connects_CED_CEAD_RSTD_GND  
crypto_soc_artyz7_i/crypto_engine_v1_0_0/inst/crypto_engine_v1_0_S00_AXI_inst/my_crypto_core_inst/u_prng/affine_transform_u/mul_block[1].mul_inst/inst/i_synth/MULT.OP/i_non_prim.MULT/DSP48E1_SPD_SGL_VARIANT.FIX_MULT/DSP2/i_no_versal_es1_workaround.DSP: DSP48E1 is not using the D port (USE_DPORT = FALSE). For improved power characteristics, set DREG and ADREG to '1', tie CED, CEAD, and RSTD to logic '0'.
Related violations: <none>

AVAL-4#15 Advisory
enum_USE_DPORT_FALSE_enum_DREG_ADREG_0_connects_CED_CEAD_RSTD_GND  
crypto_soc_artyz7_i/crypto_engine_v1_0_0/inst/crypto_engine_v1_0_S00_AXI_inst/my_crypto_core_inst/u_prng/affine_transform_u/mul_block[1].mul_inst/inst/i_synth/MULT.OP/i_non_prim.R_AND_R/LAT_OPT.FULL.R_AND_R/DSP48E1_SGL_EXP_IP.OLD_ADD.ADD/i_no_versal_es1_workaround.DSP: DSP48E1 is not using the D port (USE_DPORT = FALSE). For improved power characteristics, set DREG and ADREG to '1', tie CED, CEAD, and RSTD to logic '0'.
Related violations: <none>

AVAL-4#16 Advisory
enum_USE_DPORT_FALSE_enum_DREG_ADREG_0_connects_CED_CEAD_RSTD_GND  
crypto_soc_artyz7_i/crypto_engine_v1_0_0/inst/crypto_engine_v1_0_S00_AXI_inst/my_crypto_core_inst/u_prng/affine_transform_u/mul_block[2].mul_inst/inst/i_synth/MULT.OP/i_non_prim.MULT/DSP48E1_SPD_SGL_VARIANT.FIX_MULT/DSP1/i_no_versal_es1_workaround.DSP: DSP48E1 is not using the D port (USE_DPORT = FALSE). For improved power characteristics, set DREG and ADREG to '1', tie CED, CEAD, and RSTD to logic '0'.
Related violations: <none>

AVAL-4#17 Advisory
enum_USE_DPORT_FALSE_enum_DREG_ADREG_0_connects_CED_CEAD_RSTD_GND  
crypto_soc_artyz7_i/crypto_engine_v1_0_0/inst/crypto_engine_v1_0_S00_AXI_inst/my_crypto_core_inst/u_prng/affine_transform_u/mul_block[2].mul_inst/inst/i_synth/MULT.OP/i_non_prim.MULT/DSP48E1_SPD_SGL_VARIANT.FIX_MULT/DSP2/i_no_versal_es1_workaround.DSP: DSP48E1 is not using the D port (USE_DPORT = FALSE). For improved power characteristics, set DREG and ADREG to '1', tie CED, CEAD, and RSTD to logic '0'.
Related violations: <none>

AVAL-4#18 Advisory
enum_USE_DPORT_FALSE_enum_DREG_ADREG_0_connects_CED_CEAD_RSTD_GND  
crypto_soc_artyz7_i/crypto_engine_v1_0_0/inst/crypto_engine_v1_0_S00_AXI_inst/my_crypto_core_inst/u_prng/affine_transform_u/mul_block[2].mul_inst/inst/i_synth/MULT.OP/i_non_prim.R_AND_R/LAT_OPT.FULL.R_AND_R/DSP48E1_SGL_EXP_IP.OLD_ADD.ADD/i_no_versal_es1_workaround.DSP: DSP48E1 is not using the D port (USE_DPORT = FALSE). For improved power characteristics, set DREG and ADREG to '1', tie CED, CEAD, and RSTD to logic '0'.
Related violations: <none>

AVAL-4#19 Advisory
enum_USE_DPORT_FALSE_enum_DREG_ADREG_0_connects_CED_CEAD_RSTD_GND  
crypto_soc_artyz7_i/crypto_engine_v1_0_0/inst/crypto_engine_v1_0_S00_AXI_inst/my_crypto_core_inst/u_prng/affine_transform_u/mul_block[3].mul_inst/inst/i_synth/MULT.OP/i_non_prim.MULT/DSP48E1_SPD_SGL_VARIANT.FIX_MULT/DSP1/i_no_versal_es1_workaround.DSP: DSP48E1 is not using the D port (USE_DPORT = FALSE). For improved power characteristics, set DREG and ADREG to '1', tie CED, CEAD, and RSTD to logic '0'.
Related violations: <none>

AVAL-4#20 Advisory
enum_USE_DPORT_FALSE_enum_DREG_ADREG_0_connects_CED_CEAD_RSTD_GND  
crypto_soc_artyz7_i/crypto_engine_v1_0_0/inst/crypto_engine_v1_0_S00_AXI_inst/my_crypto_core_inst/u_prng/affine_transform_u/mul_block[3].mul_inst/inst/i_synth/MULT.OP/i_non_prim.MULT/DSP48E1_SPD_SGL_VARIANT.FIX_MULT/DSP2/i_no_versal_es1_workaround.DSP: DSP48E1 is not using the D port (USE_DPORT = FALSE). For improved power characteristics, set DREG and ADREG to '1', tie CED, CEAD, and RSTD to logic '0'.
Related violations: <none>

AVAL-4#21 Advisory
enum_USE_DPORT_FALSE_enum_DREG_ADREG_0_connects_CED_CEAD_RSTD_GND  
crypto_soc_artyz7_i/crypto_engine_v1_0_0/inst/crypto_engine_v1_0_S00_AXI_inst/my_crypto_core_inst/u_prng/affine_transform_u/mul_block[3].mul_inst/inst/i_synth/MULT.OP/i_non_prim.R_AND_R/LAT_OPT.FULL.R_AND_R/DSP48E1_SGL_EXP_IP.OLD_ADD.ADD/i_no_versal_es1_workaround.DSP: DSP48E1 is not using the D port (USE_DPORT = FALSE). For improved power characteristics, set DREG and ADREG to '1', tie CED, CEAD, and RSTD to logic '0'.
Related violations: <none>

AVAL-4#22 Advisory
enum_USE_DPORT_FALSE_enum_DREG_ADREG_0_connects_CED_CEAD_RSTD_GND  
crypto_soc_artyz7_i/crypto_engine_v1_0_0/inst/crypto_engine_v1_0_S00_AXI_inst/my_crypto_core_inst/u_prng/affine_transform_u/mul_block[4].mul_inst/inst/i_synth/MULT.OP/i_non_prim.MULT/DSP48E1_SPD_SGL_VARIANT.FIX_MULT/DSP1/i_no_versal_es1_workaround.DSP: DSP48E1 is not using the D port (USE_DPORT = FALSE). For improved power characteristics, set DREG and ADREG to '1', tie CED, CEAD, and RSTD to logic '0'.
Related violations: <none>

AVAL-4#23 Advisory
enum_USE_DPORT_FALSE_enum_DREG_ADREG_0_connects_CED_CEAD_RSTD_GND  
crypto_soc_artyz7_i/crypto_engine_v1_0_0/inst/crypto_engine_v1_0_S00_AXI_inst/my_crypto_core_inst/u_prng/affine_transform_u/mul_block[4].mul_inst/inst/i_synth/MULT.OP/i_non_prim.MULT/DSP48E1_SPD_SGL_VARIANT.FIX_MULT/DSP2/i_no_versal_es1_workaround.DSP: DSP48E1 is not using the D port (USE_DPORT = FALSE). For improved power characteristics, set DREG and ADREG to '1', tie CED, CEAD, and RSTD to logic '0'.
Related violations: <none>

AVAL-4#24 Advisory
enum_USE_DPORT_FALSE_enum_DREG_ADREG_0_connects_CED_CEAD_RSTD_GND  
crypto_soc_artyz7_i/crypto_engine_v1_0_0/inst/crypto_engine_v1_0_S00_AXI_inst/my_crypto_core_inst/u_prng/affine_transform_u/mul_block[4].mul_inst/inst/i_synth/MULT.OP/i_non_prim.R_AND_R/LAT_OPT.FULL.R_AND_R/DSP48E1_SGL_EXP_IP.OLD_ADD.ADD/i_no_versal_es1_workaround.DSP: DSP48E1 is not using the D port (USE_DPORT = FALSE). For improved power characteristics, set DREG and ADREG to '1', tie CED, CEAD, and RSTD to logic '0'.
Related violations: <none>

AVAL-4#25 Advisory
enum_USE_DPORT_FALSE_enum_DREG_ADREG_0_connects_CED_CEAD_RSTD_GND  
crypto_soc_artyz7_i/crypto_engine_v1_0_0/inst/crypto_engine_v1_0_S00_AXI_inst/my_crypto_core_inst/u_prng/affine_transform_u/mul_block[5].mul_inst/inst/i_synth/MULT.OP/i_non_prim.MULT/DSP48E1_SPD_SGL_VARIANT.FIX_MULT/DSP1/i_no_versal_es1_workaround.DSP: DSP48E1 is not using the D port (USE_DPORT = FALSE). For improved power characteristics, set DREG and ADREG to '1', tie CED, CEAD, and RSTD to logic '0'.
Related violations: <none>

AVAL-4#26 Advisory
enum_USE_DPORT_FALSE_enum_DREG_ADREG_0_connects_CED_CEAD_RSTD_GND  
crypto_soc_artyz7_i/crypto_engine_v1_0_0/inst/crypto_engine_v1_0_S00_AXI_inst/my_crypto_core_inst/u_prng/affine_transform_u/mul_block[5].mul_inst/inst/i_synth/MULT.OP/i_non_prim.MULT/DSP48E1_SPD_SGL_VARIANT.FIX_MULT/DSP2/i_no_versal_es1_workaround.DSP: DSP48E1 is not using the D port (USE_DPORT = FALSE). For improved power characteristics, set DREG and ADREG to '1', tie CED, CEAD, and RSTD to logic '0'.
Related violations: <none>

AVAL-4#27 Advisory
enum_USE_DPORT_FALSE_enum_DREG_ADREG_0_connects_CED_CEAD_RSTD_GND  
crypto_soc_artyz7_i/crypto_engine_v1_0_0/inst/crypto_engine_v1_0_S00_AXI_inst/my_crypto_core_inst/u_prng/affine_transform_u/mul_block[5].mul_inst/inst/i_synth/MULT.OP/i_non_prim.R_AND_R/LAT_OPT.FULL.R_AND_R/DSP48E1_SGL_EXP_IP.OLD_ADD.ADD/i_no_versal_es1_workaround.DSP: DSP48E1 is not using the D port (USE_DPORT = FALSE). For improved power characteristics, set DREG and ADREG to '1', tie CED, CEAD, and RSTD to logic '0'.
Related violations: <none>

AVAL-4#28 Advisory
enum_USE_DPORT_FALSE_enum_DREG_ADREG_0_connects_CED_CEAD_RSTD_GND  
crypto_soc_artyz7_i/crypto_engine_v1_0_0/inst/crypto_engine_v1_0_S00_AXI_inst/my_crypto_core_inst/u_prng/affine_transform_u/mul_block[6].mul_inst/inst/i_synth/MULT.OP/i_non_prim.MULT/DSP48E1_SPD_SGL_VARIANT.FIX_MULT/DSP1/i_no_versal_es1_workaround.DSP: DSP48E1 is not using the D port (USE_DPORT = FALSE). For improved power characteristics, set DREG and ADREG to '1', tie CED, CEAD, and RSTD to logic '0'.
Related violations: <none>

AVAL-4#29 Advisory
enum_USE_DPORT_FALSE_enum_DREG_ADREG_0_connects_CED_CEAD_RSTD_GND  
crypto_soc_artyz7_i/crypto_engine_v1_0_0/inst/crypto_engine_v1_0_S00_AXI_inst/my_crypto_core_inst/u_prng/affine_transform_u/mul_block[6].mul_inst/inst/i_synth/MULT.OP/i_non_prim.MULT/DSP48E1_SPD_SGL_VARIANT.FIX_MULT/DSP2/i_no_versal_es1_workaround.DSP: DSP48E1 is not using the D port (USE_DPORT = FALSE). For improved power characteristics, set DREG and ADREG to '1', tie CED, CEAD, and RSTD to logic '0'.
Related violations: <none>

AVAL-4#30 Advisory
enum_USE_DPORT_FALSE_enum_DREG_ADREG_0_connects_CED_CEAD_RSTD_GND  
crypto_soc_artyz7_i/crypto_engine_v1_0_0/inst/crypto_engine_v1_0_S00_AXI_inst/my_crypto_core_inst/u_prng/affine_transform_u/mul_block[6].mul_inst/inst/i_synth/MULT.OP/i_non_prim.R_AND_R/LAT_OPT.FULL.R_AND_R/DSP48E1_SGL_EXP_IP.OLD_ADD.ADD/i_no_versal_es1_workaround.DSP: DSP48E1 is not using the D port (USE_DPORT = FALSE). For improved power characteristics, set DREG and ADREG to '1', tie CED, CEAD, and RSTD to logic '0'.
Related violations: <none>

AVAL-4#31 Advisory
enum_USE_DPORT_FALSE_enum_DREG_ADREG_0_connects_CED_CEAD_RSTD_GND  
crypto_soc_artyz7_i/crypto_engine_v1_0_0/inst/crypto_engine_v1_0_S00_AXI_inst/my_crypto_core_inst/u_prng/affine_transform_u/mul_block[7].mul_inst/inst/i_synth/MULT.OP/i_non_prim.MULT/DSP48E1_SPD_SGL_VARIANT.FIX_MULT/DSP1/i_no_versal_es1_workaround.DSP: DSP48E1 is not using the D port (USE_DPORT = FALSE). For improved power characteristics, set DREG and ADREG to '1', tie CED, CEAD, and RSTD to logic '0'.
Related violations: <none>

AVAL-4#32 Advisory
enum_USE_DPORT_FALSE_enum_DREG_ADREG_0_connects_CED_CEAD_RSTD_GND  
crypto_soc_artyz7_i/crypto_engine_v1_0_0/inst/crypto_engine_v1_0_S00_AXI_inst/my_crypto_core_inst/u_prng/affine_transform_u/mul_block[7].mul_inst/inst/i_synth/MULT.OP/i_non_prim.MULT/DSP48E1_SPD_SGL_VARIANT.FIX_MULT/DSP2/i_no_versal_es1_workaround.DSP: DSP48E1 is not using the D port (USE_DPORT = FALSE). For improved power characteristics, set DREG and ADREG to '1', tie CED, CEAD, and RSTD to logic '0'.
Related violations: <none>

AVAL-4#33 Advisory
enum_USE_DPORT_FALSE_enum_DREG_ADREG_0_connects_CED_CEAD_RSTD_GND  
crypto_soc_artyz7_i/crypto_engine_v1_0_0/inst/crypto_engine_v1_0_S00_AXI_inst/my_crypto_core_inst/u_prng/affine_transform_u/mul_block[7].mul_inst/inst/i_synth/MULT.OP/i_non_prim.R_AND_R/LAT_OPT.FULL.R_AND_R/DSP48E1_SGL_EXP_IP.OLD_ADD.ADD/i_no_versal_es1_workaround.DSP: DSP48E1 is not using the D port (USE_DPORT = FALSE). For improved power characteristics, set DREG and ADREG to '1', tie CED, CEAD, and RSTD to logic '0'.
Related violations: <none>

AVAL-4#34 Advisory
enum_USE_DPORT_FALSE_enum_DREG_ADREG_0_connects_CED_CEAD_RSTD_GND  
crypto_soc_artyz7_i/crypto_engine_v1_0_0/inst/crypto_engine_v1_0_S00_AXI_inst/my_crypto_core_inst/u_prng/affine_transform_u/mul_block[8].mul_inst/inst/i_synth/MULT.OP/i_non_prim.MULT/DSP48E1_SPD_SGL_VARIANT.FIX_MULT/DSP1/i_no_versal_es1_workaround.DSP: DSP48E1 is not using the D port (USE_DPORT = FALSE). For improved power characteristics, set DREG and ADREG to '1', tie CED, CEAD, and RSTD to logic '0'.
Related violations: <none>

AVAL-4#35 Advisory
enum_USE_DPORT_FALSE_enum_DREG_ADREG_0_connects_CED_CEAD_RSTD_GND  
crypto_soc_artyz7_i/crypto_engine_v1_0_0/inst/crypto_engine_v1_0_S00_AXI_inst/my_crypto_core_inst/u_prng/affine_transform_u/mul_block[8].mul_inst/inst/i_synth/MULT.OP/i_non_prim.MULT/DSP48E1_SPD_SGL_VARIANT.FIX_MULT/DSP2/i_no_versal_es1_workaround.DSP: DSP48E1 is not using the D port (USE_DPORT = FALSE). For improved power characteristics, set DREG and ADREG to '1', tie CED, CEAD, and RSTD to logic '0'.
Related violations: <none>

AVAL-4#36 Advisory
enum_USE_DPORT_FALSE_enum_DREG_ADREG_0_connects_CED_CEAD_RSTD_GND  
crypto_soc_artyz7_i/crypto_engine_v1_0_0/inst/crypto_engine_v1_0_S00_AXI_inst/my_crypto_core_inst/u_prng/affine_transform_u/mul_block[8].mul_inst/inst/i_synth/MULT.OP/i_non_prim.R_AND_R/LAT_OPT.FULL.R_AND_R/DSP48E1_SGL_EXP_IP.OLD_ADD.ADD/i_no_versal_es1_workaround.DSP: DSP48E1 is not using the D port (USE_DPORT = FALSE). For improved power characteristics, set DREG and ADREG to '1', tie CED, CEAD, and RSTD to logic '0'.
Related violations: <none>

AVAL-4#37 Advisory
enum_USE_DPORT_FALSE_enum_DREG_ADREG_0_connects_CED_CEAD_RSTD_GND  
crypto_soc_artyz7_i/crypto_engine_v1_0_0/inst/crypto_engine_v1_0_S00_AXI_inst/my_crypto_core_inst/u_prng/mul_block[0].mul_inst/inst/i_synth/MULT.OP/i_non_prim.MULT/DSP48E1_SPD_SGL_VARIANT.FIX_MULT/DSP1/i_no_versal_es1_workaround.DSP: DSP48E1 is not using the D port (USE_DPORT = FALSE). For improved power characteristics, set DREG and ADREG to '1', tie CED, CEAD, and RSTD to logic '0'.
Related violations: <none>

AVAL-4#38 Advisory
enum_USE_DPORT_FALSE_enum_DREG_ADREG_0_connects_CED_CEAD_RSTD_GND  
crypto_soc_artyz7_i/crypto_engine_v1_0_0/inst/crypto_engine_v1_0_S00_AXI_inst/my_crypto_core_inst/u_prng/mul_block[0].mul_inst/inst/i_synth/MULT.OP/i_non_prim.MULT/DSP48E1_SPD_SGL_VARIANT.FIX_MULT/DSP2/i_no_versal_es1_workaround.DSP: DSP48E1 is not using the D port (USE_DPORT = FALSE). For improved power characteristics, set DREG and ADREG to '1', tie CED, CEAD, and RSTD to logic '0'.
Related violations: <none>

AVAL-4#39 Advisory
enum_USE_DPORT_FALSE_enum_DREG_ADREG_0_connects_CED_CEAD_RSTD_GND  
crypto_soc_artyz7_i/crypto_engine_v1_0_0/inst/crypto_engine_v1_0_S00_AXI_inst/my_crypto_core_inst/u_prng/mul_block[0].mul_inst/inst/i_synth/MULT.OP/i_non_prim.R_AND_R/LAT_OPT.FULL.R_AND_R/DSP48E1_SGL_EXP_IP.OLD_ADD.ADD/i_no_versal_es1_workaround.DSP: DSP48E1 is not using the D port (USE_DPORT = FALSE). For improved power characteristics, set DREG and ADREG to '1', tie CED, CEAD, and RSTD to logic '0'.
Related violations: <none>

AVAL-4#40 Advisory
enum_USE_DPORT_FALSE_enum_DREG_ADREG_0_connects_CED_CEAD_RSTD_GND  
crypto_soc_artyz7_i/crypto_engine_v1_0_0/inst/crypto_engine_v1_0_S00_AXI_inst/my_crypto_core_inst/u_prng/mul_block[1].mul_inst/inst/i_synth/MULT.OP/i_non_prim.MULT/DSP48E1_SPD_SGL_VARIANT.FIX_MULT/DSP1/i_no_versal_es1_workaround.DSP: DSP48E1 is not using the D port (USE_DPORT = FALSE). For improved power characteristics, set DREG and ADREG to '1', tie CED, CEAD, and RSTD to logic '0'.
Related violations: <none>

AVAL-4#41 Advisory
enum_USE_DPORT_FALSE_enum_DREG_ADREG_0_connects_CED_CEAD_RSTD_GND  
crypto_soc_artyz7_i/crypto_engine_v1_0_0/inst/crypto_engine_v1_0_S00_AXI_inst/my_crypto_core_inst/u_prng/mul_block[1].mul_inst/inst/i_synth/MULT.OP/i_non_prim.MULT/DSP48E1_SPD_SGL_VARIANT.FIX_MULT/DSP2/i_no_versal_es1_workaround.DSP: DSP48E1 is not using the D port (USE_DPORT = FALSE). For improved power characteristics, set DREG and ADREG to '1', tie CED, CEAD, and RSTD to logic '0'.
Related violations: <none>

AVAL-4#42 Advisory
enum_USE_DPORT_FALSE_enum_DREG_ADREG_0_connects_CED_CEAD_RSTD_GND  
crypto_soc_artyz7_i/crypto_engine_v1_0_0/inst/crypto_engine_v1_0_S00_AXI_inst/my_crypto_core_inst/u_prng/mul_block[1].mul_inst/inst/i_synth/MULT.OP/i_non_prim.R_AND_R/LAT_OPT.FULL.R_AND_R/DSP48E1_SGL_EXP_IP.OLD_ADD.ADD/i_no_versal_es1_workaround.DSP: DSP48E1 is not using the D port (USE_DPORT = FALSE). For improved power characteristics, set DREG and ADREG to '1', tie CED, CEAD, and RSTD to logic '0'.
Related violations: <none>

AVAL-4#43 Advisory
enum_USE_DPORT_FALSE_enum_DREG_ADREG_0_connects_CED_CEAD_RSTD_GND  
crypto_soc_artyz7_i/crypto_engine_v1_0_0/inst/crypto_engine_v1_0_S00_AXI_inst/my_crypto_core_inst/u_prng/mul_block[2].mul_inst/inst/i_synth/MULT.OP/i_non_prim.MULT/DSP48E1_SPD_SGL_VARIANT.FIX_MULT/DSP1/i_no_versal_es1_workaround.DSP: DSP48E1 is not using the D port (USE_DPORT = FALSE). For improved power characteristics, set DREG and ADREG to '1', tie CED, CEAD, and RSTD to logic '0'.
Related violations: <none>

AVAL-4#44 Advisory
enum_USE_DPORT_FALSE_enum_DREG_ADREG_0_connects_CED_CEAD_RSTD_GND  
crypto_soc_artyz7_i/crypto_engine_v1_0_0/inst/crypto_engine_v1_0_S00_AXI_inst/my_crypto_core_inst/u_prng/mul_block[2].mul_inst/inst/i_synth/MULT.OP/i_non_prim.MULT/DSP48E1_SPD_SGL_VARIANT.FIX_MULT/DSP2/i_no_versal_es1_workaround.DSP: DSP48E1 is not using the D port (USE_DPORT = FALSE). For improved power characteristics, set DREG and ADREG to '1', tie CED, CEAD, and RSTD to logic '0'.
Related violations: <none>

AVAL-4#45 Advisory
enum_USE_DPORT_FALSE_enum_DREG_ADREG_0_connects_CED_CEAD_RSTD_GND  
crypto_soc_artyz7_i/crypto_engine_v1_0_0/inst/crypto_engine_v1_0_S00_AXI_inst/my_crypto_core_inst/u_prng/mul_block[2].mul_inst/inst/i_synth/MULT.OP/i_non_prim.R_AND_R/LAT_OPT.FULL.R_AND_R/DSP48E1_SGL_EXP_IP.OLD_ADD.ADD/i_no_versal_es1_workaround.DSP: DSP48E1 is not using the D port (USE_DPORT = FALSE). For improved power characteristics, set DREG and ADREG to '1', tie CED, CEAD, and RSTD to logic '0'.
Related violations: <none>

AVAL-4#46 Advisory
enum_USE_DPORT_FALSE_enum_DREG_ADREG_0_connects_CED_CEAD_RSTD_GND  
crypto_soc_artyz7_i/crypto_engine_v1_0_0/inst/crypto_engine_v1_0_S00_AXI_inst/my_crypto_core_inst/u_prng/sawtooth_block[0].sawtooth_inst/add_1/inst/i_synth/ADDSUB_OP.ADDSUB/DSP.OP/DSP48E1_BODY.NORM_RND/FULL_USAGE_DSP.SHIFT_RND/i_no_versal_es1_workaround.DSP: DSP48E1 is not using the D port (USE_DPORT = FALSE). For improved power characteristics, set DREG and ADREG to '1', tie CED, CEAD, and RSTD to logic '0'.
Related violations: <none>

AVAL-4#47 Advisory
enum_USE_DPORT_FALSE_enum_DREG_ADREG_0_connects_CED_CEAD_RSTD_GND  
crypto_soc_artyz7_i/crypto_engine_v1_0_0/inst/crypto_engine_v1_0_S00_AXI_inst/my_crypto_core_inst/u_prng/sawtooth_block[0].sawtooth_inst/add_2/inst/i_synth/ADDSUB_OP.ADDSUB/DSP.OP/DSP48E1_BODY.NORM_RND/FULL_USAGE_DSP.SHIFT_RND/i_no_versal_es1_workaround.DSP: DSP48E1 is not using the D port (USE_DPORT = FALSE). For improved power characteristics, set DREG and ADREG to '1', tie CED, CEAD, and RSTD to logic '0'.
Related violations: <none>

AVAL-4#48 Advisory
enum_USE_DPORT_FALSE_enum_DREG_ADREG_0_connects_CED_CEAD_RSTD_GND  
crypto_soc_artyz7_i/crypto_engine_v1_0_0/inst/crypto_engine_v1_0_S00_AXI_inst/my_crypto_core_inst/u_prng/sawtooth_block[0].sawtooth_inst/mul_1/inst/i_synth/MULT.OP/i_non_prim.MULT/DSP48E1_SPD_SGL_VARIANT.FIX_MULT/DSP1/i_no_versal_es1_workaround.DSP: DSP48E1 is not using the D port (USE_DPORT = FALSE). For improved power characteristics, set DREG and ADREG to '1', tie CED, CEAD, and RSTD to logic '0'.
Related violations: <none>

AVAL-4#49 Advisory
enum_USE_DPORT_FALSE_enum_DREG_ADREG_0_connects_CED_CEAD_RSTD_GND  
crypto_soc_artyz7_i/crypto_engine_v1_0_0/inst/crypto_engine_v1_0_S00_AXI_inst/my_crypto_core_inst/u_prng/sawtooth_block[0].sawtooth_inst/mul_1/inst/i_synth/MULT.OP/i_non_prim.MULT/DSP48E1_SPD_SGL_VARIANT.FIX_MULT/DSP2/i_no_versal_es1_workaround.DSP: DSP48E1 is not using the D port (USE_DPORT = FALSE). For improved power characteristics, set DREG and ADREG to '1', tie CED, CEAD, and RSTD to logic '0'.
Related violations: <none>

AVAL-4#50 Advisory
enum_USE_DPORT_FALSE_enum_DREG_ADREG_0_connects_CED_CEAD_RSTD_GND  
crypto_soc_artyz7_i/crypto_engine_v1_0_0/inst/crypto_engine_v1_0_S00_AXI_inst/my_crypto_core_inst/u_prng/sawtooth_block[0].sawtooth_inst/mul_1/inst/i_synth/MULT.OP/i_non_prim.R_AND_R/LAT_OPT.FULL.R_AND_R/DSP48E1_SGL_EXP_IP.OLD_ADD.ADD/i_no_versal_es1_workaround.DSP: DSP48E1 is not using the D port (USE_DPORT = FALSE). For improved power characteristics, set DREG and ADREG to '1', tie CED, CEAD, and RSTD to logic '0'.
Related violations: <none>

AVAL-4#51 Advisory
enum_USE_DPORT_FALSE_enum_DREG_ADREG_0_connects_CED_CEAD_RSTD_GND  
crypto_soc_artyz7_i/crypto_engine_v1_0_0/inst/crypto_engine_v1_0_S00_AXI_inst/my_crypto_core_inst/u_prng/sawtooth_block[1].sawtooth_inst/add_1/inst/i_synth/ADDSUB_OP.ADDSUB/DSP.OP/DSP48E1_BODY.NORM_RND/FULL_USAGE_DSP.SHIFT_RND/i_no_versal_es1_workaround.DSP: DSP48E1 is not using the D port (USE_DPORT = FALSE). For improved power characteristics, set DREG and ADREG to '1', tie CED, CEAD, and RSTD to logic '0'.
Related violations: <none>

AVAL-4#52 Advisory
enum_USE_DPORT_FALSE_enum_DREG_ADREG_0_connects_CED_CEAD_RSTD_GND  
crypto_soc_artyz7_i/crypto_engine_v1_0_0/inst/crypto_engine_v1_0_S00_AXI_inst/my_crypto_core_inst/u_prng/sawtooth_block[1].sawtooth_inst/add_2/inst/i_synth/ADDSUB_OP.ADDSUB/DSP.OP/DSP48E1_BODY.NORM_RND/FULL_USAGE_DSP.SHIFT_RND/i_no_versal_es1_workaround.DSP: DSP48E1 is not using the D port (USE_DPORT = FALSE). For improved power characteristics, set DREG and ADREG to '1', tie CED, CEAD, and RSTD to logic '0'.
Related violations: <none>

AVAL-4#53 Advisory
enum_USE_DPORT_FALSE_enum_DREG_ADREG_0_connects_CED_CEAD_RSTD_GND  
crypto_soc_artyz7_i/crypto_engine_v1_0_0/inst/crypto_engine_v1_0_S00_AXI_inst/my_crypto_core_inst/u_prng/sawtooth_block[1].sawtooth_inst/mul_1/inst/i_synth/MULT.OP/i_non_prim.MULT/DSP48E1_SPD_SGL_VARIANT.FIX_MULT/DSP1/i_no_versal_es1_workaround.DSP: DSP48E1 is not using the D port (USE_DPORT = FALSE). For improved power characteristics, set DREG and ADREG to '1', tie CED, CEAD, and RSTD to logic '0'.
Related violations: <none>

AVAL-4#54 Advisory
enum_USE_DPORT_FALSE_enum_DREG_ADREG_0_connects_CED_CEAD_RSTD_GND  
crypto_soc_artyz7_i/crypto_engine_v1_0_0/inst/crypto_engine_v1_0_S00_AXI_inst/my_crypto_core_inst/u_prng/sawtooth_block[1].sawtooth_inst/mul_1/inst/i_synth/MULT.OP/i_non_prim.MULT/DSP48E1_SPD_SGL_VARIANT.FIX_MULT/DSP2/i_no_versal_es1_workaround.DSP: DSP48E1 is not using the D port (USE_DPORT = FALSE). For improved power characteristics, set DREG and ADREG to '1', tie CED, CEAD, and RSTD to logic '0'.
Related violations: <none>

AVAL-4#55 Advisory
enum_USE_DPORT_FALSE_enum_DREG_ADREG_0_connects_CED_CEAD_RSTD_GND  
crypto_soc_artyz7_i/crypto_engine_v1_0_0/inst/crypto_engine_v1_0_S00_AXI_inst/my_crypto_core_inst/u_prng/sawtooth_block[1].sawtooth_inst/mul_1/inst/i_synth/MULT.OP/i_non_prim.R_AND_R/LAT_OPT.FULL.R_AND_R/DSP48E1_SGL_EXP_IP.OLD_ADD.ADD/i_no_versal_es1_workaround.DSP: DSP48E1 is not using the D port (USE_DPORT = FALSE). For improved power characteristics, set DREG and ADREG to '1', tie CED, CEAD, and RSTD to logic '0'.
Related violations: <none>

AVAL-4#56 Advisory
enum_USE_DPORT_FALSE_enum_DREG_ADREG_0_connects_CED_CEAD_RSTD_GND  
crypto_soc_artyz7_i/crypto_engine_v1_0_0/inst/crypto_engine_v1_0_S00_AXI_inst/my_crypto_core_inst/u_prng/sawtooth_block[2].sawtooth_inst/add_1/inst/i_synth/ADDSUB_OP.ADDSUB/DSP.OP/DSP48E1_BODY.NORM_RND/FULL_USAGE_DSP.SHIFT_RND/i_no_versal_es1_workaround.DSP: DSP48E1 is not using the D port (USE_DPORT = FALSE). For improved power characteristics, set DREG and ADREG to '1', tie CED, CEAD, and RSTD to logic '0'.
Related violations: <none>

AVAL-4#57 Advisory
enum_USE_DPORT_FALSE_enum_DREG_ADREG_0_connects_CED_CEAD_RSTD_GND  
crypto_soc_artyz7_i/crypto_engine_v1_0_0/inst/crypto_engine_v1_0_S00_AXI_inst/my_crypto_core_inst/u_prng/sawtooth_block[2].sawtooth_inst/add_2/inst/i_synth/ADDSUB_OP.ADDSUB/DSP.OP/DSP48E1_BODY.NORM_RND/FULL_USAGE_DSP.SHIFT_RND/i_no_versal_es1_workaround.DSP: DSP48E1 is not using the D port (USE_DPORT = FALSE). For improved power characteristics, set DREG and ADREG to '1', tie CED, CEAD, and RSTD to logic '0'.
Related violations: <none>

AVAL-4#58 Advisory
enum_USE_DPORT_FALSE_enum_DREG_ADREG_0_connects_CED_CEAD_RSTD_GND  
crypto_soc_artyz7_i/crypto_engine_v1_0_0/inst/crypto_engine_v1_0_S00_AXI_inst/my_crypto_core_inst/u_prng/sawtooth_block[2].sawtooth_inst/mul_1/inst/i_synth/MULT.OP/i_non_prim.MULT/DSP48E1_SPD_SGL_VARIANT.FIX_MULT/DSP1/i_no_versal_es1_workaround.DSP: DSP48E1 is not using the D port (USE_DPORT = FALSE). For improved power characteristics, set DREG and ADREG to '1', tie CED, CEAD, and RSTD to logic '0'.
Related violations: <none>

AVAL-4#59 Advisory
enum_USE_DPORT_FALSE_enum_DREG_ADREG_0_connects_CED_CEAD_RSTD_GND  
crypto_soc_artyz7_i/crypto_engine_v1_0_0/inst/crypto_engine_v1_0_S00_AXI_inst/my_crypto_core_inst/u_prng/sawtooth_block[2].sawtooth_inst/mul_1/inst/i_synth/MULT.OP/i_non_prim.MULT/DSP48E1_SPD_SGL_VARIANT.FIX_MULT/DSP2/i_no_versal_es1_workaround.DSP: DSP48E1 is not using the D port (USE_DPORT = FALSE). For improved power characteristics, set DREG and ADREG to '1', tie CED, CEAD, and RSTD to logic '0'.
Related violations: <none>

AVAL-4#60 Advisory
enum_USE_DPORT_FALSE_enum_DREG_ADREG_0_connects_CED_CEAD_RSTD_GND  
crypto_soc_artyz7_i/crypto_engine_v1_0_0/inst/crypto_engine_v1_0_S00_AXI_inst/my_crypto_core_inst/u_prng/sawtooth_block[2].sawtooth_inst/mul_1/inst/i_synth/MULT.OP/i_non_prim.R_AND_R/LAT_OPT.FULL.R_AND_R/DSP48E1_SGL_EXP_IP.OLD_ADD.ADD/i_no_versal_es1_workaround.DSP: DSP48E1 is not using the D port (USE_DPORT = FALSE). For improved power characteristics, set DREG and ADREG to '1', tie CED, CEAD, and RSTD to logic '0'.
Related violations: <none>

AVAL-5#1 Advisory
enum_USE_MULT_NONE_enum_DREG_ADREG_0_connects_CED_CEAD_RSTD_GND  
crypto_soc_artyz7_i/crypto_engine_v1_0_0/inst/crypto_engine_v1_0_S00_AXI_inst/my_crypto_core_inst/u_prng/affine_transform_u/mul_block[0].mul_inst/inst/i_synth/MULT.OP/i_non_prim.R_AND_R/LAT_OPT.FULL.R_AND_R/DSP48E1_SGL_EXP_IP.OLD_ADD.ADD/i_no_versal_es1_workaround.DSP: DSP48E1 is not using the Multiplier (USE_MULT = NONE). For improved power characteristics, set DREG and ADREG to '1', tie CED, CEAD, and RSTD to logic '0'.
Related violations: <none>

AVAL-5#2 Advisory
enum_USE_MULT_NONE_enum_DREG_ADREG_0_connects_CED_CEAD_RSTD_GND  
crypto_soc_artyz7_i/crypto_engine_v1_0_0/inst/crypto_engine_v1_0_S00_AXI_inst/my_crypto_core_inst/u_prng/affine_transform_u/mul_block[1].mul_inst/inst/i_synth/MULT.OP/i_non_prim.R_AND_R/LAT_OPT.FULL.R_AND_R/DSP48E1_SGL_EXP_IP.OLD_ADD.ADD/i_no_versal_es1_workaround.DSP: DSP48E1 is not using the Multiplier (USE_MULT = NONE). For improved power characteristics, set DREG and ADREG to '1', tie CED, CEAD, and RSTD to logic '0'.
Related violations: <none>

AVAL-5#3 Advisory
enum_USE_MULT_NONE_enum_DREG_ADREG_0_connects_CED_CEAD_RSTD_GND  
crypto_soc_artyz7_i/crypto_engine_v1_0_0/inst/crypto_engine_v1_0_S00_AXI_inst/my_crypto_core_inst/u_prng/affine_transform_u/mul_block[2].mul_inst/inst/i_synth/MULT.OP/i_non_prim.R_AND_R/LAT_OPT.FULL.R_AND_R/DSP48E1_SGL_EXP_IP.OLD_ADD.ADD/i_no_versal_es1_workaround.DSP: DSP48E1 is not using the Multiplier (USE_MULT = NONE). For improved power characteristics, set DREG and ADREG to '1', tie CED, CEAD, and RSTD to logic '0'.
Related violations: <none>

AVAL-5#4 Advisory
enum_USE_MULT_NONE_enum_DREG_ADREG_0_connects_CED_CEAD_RSTD_GND  
crypto_soc_artyz7_i/crypto_engine_v1_0_0/inst/crypto_engine_v1_0_S00_AXI_inst/my_crypto_core_inst/u_prng/affine_transform_u/mul_block[3].mul_inst/inst/i_synth/MULT.OP/i_non_prim.R_AND_R/LAT_OPT.FULL.R_AND_R/DSP48E1_SGL_EXP_IP.OLD_ADD.ADD/i_no_versal_es1_workaround.DSP: DSP48E1 is not using the Multiplier (USE_MULT = NONE). For improved power characteristics, set DREG and ADREG to '1', tie CED, CEAD, and RSTD to logic '0'.
Related violations: <none>

AVAL-5#5 Advisory
enum_USE_MULT_NONE_enum_DREG_ADREG_0_connects_CED_CEAD_RSTD_GND  
crypto_soc_artyz7_i/crypto_engine_v1_0_0/inst/crypto_engine_v1_0_S00_AXI_inst/my_crypto_core_inst/u_prng/affine_transform_u/mul_block[4].mul_inst/inst/i_synth/MULT.OP/i_non_prim.R_AND_R/LAT_OPT.FULL.R_AND_R/DSP48E1_SGL_EXP_IP.OLD_ADD.ADD/i_no_versal_es1_workaround.DSP: DSP48E1 is not using the Multiplier (USE_MULT = NONE). For improved power characteristics, set DREG and ADREG to '1', tie CED, CEAD, and RSTD to logic '0'.
Related violations: <none>

AVAL-5#6 Advisory
enum_USE_MULT_NONE_enum_DREG_ADREG_0_connects_CED_CEAD_RSTD_GND  
crypto_soc_artyz7_i/crypto_engine_v1_0_0/inst/crypto_engine_v1_0_S00_AXI_inst/my_crypto_core_inst/u_prng/affine_transform_u/mul_block[5].mul_inst/inst/i_synth/MULT.OP/i_non_prim.R_AND_R/LAT_OPT.FULL.R_AND_R/DSP48E1_SGL_EXP_IP.OLD_ADD.ADD/i_no_versal_es1_workaround.DSP: DSP48E1 is not using the Multiplier (USE_MULT = NONE). For improved power characteristics, set DREG and ADREG to '1', tie CED, CEAD, and RSTD to logic '0'.
Related violations: <none>

AVAL-5#7 Advisory
enum_USE_MULT_NONE_enum_DREG_ADREG_0_connects_CED_CEAD_RSTD_GND  
crypto_soc_artyz7_i/crypto_engine_v1_0_0/inst/crypto_engine_v1_0_S00_AXI_inst/my_crypto_core_inst/u_prng/affine_transform_u/mul_block[6].mul_inst/inst/i_synth/MULT.OP/i_non_prim.R_AND_R/LAT_OPT.FULL.R_AND_R/DSP48E1_SGL_EXP_IP.OLD_ADD.ADD/i_no_versal_es1_workaround.DSP: DSP48E1 is not using the Multiplier (USE_MULT = NONE). For improved power characteristics, set DREG and ADREG to '1', tie CED, CEAD, and RSTD to logic '0'.
Related violations: <none>

AVAL-5#8 Advisory
enum_USE_MULT_NONE_enum_DREG_ADREG_0_connects_CED_CEAD_RSTD_GND  
crypto_soc_artyz7_i/crypto_engine_v1_0_0/inst/crypto_engine_v1_0_S00_AXI_inst/my_crypto_core_inst/u_prng/affine_transform_u/mul_block[7].mul_inst/inst/i_synth/MULT.OP/i_non_prim.R_AND_R/LAT_OPT.FULL.R_AND_R/DSP48E1_SGL_EXP_IP.OLD_ADD.ADD/i_no_versal_es1_workaround.DSP: DSP48E1 is not using the Multiplier (USE_MULT = NONE). For improved power characteristics, set DREG and ADREG to '1', tie CED, CEAD, and RSTD to logic '0'.
Related violations: <none>

AVAL-5#9 Advisory
enum_USE_MULT_NONE_enum_DREG_ADREG_0_connects_CED_CEAD_RSTD_GND  
crypto_soc_artyz7_i/crypto_engine_v1_0_0/inst/crypto_engine_v1_0_S00_AXI_inst/my_crypto_core_inst/u_prng/affine_transform_u/mul_block[8].mul_inst/inst/i_synth/MULT.OP/i_non_prim.R_AND_R/LAT_OPT.FULL.R_AND_R/DSP48E1_SGL_EXP_IP.OLD_ADD.ADD/i_no_versal_es1_workaround.DSP: DSP48E1 is not using the Multiplier (USE_MULT = NONE). For improved power characteristics, set DREG and ADREG to '1', tie CED, CEAD, and RSTD to logic '0'.
Related violations: <none>

AVAL-5#10 Advisory
enum_USE_MULT_NONE_enum_DREG_ADREG_0_connects_CED_CEAD_RSTD_GND  
crypto_soc_artyz7_i/crypto_engine_v1_0_0/inst/crypto_engine_v1_0_S00_AXI_inst/my_crypto_core_inst/u_prng/mul_block[0].mul_inst/inst/i_synth/MULT.OP/i_non_prim.R_AND_R/LAT_OPT.FULL.R_AND_R/DSP48E1_SGL_EXP_IP.OLD_ADD.ADD/i_no_versal_es1_workaround.DSP: DSP48E1 is not using the Multiplier (USE_MULT = NONE). For improved power characteristics, set DREG and ADREG to '1', tie CED, CEAD, and RSTD to logic '0'.
Related violations: <none>

AVAL-5#11 Advisory
enum_USE_MULT_NONE_enum_DREG_ADREG_0_connects_CED_CEAD_RSTD_GND  
crypto_soc_artyz7_i/crypto_engine_v1_0_0/inst/crypto_engine_v1_0_S00_AXI_inst/my_crypto_core_inst/u_prng/mul_block[1].mul_inst/inst/i_synth/MULT.OP/i_non_prim.R_AND_R/LAT_OPT.FULL.R_AND_R/DSP48E1_SGL_EXP_IP.OLD_ADD.ADD/i_no_versal_es1_workaround.DSP: DSP48E1 is not using the Multiplier (USE_MULT = NONE). For improved power characteristics, set DREG and ADREG to '1', tie CED, CEAD, and RSTD to logic '0'.
Related violations: <none>

AVAL-5#12 Advisory
enum_USE_MULT_NONE_enum_DREG_ADREG_0_connects_CED_CEAD_RSTD_GND  
crypto_soc_artyz7_i/crypto_engine_v1_0_0/inst/crypto_engine_v1_0_S00_AXI_inst/my_crypto_core_inst/u_prng/mul_block[2].mul_inst/inst/i_synth/MULT.OP/i_non_prim.R_AND_R/LAT_OPT.FULL.R_AND_R/DSP48E1_SGL_EXP_IP.OLD_ADD.ADD/i_no_versal_es1_workaround.DSP: DSP48E1 is not using the Multiplier (USE_MULT = NONE). For improved power characteristics, set DREG and ADREG to '1', tie CED, CEAD, and RSTD to logic '0'.
Related violations: <none>

AVAL-5#13 Advisory
enum_USE_MULT_NONE_enum_DREG_ADREG_0_connects_CED_CEAD_RSTD_GND  
crypto_soc_artyz7_i/crypto_engine_v1_0_0/inst/crypto_engine_v1_0_S00_AXI_inst/my_crypto_core_inst/u_prng/sawtooth_block[0].sawtooth_inst/mul_1/inst/i_synth/MULT.OP/i_non_prim.R_AND_R/LAT_OPT.FULL.R_AND_R/DSP48E1_SGL_EXP_IP.OLD_ADD.ADD/i_no_versal_es1_workaround.DSP: DSP48E1 is not using the Multiplier (USE_MULT = NONE). For improved power characteristics, set DREG and ADREG to '1', tie CED, CEAD, and RSTD to logic '0'.
Related violations: <none>

AVAL-5#14 Advisory
enum_USE_MULT_NONE_enum_DREG_ADREG_0_connects_CED_CEAD_RSTD_GND  
crypto_soc_artyz7_i/crypto_engine_v1_0_0/inst/crypto_engine_v1_0_S00_AXI_inst/my_crypto_core_inst/u_prng/sawtooth_block[1].sawtooth_inst/mul_1/inst/i_synth/MULT.OP/i_non_prim.R_AND_R/LAT_OPT.FULL.R_AND_R/DSP48E1_SGL_EXP_IP.OLD_ADD.ADD/i_no_versal_es1_workaround.DSP: DSP48E1 is not using the Multiplier (USE_MULT = NONE). For improved power characteristics, set DREG and ADREG to '1', tie CED, CEAD, and RSTD to logic '0'.
Related violations: <none>

AVAL-5#15 Advisory
enum_USE_MULT_NONE_enum_DREG_ADREG_0_connects_CED_CEAD_RSTD_GND  
crypto_soc_artyz7_i/crypto_engine_v1_0_0/inst/crypto_engine_v1_0_S00_AXI_inst/my_crypto_core_inst/u_prng/sawtooth_block[2].sawtooth_inst/mul_1/inst/i_synth/MULT.OP/i_non_prim.R_AND_R/LAT_OPT.FULL.R_AND_R/DSP48E1_SGL_EXP_IP.OLD_ADD.ADD/i_no_versal_es1_workaround.DSP: DSP48E1 is not using the Multiplier (USE_MULT = NONE). For improved power characteristics, set DREG and ADREG to '1', tie CED, CEAD, and RSTD to logic '0'.
Related violations: <none>

REQP-165#1 Advisory
writefirst  
Synchronous clocking is detected for BRAM (crypto_soc_artyz7_i/axi_dma_0/U0/I_PRMRY_DATAMOVER/GEN_MM2S_FULL.I_MM2S_FULL_WRAPPER/GEN_INCLUDE_MM2S_SF.I_RD_SF/I_DATA_FIFO/BLK_MEM.I_SYNC_FIFOGEN_FIFO/xpm_fifo_instance.xpm_fifo_sync_inst/xpm_fifo_base_inst/gen_sdpram.xpm_memory_base_inst/gen_wr_a.gen_word_narrow.mem_reg_4) in SDP mode with WRITE_FIRST write-mode. This is the preferred mode for best power characteristics, however it may exhibit address collisions if the same address appears on both read and write ports resulting in unknown or corrupted read data. It is suggested to confirm via simulation that an address collision never occurs and if so it is suggested to try and avoid this situation. If address collisions cannot be avoided, the write-mode may be set to READ_FIRST which guarantees that the read data is the prior contents of the memory at the cost of additional power in the design. See the FPGA Memory Resources User Guide for additional information.
Related violations: <none>

REQP-165#2 Advisory
writefirst  
Synchronous clocking is detected for BRAM (crypto_soc_artyz7_i/axi_dma_0/U0/I_PRMRY_DATAMOVER/GEN_S2MM_FULL.I_S2MM_FULL_WRAPPER/GEN_ENABLE_INDET_BTT_SF.I_INDET_BTT/I_DATA_FIFO/BLK_MEM.I_SYNC_FIFOGEN_FIFO/xpm_fifo_instance.xpm_fifo_sync_inst/xpm_fifo_base_inst/gen_sdpram.xpm_memory_base_inst/gen_wr_a.gen_word_narrow.mem_reg_4) in SDP mode with WRITE_FIRST write-mode. This is the preferred mode for best power characteristics, however it may exhibit address collisions if the same address appears on both read and write ports resulting in unknown or corrupted read data. It is suggested to confirm via simulation that an address collision never occurs and if so it is suggested to try and avoid this situation. If address collisions cannot be avoided, the write-mode may be set to READ_FIRST which guarantees that the read data is the prior contents of the memory at the cost of additional power in the design. See the FPGA Memory Resources User Guide for additional information.
Related violations: <none>

REQP-181#1 Advisory
writefirst  
Synchronous clocking is detected for BRAM (crypto_soc_artyz7_i/axi_dma_0/U0/I_PRMRY_DATAMOVER/GEN_MM2S_FULL.I_MM2S_FULL_WRAPPER/GEN_INCLUDE_MM2S_SF.I_RD_SF/I_DATA_FIFO/BLK_MEM.I_SYNC_FIFOGEN_FIFO/xpm_fifo_instance.xpm_fifo_sync_inst/xpm_fifo_base_inst/gen_sdpram.xpm_memory_base_inst/gen_wr_a.gen_word_narrow.mem_reg_0) in SDP mode with WRITE_FIRST write-mode. This is the preferred mode for best power characteristics, however it may exhibit address collisions if the same address appears on both read and write ports resulting in unknown or corrupted read data. It is suggested to confirm via simulation that an address collision never occurs and if so it is suggested to try and avoid this situation. If address collisions cannot be avoided, the write-mode may be set to READ_FIRST which guarantees that the read data is the prior contents of the memory at the cost of additional power in the design. See the FPGA Memory Resources User Guide for additional information.
Related violations: <none>

REQP-181#2 Advisory
writefirst  
Synchronous clocking is detected for BRAM (crypto_soc_artyz7_i/axi_dma_0/U0/I_PRMRY_DATAMOVER/GEN_MM2S_FULL.I_MM2S_FULL_WRAPPER/GEN_INCLUDE_MM2S_SF.I_RD_SF/I_DATA_FIFO/BLK_MEM.I_SYNC_FIFOGEN_FIFO/xpm_fifo_instance.xpm_fifo_sync_inst/xpm_fifo_base_inst/gen_sdpram.xpm_memory_base_inst/gen_wr_a.gen_word_narrow.mem_reg_1) in SDP mode with WRITE_FIRST write-mode. This is the preferred mode for best power characteristics, however it may exhibit address collisions if the same address appears on both read and write ports resulting in unknown or corrupted read data. It is suggested to confirm via simulation that an address collision never occurs and if so it is suggested to try and avoid this situation. If address collisions cannot be avoided, the write-mode may be set to READ_FIRST which guarantees that the read data is the prior contents of the memory at the cost of additional power in the design. See the FPGA Memory Resources User Guide for additional information.
Related violations: <none>

REQP-181#3 Advisory
writefirst  
Synchronous clocking is detected for BRAM (crypto_soc_artyz7_i/axi_dma_0/U0/I_PRMRY_DATAMOVER/GEN_MM2S_FULL.I_MM2S_FULL_WRAPPER/GEN_INCLUDE_MM2S_SF.I_RD_SF/I_DATA_FIFO/BLK_MEM.I_SYNC_FIFOGEN_FIFO/xpm_fifo_instance.xpm_fifo_sync_inst/xpm_fifo_base_inst/gen_sdpram.xpm_memory_base_inst/gen_wr_a.gen_word_narrow.mem_reg_2) in SDP mode with WRITE_FIRST write-mode. This is the preferred mode for best power characteristics, however it may exhibit address collisions if the same address appears on both read and write ports resulting in unknown or corrupted read data. It is suggested to confirm via simulation that an address collision never occurs and if so it is suggested to try and avoid this situation. If address collisions cannot be avoided, the write-mode may be set to READ_FIRST which guarantees that the read data is the prior contents of the memory at the cost of additional power in the design. See the FPGA Memory Resources User Guide for additional information.
Related violations: <none>

REQP-181#4 Advisory
writefirst  
Synchronous clocking is detected for BRAM (crypto_soc_artyz7_i/axi_dma_0/U0/I_PRMRY_DATAMOVER/GEN_MM2S_FULL.I_MM2S_FULL_WRAPPER/GEN_INCLUDE_MM2S_SF.I_RD_SF/I_DATA_FIFO/BLK_MEM.I_SYNC_FIFOGEN_FIFO/xpm_fifo_instance.xpm_fifo_sync_inst/xpm_fifo_base_inst/gen_sdpram.xpm_memory_base_inst/gen_wr_a.gen_word_narrow.mem_reg_3) in SDP mode with WRITE_FIRST write-mode. This is the preferred mode for best power characteristics, however it may exhibit address collisions if the same address appears on both read and write ports resulting in unknown or corrupted read data. It is suggested to confirm via simulation that an address collision never occurs and if so it is suggested to try and avoid this situation. If address collisions cannot be avoided, the write-mode may be set to READ_FIRST which guarantees that the read data is the prior contents of the memory at the cost of additional power in the design. See the FPGA Memory Resources User Guide for additional information.
Related violations: <none>

REQP-181#5 Advisory
writefirst  
Synchronous clocking is detected for BRAM (crypto_soc_artyz7_i/axi_dma_0/U0/I_PRMRY_DATAMOVER/GEN_S2MM_FULL.I_S2MM_FULL_WRAPPER/GEN_ENABLE_INDET_BTT_SF.I_INDET_BTT/I_DATA_FIFO/BLK_MEM.I_SYNC_FIFOGEN_FIFO/xpm_fifo_instance.xpm_fifo_sync_inst/xpm_fifo_base_inst/gen_sdpram.xpm_memory_base_inst/gen_wr_a.gen_word_narrow.mem_reg_0) in SDP mode with WRITE_FIRST write-mode. This is the preferred mode for best power characteristics, however it may exhibit address collisions if the same address appears on both read and write ports resulting in unknown or corrupted read data. It is suggested to confirm via simulation that an address collision never occurs and if so it is suggested to try and avoid this situation. If address collisions cannot be avoided, the write-mode may be set to READ_FIRST which guarantees that the read data is the prior contents of the memory at the cost of additional power in the design. See the FPGA Memory Resources User Guide for additional information.
Related violations: <none>

REQP-181#6 Advisory
writefirst  
Synchronous clocking is detected for BRAM (crypto_soc_artyz7_i/axi_dma_0/U0/I_PRMRY_DATAMOVER/GEN_S2MM_FULL.I_S2MM_FULL_WRAPPER/GEN_ENABLE_INDET_BTT_SF.I_INDET_BTT/I_DATA_FIFO/BLK_MEM.I_SYNC_FIFOGEN_FIFO/xpm_fifo_instance.xpm_fifo_sync_inst/xpm_fifo_base_inst/gen_sdpram.xpm_memory_base_inst/gen_wr_a.gen_word_narrow.mem_reg_1) in SDP mode with WRITE_FIRST write-mode. This is the preferred mode for best power characteristics, however it may exhibit address collisions if the same address appears on both read and write ports resulting in unknown or corrupted read data. It is suggested to confirm via simulation that an address collision never occurs and if so it is suggested to try and avoid this situation. If address collisions cannot be avoided, the write-mode may be set to READ_FIRST which guarantees that the read data is the prior contents of the memory at the cost of additional power in the design. See the FPGA Memory Resources User Guide for additional information.
Related violations: <none>

REQP-181#7 Advisory
writefirst  
Synchronous clocking is detected for BRAM (crypto_soc_artyz7_i/axi_dma_0/U0/I_PRMRY_DATAMOVER/GEN_S2MM_FULL.I_S2MM_FULL_WRAPPER/GEN_ENABLE_INDET_BTT_SF.I_INDET_BTT/I_DATA_FIFO/BLK_MEM.I_SYNC_FIFOGEN_FIFO/xpm_fifo_instance.xpm_fifo_sync_inst/xpm_fifo_base_inst/gen_sdpram.xpm_memory_base_inst/gen_wr_a.gen_word_narrow.mem_reg_2) in SDP mode with WRITE_FIRST write-mode. This is the preferred mode for best power characteristics, however it may exhibit address collisions if the same address appears on both read and write ports resulting in unknown or corrupted read data. It is suggested to confirm via simulation that an address collision never occurs and if so it is suggested to try and avoid this situation. If address collisions cannot be avoided, the write-mode may be set to READ_FIRST which guarantees that the read data is the prior contents of the memory at the cost of additional power in the design. See the FPGA Memory Resources User Guide for additional information.
Related violations: <none>

REQP-181#8 Advisory
writefirst  
Synchronous clocking is detected for BRAM (crypto_soc_artyz7_i/axi_dma_0/U0/I_PRMRY_DATAMOVER/GEN_S2MM_FULL.I_S2MM_FULL_WRAPPER/GEN_ENABLE_INDET_BTT_SF.I_INDET_BTT/I_DATA_FIFO/BLK_MEM.I_SYNC_FIFOGEN_FIFO/xpm_fifo_instance.xpm_fifo_sync_inst/xpm_fifo_base_inst/gen_sdpram.xpm_memory_base_inst/gen_wr_a.gen_word_narrow.mem_reg_3) in SDP mode with WRITE_FIRST write-mode. This is the preferred mode for best power characteristics, however it may exhibit address collisions if the same address appears on both read and write ports resulting in unknown or corrupted read data. It is suggested to confirm via simulation that an address collision never occurs and if so it is suggested to try and avoid this situation. If address collisions cannot be avoided, the write-mode may be set to READ_FIRST which guarantees that the read data is the prior contents of the memory at the cost of additional power in the design. See the FPGA Memory Resources User Guide for additional information.
Related violations: <none>

REQP-1725#1 Advisory
DSP_Abus_sign_bit_alert  
crypto_soc_artyz7_i/crypto_engine_v1_0_0/inst/crypto_engine_v1_0_S00_AXI_inst/my_crypto_core_inst/u_prng/affine_transform_u/add_block[0].add_inst/inst/i_synth/ADDSUB_OP.ADDSUB/DSP.OP/DSP48E1_BODY.ALIGN_ADD/DSP2/i_no_versal_es1_workaround.DSP: When using the PreAdder and USE_DPORT is TRUE, the A operand should be restricted to 24 bit two's complement (and sign extended) to avoid over/underflow in the pre-add stage.
Related violations: <none>

REQP-1725#2 Advisory
DSP_Abus_sign_bit_alert  
crypto_soc_artyz7_i/crypto_engine_v1_0_0/inst/crypto_engine_v1_0_S00_AXI_inst/my_crypto_core_inst/u_prng/affine_transform_u/add_block[1].add_inst/inst/i_synth/ADDSUB_OP.ADDSUB/DSP.OP/DSP48E1_BODY.ALIGN_ADD/DSP2/i_no_versal_es1_workaround.DSP: When using the PreAdder and USE_DPORT is TRUE, the A operand should be restricted to 24 bit two's complement (and sign extended) to avoid over/underflow in the pre-add stage.
Related violations: <none>

REQP-1725#3 Advisory
DSP_Abus_sign_bit_alert  
crypto_soc_artyz7_i/crypto_engine_v1_0_0/inst/crypto_engine_v1_0_S00_AXI_inst/my_crypto_core_inst/u_prng/affine_transform_u/add_block[2].add_inst/inst/i_synth/ADDSUB_OP.ADDSUB/DSP.OP/DSP48E1_BODY.ALIGN_ADD/DSP2/i_no_versal_es1_workaround.DSP: When using the PreAdder and USE_DPORT is TRUE, the A operand should be restricted to 24 bit two's complement (and sign extended) to avoid over/underflow in the pre-add stage.
Related violations: <none>

REQP-1725#4 Advisory
DSP_Abus_sign_bit_alert  
crypto_soc_artyz7_i/crypto_engine_v1_0_0/inst/crypto_engine_v1_0_S00_AXI_inst/my_crypto_core_inst/u_prng/affine_transform_u/add_block[3].add_inst/inst/i_synth/ADDSUB_OP.ADDSUB/DSP.OP/DSP48E1_BODY.ALIGN_ADD/DSP2/i_no_versal_es1_workaround.DSP: When using the PreAdder and USE_DPORT is TRUE, the A operand should be restricted to 24 bit two's complement (and sign extended) to avoid over/underflow in the pre-add stage.
Related violations: <none>

REQP-1725#5 Advisory
DSP_Abus_sign_bit_alert  
crypto_soc_artyz7_i/crypto_engine_v1_0_0/inst/crypto_engine_v1_0_S00_AXI_inst/my_crypto_core_inst/u_prng/affine_transform_u/add_block[4].add_inst/inst/i_synth/ADDSUB_OP.ADDSUB/DSP.OP/DSP48E1_BODY.ALIGN_ADD/DSP2/i_no_versal_es1_workaround.DSP: When using the PreAdder and USE_DPORT is TRUE, the A operand should be restricted to 24 bit two's complement (and sign extended) to avoid over/underflow in the pre-add stage.
Related violations: <none>

REQP-1725#6 Advisory
DSP_Abus_sign_bit_alert  
crypto_soc_artyz7_i/crypto_engine_v1_0_0/inst/crypto_engine_v1_0_S00_AXI_inst/my_crypto_core_inst/u_prng/affine_transform_u/add_block[5].add_inst/inst/i_synth/ADDSUB_OP.ADDSUB/DSP.OP/DSP48E1_BODY.ALIGN_ADD/DSP2/i_no_versal_es1_workaround.DSP: When using the PreAdder and USE_DPORT is TRUE, the A operand should be restricted to 24 bit two's complement (and sign extended) to avoid over/underflow in the pre-add stage.
Related violations: <none>

REQP-1725#7 Advisory
DSP_Abus_sign_bit_alert  
crypto_soc_artyz7_i/crypto_engine_v1_0_0/inst/crypto_engine_v1_0_S00_AXI_inst/my_crypto_core_inst/u_prng/affine_transform_u/add_block[6].add_inst/inst/i_synth/ADDSUB_OP.ADDSUB/DSP.OP/DSP48E1_BODY.ALIGN_ADD/DSP2/i_no_versal_es1_workaround.DSP: When using the PreAdder and USE_DPORT is TRUE, the A operand should be restricted to 24 bit two's complement (and sign extended) to avoid over/underflow in the pre-add stage.
Related violations: <none>

REQP-1725#8 Advisory
DSP_Abus_sign_bit_alert  
crypto_soc_artyz7_i/crypto_engine_v1_0_0/inst/crypto_engine_v1_0_S00_AXI_inst/my_crypto_core_inst/u_prng/affine_transform_u/add_block[7].add_inst/inst/i_synth/ADDSUB_OP.ADDSUB/DSP.OP/DSP48E1_BODY.ALIGN_ADD/DSP2/i_no_versal_es1_workaround.DSP: When using the PreAdder and USE_DPORT is TRUE, the A operand should be restricted to 24 bit two's complement (and sign extended) to avoid over/underflow in the pre-add stage.
Related violations: <none>

REQP-1725#9 Advisory
DSP_Abus_sign_bit_alert  
crypto_soc_artyz7_i/crypto_engine_v1_0_0/inst/crypto_engine_v1_0_S00_AXI_inst/my_crypto_core_inst/u_prng/affine_transform_u/add_block[8].add_inst/inst/i_synth/ADDSUB_OP.ADDSUB/DSP.OP/DSP48E1_BODY.ALIGN_ADD/DSP2/i_no_versal_es1_workaround.DSP: When using the PreAdder and USE_DPORT is TRUE, the A operand should be restricted to 24 bit two's complement (and sign extended) to avoid over/underflow in the pre-add stage.
Related violations: <none>

REQP-1725#10 Advisory
DSP_Abus_sign_bit_alert  
crypto_soc_artyz7_i/crypto_engine_v1_0_0/inst/crypto_engine_v1_0_S00_AXI_inst/my_crypto_core_inst/u_prng/sawtooth_block[0].sawtooth_inst/add_1/inst/i_synth/ADDSUB_OP.ADDSUB/DSP.OP/DSP48E1_BODY.ALIGN_ADD/DSP2/i_no_versal_es1_workaround.DSP: When using the PreAdder and USE_DPORT is TRUE, the A operand should be restricted to 24 bit two's complement (and sign extended) to avoid over/underflow in the pre-add stage.
Related violations: <none>

REQP-1725#11 Advisory
DSP_Abus_sign_bit_alert  
crypto_soc_artyz7_i/crypto_engine_v1_0_0/inst/crypto_engine_v1_0_S00_AXI_inst/my_crypto_core_inst/u_prng/sawtooth_block[0].sawtooth_inst/add_2/inst/i_synth/ADDSUB_OP.ADDSUB/DSP.OP/DSP48E1_BODY.ALIGN_ADD/DSP2/i_no_versal_es1_workaround.DSP: When using the PreAdder and USE_DPORT is TRUE, the A operand should be restricted to 24 bit two's complement (and sign extended) to avoid over/underflow in the pre-add stage.
Related violations: <none>

REQP-1725#12 Advisory
DSP_Abus_sign_bit_alert  
crypto_soc_artyz7_i/crypto_engine_v1_0_0/inst/crypto_engine_v1_0_S00_AXI_inst/my_crypto_core_inst/u_prng/sawtooth_block[1].sawtooth_inst/add_1/inst/i_synth/ADDSUB_OP.ADDSUB/DSP.OP/DSP48E1_BODY.ALIGN_ADD/DSP2/i_no_versal_es1_workaround.DSP: When using the PreAdder and USE_DPORT is TRUE, the A operand should be restricted to 24 bit two's complement (and sign extended) to avoid over/underflow in the pre-add stage.
Related violations: <none>

REQP-1725#13 Advisory
DSP_Abus_sign_bit_alert  
crypto_soc_artyz7_i/crypto_engine_v1_0_0/inst/crypto_engine_v1_0_S00_AXI_inst/my_crypto_core_inst/u_prng/sawtooth_block[1].sawtooth_inst/add_2/inst/i_synth/ADDSUB_OP.ADDSUB/DSP.OP/DSP48E1_BODY.ALIGN_ADD/DSP2/i_no_versal_es1_workaround.DSP: When using the PreAdder and USE_DPORT is TRUE, the A operand should be restricted to 24 bit two's complement (and sign extended) to avoid over/underflow in the pre-add stage.
Related violations: <none>

REQP-1725#14 Advisory
DSP_Abus_sign_bit_alert  
crypto_soc_artyz7_i/crypto_engine_v1_0_0/inst/crypto_engine_v1_0_S00_AXI_inst/my_crypto_core_inst/u_prng/sawtooth_block[2].sawtooth_inst/add_1/inst/i_synth/ADDSUB_OP.ADDSUB/DSP.OP/DSP48E1_BODY.ALIGN_ADD/DSP2/i_no_versal_es1_workaround.DSP: When using the PreAdder and USE_DPORT is TRUE, the A operand should be restricted to 24 bit two's complement (and sign extended) to avoid over/underflow in the pre-add stage.
Related violations: <none>

REQP-1725#15 Advisory
DSP_Abus_sign_bit_alert  
crypto_soc_artyz7_i/crypto_engine_v1_0_0/inst/crypto_engine_v1_0_S00_AXI_inst/my_crypto_core_inst/u_prng/sawtooth_block[2].sawtooth_inst/add_2/inst/i_synth/ADDSUB_OP.ADDSUB/DSP.OP/DSP48E1_BODY.ALIGN_ADD/DSP2/i_no_versal_es1_workaround.DSP: When using the PreAdder and USE_DPORT is TRUE, the A operand should be restricted to 24 bit two's complement (and sign extended) to avoid over/underflow in the pre-add stage.
Related violations: <none>


