INFO: [VRFC 10-2263] Analyzing Verilog file "/home/vinhphat-josh/Repos/Chaos_Based_Symmetric_Image_Encryption/vivado/Chaos_Based_Symmetric_Image_Encryptio_arty_z7/Chaos_Based_Symmetric_Image_Encryptio_arty_z7.gen/sources_1/ip/floating_point_add/sim/floating_point_add.v" into library xil_defaultlib
INFO: [VRFC 10-311] analyzing module floating_point_add
INFO: [VRFC 10-2263] Analyzing Verilog file "/home/vinhphat-josh/Repos/Chaos_Based_Symmetric_Image_Encryption/vivado/Chaos_Based_Symmetric_Image_Encryptio_arty_z7/Chaos_Based_Symmetric_Image_Encryptio_arty_z7.gen/sources_1/ip/floating_point_mul/sim/floating_point_mul.v" into library xil_defaultlib
INFO: [VRFC 10-311] analyzing module floating_point_mul
INFO: [VRFC 10-2263] Analyzing Verilog file "/home/vinhphat-josh/Repos/Chaos_Based_Symmetric_Image_Encryption/vivado/Chaos_Based_Symmetric_Image_Encryptio_arty_z7/Chaos_Based_Symmetric_Image_Encryptio_arty_z7.gen/sources_1/ip/floating_point_div/sim/floating_point_div.v" into library xil_defaultlib
INFO: [VRFC 10-311] analyzing module floating_point_div
INFO: [VRFC 10-2263] Analyzing Verilog file "/home/vinhphat-josh/Repos/Chaos_Based_Symmetric_Image_Encryption/vivado/Chaos_Based_Symmetric_Image_Encryptio_arty_z7/Chaos_Based_Symmetric_Image_Encryptio_arty_z7.srcs/sources_1/imports/RTL/encryptor/CTR_mode_feistel_encrypt.v" into library xil_defaultlib
INFO: [VRFC 10-311] analyzing module CTR_feistel_encrypt
INFO: [VRFC 10-2263] Analyzing Verilog file "/home/vinhphat-josh/Repos/Chaos_Based_Symmetric_Image_Encryption/vivado/Chaos_Based_Symmetric_Image_Encryptio_arty_z7/Chaos_Based_Symmetric_Image_Encryptio_arty_z7.srcs/sources_1/imports/RTL/top/Crypto_Engine.v" into library xil_defaultlib
INFO: [VRFC 10-311] analyzing module crypto_engine_core
INFO: [VRFC 10-2263] Analyzing Verilog file "/home/vinhphat-josh/Repos/Chaos_Based_Symmetric_Image_Encryption/vivado/Chaos_Based_Symmetric_Image_Encryptio_arty_z7/Chaos_Based_Symmetric_Image_Encryptio_arty_z7.srcs/sources_1/imports/RTL/encryptor/F.v" into library xil_defaultlib
INFO: [VRFC 10-311] analyzing module F
INFO: [VRFC 10-2263] Analyzing Verilog file "/home/vinhphat-josh/Repos/Chaos_Based_Symmetric_Image_Encryption/vivado/Chaos_Based_Symmetric_Image_Encryptio_arty_z7/Chaos_Based_Symmetric_Image_Encryptio_arty_z7.srcs/sources_1/imports/RTL/PRNG/PRNG.v" into library xil_defaultlib
INFO: [VRFC 10-311] analyzing module PRNG
INFO: [VRFC 10-2263] Analyzing Verilog file "/home/vinhphat-josh/Repos/Chaos_Based_Symmetric_Image_Encryption/vivado/Chaos_Based_Symmetric_Image_Encryptio_arty_z7/Chaos_Based_Symmetric_Image_Encryptio_arty_z7.srcs/sources_1/imports/RTL/encryptor/addroundkey.v" into library xil_defaultlib
INFO: [VRFC 10-311] analyzing module addroundkey
INFO: [VRFC 10-2263] Analyzing Verilog file "/home/vinhphat-josh/Repos/Chaos_Based_Symmetric_Image_Encryption/vivado/Chaos_Based_Symmetric_Image_Encryptio_arty_z7/Chaos_Based_Symmetric_Image_Encryptio_arty_z7.srcs/sources_1/imports/RTL/PRNG/affine_transform.v" into library xil_defaultlib
INFO: [VRFC 10-311] analyzing module affine_transform
INFO: [VRFC 10-2263] Analyzing Verilog file "/home/vinhphat-josh/Repos/Chaos_Based_Symmetric_Image_Encryption/vivado/Chaos_Based_Symmetric_Image_Encryptio_arty_z7/Chaos_Based_Symmetric_Image_Encryptio_arty_z7.srcs/sources_1/imports/hdl/chaos_cryptor_v1_0.v" into library xil_defaultlib
INFO: [VRFC 10-311] analyzing module crypto_engine_v1_0
INFO: [VRFC 10-2263] Analyzing Verilog file "/home/vinhphat-josh/Repos/Chaos_Based_Symmetric_Image_Encryption/vivado/Chaos_Based_Symmetric_Image_Encryptio_arty_z7/Chaos_Based_Symmetric_Image_Encryptio_arty_z7.srcs/sources_1/imports/hdl/chaos_cryptor_v1_0_S00_AXI.v" into library xil_defaultlib
INFO: [VRFC 10-311] analyzing module crypto_engine_v1_0_S00_AXI
INFO: [VRFC 10-2263] Analyzing Verilog file "/home/vinhphat-josh/Repos/Chaos_Based_Symmetric_Image_Encryption/vivado/Chaos_Based_Symmetric_Image_Encryptio_arty_z7/Chaos_Based_Symmetric_Image_Encryptio_arty_z7.srcs/sources_1/imports/RTL/Sbox_generator/extractor.v" into library xil_defaultlib
INFO: [VRFC 10-311] analyzing module extractor
INFO: [VRFC 10-2263] Analyzing Verilog file "/home/vinhphat-josh/Repos/Chaos_Based_Symmetric_Image_Encryption/vivado/Chaos_Based_Symmetric_Image_Encryptio_arty_z7/Chaos_Based_Symmetric_Image_Encryptio_arty_z7.srcs/sources_1/imports/RTL/encryptor/feistel_encrypt.v" into library xil_defaultlib
INFO: [VRFC 10-311] analyzing module feistel_encrypt
INFO: [VRFC 10-2263] Analyzing Verilog file "/home/vinhphat-josh/Repos/Chaos_Based_Symmetric_Image_Encryption/vivado/Chaos_Based_Symmetric_Image_Encryptio_arty_z7/Chaos_Based_Symmetric_Image_Encryptio_arty_z7.srcs/sources_1/imports/RTL/Key_generator/key_generator.v" into library xil_defaultlib
INFO: [VRFC 10-311] analyzing module key_generator
INFO: [VRFC 10-2263] Analyzing Verilog file "/home/vinhphat-josh/Repos/Chaos_Based_Symmetric_Image_Encryption/vivado/Chaos_Based_Symmetric_Image_Encryptio_arty_z7/Chaos_Based_Symmetric_Image_Encryptio_arty_z7.srcs/sources_1/imports/RTL/encryptor/mixcolumns.v" into library xil_defaultlib
INFO: [VRFC 10-311] analyzing module mixcolumns
INFO: [VRFC 10-2263] Analyzing Verilog file "/home/vinhphat-josh/Repos/Chaos_Based_Symmetric_Image_Encryption/vivado/Chaos_Based_Symmetric_Image_Encryptio_arty_z7/Chaos_Based_Symmetric_Image_Encryptio_arty_z7.srcs/sources_1/imports/RTL/Sbox_generator/mixer.v" into library xil_defaultlib
INFO: [VRFC 10-311] analyzing module mixer
INFO: [VRFC 10-2263] Analyzing Verilog file "/home/vinhphat-josh/Repos/Chaos_Based_Symmetric_Image_Encryption/vivado/Chaos_Based_Symmetric_Image_Encryptio_arty_z7/Chaos_Based_Symmetric_Image_Encryptio_arty_z7.srcs/sources_1/imports/RTL/PRNG/sawtooth.v" into library xil_defaultlib
INFO: [VRFC 10-311] analyzing module sawtooth
INFO: [VRFC 10-2263] Analyzing Verilog file "/home/vinhphat-josh/Repos/Chaos_Based_Symmetric_Image_Encryption/vivado/Chaos_Based_Symmetric_Image_Encryptio_arty_z7/Chaos_Based_Symmetric_Image_Encryptio_arty_z7.srcs/sources_1/imports/RTL/Sbox_generator/sbox_generator.v" into library xil_defaultlib
INFO: [VRFC 10-311] analyzing module sbox_generator
INFO: [VRFC 10-2263] Analyzing Verilog file "/home/vinhphat-josh/Repos/Chaos_Based_Symmetric_Image_Encryption/vivado/Chaos_Based_Symmetric_Image_Encryptio_arty_z7/Chaos_Based_Symmetric_Image_Encryptio_arty_z7.srcs/sources_1/imports/RTL/encryptor/shiftrows.v" into library xil_defaultlib
INFO: [VRFC 10-311] analyzing module shiftrows
INFO: [VRFC 10-2263] Analyzing Verilog file "/home/vinhphat-josh/Repos/Chaos_Based_Symmetric_Image_Encryption/vivado/Chaos_Based_Symmetric_Image_Encryptio_arty_z7/Chaos_Based_Symmetric_Image_Encryptio_arty_z7.srcs/sources_1/imports/RTL/encryptor/subbytes.v" into library xil_defaultlib
INFO: [VRFC 10-311] analyzing module subbytes
