Copyright 1986-2022 Xilinx, Inc. All Rights Reserved. Copyright 2022-2023 Advanced Micro Devices, Inc. All Rights Reserved.
---------------------------------------------------------------------------------------------------------------------------------------------
| Tool Version : Vivado v.2023.2 (lin64) Build 4029153 Fri Oct 13 20:13:54 MDT 2023
| Date         : Fri Mar 27 14:20:58 2026
| Host         : ubuntu running 64-bit Ubuntu 24.04.3 LTS
| Command      : upgrade_ip
| Device       : xc7z020clg400-1
---------------------------------------------------------------------------------------------------------------------------------------------

Upgrade Log for IP 'crypto_soc_artyz7_crypto_engine_v1_0_0_4'

1. Summary
----------

SUCCESS in the update of crypto_soc_artyz7_crypto_engine_v1_0_0_4 (user.org:user:crypto_engine_v1_0:1.0 (Rev. 3)) to current project options.






Copyright 1986-2022 Xilinx, Inc. All Rights Reserved. Copyright 2022-2023 Advanced Micro Devices, Inc. All Rights Reserved.
---------------------------------------------------------------------------------------------------------------------------------------------
| Tool Version : Vivado v.2023.2 (lin64) Build 4029153 Fri Oct 13 20:13:54 MDT 2023
| Date         : Thu Mar 26 14:48:39 2026
| Host         : ubuntu running 64-bit Ubuntu 24.04.3 LTS
| Command      : upgrade_ip
| Device       : xc7z020clg400-1
---------------------------------------------------------------------------------------------------------------------------------------------

Upgrade Log for IP 'crypto_soc_artyz7_crypto_engine_v1_0_0_3'

1. Summary
----------

SUCCESS in the upgrade of crypto_soc_artyz7_crypto_engine_v1_0_0_3 (user.org:user:crypto_engine_v1_0:2.0) from (Rev. 2) to (Rev. 3)

