/de_dut/feistel_decrypt_u/feistel_encrypt__GCBM0:4159804931
/de_dut/feistel_decrypt_u/ROUND_LOOP[3].f_inst/u_sub/subbytes__GBM1:3899150114
/en_dut/feistel_encrypt_u/ROUND_LOOP[1].f_inst/F__GC0:3384195091
/de_dut/CTR_feistel_decrypt__GC0:3272002686
/de_dut/feistel_decrypt_u/ROUND_LOOP[2].f_inst/u_sub/subbytes__GBM0:2674884532
/en_dut/feistel_encrypt_u/ROUND_LOOP[2].f_inst/u_sub/subbytes__GBM0:2674884532
/de_dut/feistel_decrypt_u/ROUND_LOOP[0].f_inst/u_sub/subbytes__GBM1:3899150114
/en_dut/feistel_encrypt_u/ROUND_LOOP[4].f_inst/u_sub/subbytes__GBM1:3899150114
/dut/key_generator__GC0:867410814
/de_dut/feistel_decrypt_u/ROUND_LOOP[2].f_inst/F__GC0:3384195091
/de_dut/feistel_decrypt_u/ROUND_LOOP[4].f_inst/u_sub/subbytes__GBM0:2674884532
/de_dut/feistel_decrypt_u/ROUND_LOOP[4].f_inst/u_sub/subbytes__GBM1:3899150114
/de_dut/feistel_decrypt_u/ROUND_LOOP[3].f_inst/F__GC0:3384195091
/en_dut/CTR_feistel_encrypt__GC0:2072119125
/de_dut/feistel_decrypt_u/feistel_encrypt__GCBM1:2163648149
/sbox_generator_u:1401254552
/de_dut/feistel_decrypt_u/ROUND_LOOP[2].f_inst/u_sub/subbytes__GBM1:3899150114
/en_dut/feistel_encrypt_u/ROUND_LOOP[0].f_inst/F__GC0:3384195091
/dut/u_sub/subbytes__GBM1:3899150114
/en_dut/feistel_encrypt_u/ROUND_LOOP[0].f_inst/u_sub/subbytes__GBM1:3899150114
/de_dut/feistel_decrypt_u/ROUND_LOOP[0].f_inst/u_sub/subbytes__GBM0:2674884532
/en_dut/feistel_encrypt_u/ROUND_LOOP[3].f_inst/F__GC0:3384195091
/de_dut/feistel_decrypt_u/ROUND_LOOP[1].f_inst/u_sub/subbytes__GBM0:2674884532
/dut/u_sub/subbytes__GBM0:2674884532
/de_dut/feistel_decrypt_u/ROUND_LOOP[1].f_inst/F__GC0:3384195091
/en_dut/feistel_encrypt_u/ROUND_LOOP[1].f_inst/u_sub/subbytes__GBM1:3899150114
/de_dut/feistel_decrypt_u/ROUND_LOOP[4].f_inst/F__GC0:3384195091
/en_dut/feistel_encrypt_u/ROUND_LOOP[2].f_inst/u_sub/subbytes__GBM1:3899150114
/en_dut/feistel_encrypt_u/feistel_encrypt__GCBM1:2163648149
/en_dut/feistel_encrypt_u/feistel_encrypt__GCBM0:4159804931
/top__GCB0:2046249029
/de_dut/feistel_decrypt_u/ROUND_LOOP[3].f_inst/u_sub/subbytes__GBM0:2674884532
/en_dut/feistel_encrypt_u/ROUND_LOOP[2].f_inst/F__GC0:3384195091
/en_dut/feistel_encrypt_u/ROUND_LOOP[1].f_inst/u_sub/subbytes__GBM0:2674884532
/en_dut/feistel_encrypt_u/ROUND_LOOP[4].f_inst/u_sub/subbytes__GBM0:2674884532
/de_dut/feistel_decrypt_u/ROUND_LOOP[1].f_inst/u_sub/subbytes__GBM1:3899150114
/en_dut/feistel_encrypt_u/ROUND_LOOP[4].f_inst/F__GC0:3384195091
/en_dut/feistel_encrypt_u/ROUND_LOOP[0].f_inst/u_sub/subbytes__GBM0:2674884532
/de_dut/feistel_decrypt_u/ROUND_LOOP[0].f_inst/F__GC0:3384195091
/en_dut/feistel_encrypt_u/ROUND_LOOP[3].f_inst/u_sub/subbytes__GBM1:3899150114
/en_dut/feistel_encrypt_u/ROUND_LOOP[3].f_inst/u_sub/subbytes__GBM0:2674884532
