Vivado Simulator v2023.2
Copyright 1986-2022 Xilinx, Inc. All Rights Reserved.
Copyright 2022-2023 Advanced Micro Devices, Inc. All Rights Reserved.
Running: /tools/Xilinx/Vivado/2023.2/bin/unwrapped/lnx64.o/xelab --incr --debug typical --relax --mt 8 -L xil_defaultlib -L uvm -L unisims_ver -L unimacro_ver -L secureip -L xpm --snapshot PRNG_tb_behav xil_defaultlib.PRNG_tb xil_defaultlib.glbl -log elaborate.log 
Using 8 slave threads.
Starting static elaboration
Pass Through NonSizing Optimizer
Completed static elaboration
Starting simulation data flow analysis
Completed simulation data flow analysis
Time Resolution for simulation is 1ps
Compiling module unisims_ver.GND
Compiling module unisims_ver.x_lut2_mux4
Compiling module unisims_ver.LUT2
Compiling module unisims_ver.LUT5
Compiling module unisims_ver.LUT4
Compiling module unisims_ver.FDRE_default
Compiling module unisims_ver.LUT6
Compiling module unisims_ver.CARRY8
Compiling module unisims_ver.x_lut3_mux8
Compiling module unisims_ver.LUT3
Compiling module unisims_ver.DSP48E2(USE_PATTERN_DETECT="PATD...
Compiling module unisims_ver.DSP48E2(A_INPUT="CASCADE",USE_PA...
Compiling module unisims_ver.x_lut1_mux2
Compiling module unisims_ver.LUT1
Compiling module unisims_ver.DSP48E2(USE_MULT="NONE")
Compiling module unisims_ver.SRL16E_default
Compiling module xil_defaultlib.floating_point_mul
Compiling module unisims_ver.SRLC32E_default
Compiling module unisims_ver.FDSE(INIT=1'b0)
Compiling module xil_defaultlib.floating_point_div
Compiling module unisims_ver.DSP48E2(AMULTSEL="AD",USE_PATTER...
Compiling module unisims_ver.VCC
Compiling module unisims_ver.DSP48E2
Compiling module xil_defaultlib.floating_point_add
Compiling module xil_defaultlib.sawtooth
Compiling module xil_defaultlib.affine_transform_default
Compiling module xil_defaultlib.PRNG_default
Compiling module xil_defaultlib.PRNG_tb
Compiling module xil_defaultlib.glbl
Built simulation snapshot PRNG_tb_behav
